Archive member included to satisfy reference by file (symbol)

/home/arduino/ArduinoApps/detect-objects-to-sketch/.cache/sketch/core/core.a(abi.cpp.o)
                              /home/arduino/ArduinoApps/detect-objects-to-sketch/.cache/sketch/sketch/sketch.ino.cpp.o (std::__throw_length_error(char const*))
/home/arduino/ArduinoApps/detect-objects-to-sketch/.cache/sketch/core/core.a(Print.cpp.o)
                              /home/arduino/ArduinoApps/detect-objects-to-sketch/.cache/sketch/sketch/sketch.ino.cpp.o (arduino::Print::print(arduino::String const&))
/home/arduino/ArduinoApps/detect-objects-to-sketch/.cache/sketch/core/core.a(Stream.cpp.o)
                              /home/arduino/ArduinoApps/detect-objects-to-sketch/.cache/sketch/sketch/sketch.ino.cpp.o (arduino::Stream::setTimeout(unsigned long))
/home/arduino/ArduinoApps/detect-objects-to-sketch/.cache/sketch/core/core.a(String.cpp.o)
                              /home/arduino/ArduinoApps/detect-objects-to-sketch/.cache/sketch/sketch/sketch.ino.cpp.o (arduino::String::String(arduino::String&&))
/home/arduino/ArduinoApps/detect-objects-to-sketch/.cache/sketch/core/core.a(itoa.cpp.o)
                              /home/arduino/ArduinoApps/detect-objects-to-sketch/.cache/sketch/core/core.a(String.cpp.o) (dtostrf)
/home/arduino/ArduinoApps/detect-objects-to-sketch/.cache/sketch/core/core.a(main.cpp.o)
                              (main)
/home/arduino/ArduinoApps/detect-objects-to-sketch/.cache/sketch/core/core.a(new.cpp.o)
                              /home/arduino/ArduinoApps/detect-objects-to-sketch/.cache/sketch/sketch/sketch.ino.cpp.o (operator new(unsigned int))
/home/arduino/ArduinoApps/detect-objects-to-sketch/.cache/sketch/core/core.a(threads.cpp.o)
                              /home/arduino/ArduinoApps/detect-objects-to-sketch/.cache/sketch/core/core.a(main.cpp.o) (start_static_threads())
/home/arduino/ArduinoApps/detect-objects-to-sketch/.cache/sketch/core/core.a(zephyrCommon.cpp.o)
                              /home/arduino/ArduinoApps/detect-objects-to-sketch/.cache/sketch/sketch/sketch.ino.cpp.o (pinMode)
/home/arduino/ArduinoApps/detect-objects-to-sketch/.cache/sketch/core/core.a(zephyrSerial.cpp.o)
                              /home/arduino/ArduinoApps/detect-objects-to-sketch/.cache/sketch/sketch/sketch.ino.cpp.o (Serial1)
/home/arduino/ArduinoApps/detect-objects-to-sketch/.cache/sketch/core/core.a(Common.cpp.o)
                              /home/arduino/ArduinoApps/detect-objects-to-sketch/.cache/sketch/core/core.a(zephyrCommon.cpp.o) (map(long, long, long, long, long))

Discarded input sections

 .group         0x0000000000000000        0x8 /home/arduino/ArduinoApps/detect-objects-to-sketch/.cache/sketch/sketch/sketch.ino.cpp.o
 .group         0x0000000000000000        0x8 /home/arduino/ArduinoApps/detect-objects-to-sketch/.cache/sketch/sketch/sketch.ino.cpp.o
 .group         0x0000000000000000        0x8 /home/arduino/ArduinoApps/detect-objects-to-sketch/.cache/sketch/sketch/sketch.ino.cpp.o
 .group         0x0000000000000000        0x8 /home/arduino/ArduinoApps/detect-objects-to-sketch/.cache/sketch/sketch/sketch.ino.cpp.o
 .group         0x0000000000000000       0x10 /home/arduino/ArduinoApps/detect-objects-to-sketch/.cache/sketch/sketch/sketch.ino.cpp.o
 .group         0x0000000000000000        0x8 /home/arduino/ArduinoApps/detect-objects-to-sketch/.cache/sketch/sketch/sketch.ino.cpp.o
 .group         0x0000000000000000       0x24 /home/arduino/ArduinoApps/detect-objects-to-sketch/.cache/sketch/sketch/sketch.ino.cpp.o
 .group         0x0000000000000000        0xc /home/arduino/ArduinoApps/detect-objects-to-sketch/.cache/sketch/sketch/sketch.ino.cpp.o
 .group         0x0000000000000000        0xc /home/arduino/ArduinoApps/detect-objects-to-sketch/.cache/sketch/sketch/sketch.ino.cpp.o
 .group         0x0000000000000000        0xc /home/arduino/ArduinoApps/detect-objects-to-sketch/.cache/sketch/sketch/sketch.ino.cpp.o
 .group         0x0000000000000000        0xc /home/arduino/ArduinoApps/detect-objects-to-sketch/.cache/sketch/sketch/sketch.ino.cpp.o
 .group         0x0000000000000000        0xc /home/arduino/ArduinoApps/detect-objects-to-sketch/.cache/sketch/sketch/sketch.ino.cpp.o
 .group         0x0000000000000000        0xc /home/arduino/ArduinoApps/detect-objects-to-sketch/.cache/sketch/sketch/sketch.ino.cpp.o
 .group         0x0000000000000000        0x8 /home/arduino/ArduinoApps/detect-objects-to-sketch/.cache/sketch/sketch/sketch.ino.cpp.o
 .group         0x0000000000000000       0x14 /home/arduino/ArduinoApps/detect-objects-to-sketch/.cache/sketch/sketch/sketch.ino.cpp.o
 .group         0x0000000000000000        0x8 /home/arduino/ArduinoApps/detect-objects-to-sketch/.cache/sketch/sketch/sketch.ino.cpp.o
 .group         0x0000000000000000        0x8 /home/arduino/ArduinoApps/detect-objects-to-sketch/.cache/sketch/sketch/sketch.ino.cpp.o
[...]
Memory Configuration

Name             Origin             Length             Attributes
*default*        0x0000000000000000 0xffffffffffffffff

Linker script and memory map

LOAD /home/arduino/.arduino15/packages/zephyr/tools/arm-zephyr-eabi/0.16.8/bin/../lib/gcc/../../picolibc/arm-zephyr-eabi/lib/thumb/v8-m.main+fp/hard/libstdc++.a
LOAD /home/arduino/.arduino15/packages/zephyr/tools/arm-zephyr-eabi/0.16.8/bin/../lib/gcc/../../picolibc/arm-zephyr-eabi/lib/thumb/v8-m.main+fp/hard/libsupc++.a
LOAD /home/arduino/.arduino15/packages/zephyr/tools/arm-zephyr-eabi/0.16.8/bin/../lib/gcc/arm-zephyr-eabi/12.2.0/../../../../arm-zephyr-eabi/lib/thumb/v8-m.main+fp/hard/libnosys.a
LOAD /home/arduino/ArduinoApps/detect-objects-to-sketch/.cache/sketch/sketch/sketch.ino.cpp.o
LOAD /home/arduino/ArduinoApps/detect-objects-to-sketch/.cache/sketch/core/analogReference.cpp.o
START GROUP
LOAD /home/arduino/ArduinoApps/detect-objects-to-sketch/.cache/sketch/core/core.a
LOAD /home/arduino/.arduino15/packages/zephyr/tools/arm-zephyr-eabi/0.16.8/bin/../lib/gcc/../../picolibc/arm-zephyr-eabi/lib/thumb/v8-m.main+fp/hard/libstdc++.a
LOAD /home/arduino/.arduino15/packages/zephyr/tools/arm-zephyr-eabi/0.16.8/bin/../lib/gcc/../../picolibc/arm-zephyr-eabi/lib/thumb/v8-m.main+fp/hard/libsupc++.a
END GROUP

/DISCARD/
 *(.ARM.attributes)
 *(.ARM.attributes.*)
 *(.ARM.exidx)
 *(.ARM.exidx.*)
 *(.ARM.extidx)
 *(.ARM.extidx.*)
 *(.ARM.extab)
 *(.ARM.extab.*)
 *(.comment)
 *(.comment.*)
 *(.llvmbc)
 *(.llvmcmd)
 *(.eh_frame)
 *stdexcept.o()
 *eh_*.o()
 *cow-stdexcept.o()
 *functexcept.o()
 *cow-string-inst.o()

.text           0x0000000000000000     0x47f4
 *(.text)
 *(.stub)
 *(.text*)
 .text._ZN7arduino5Print17availableForWriteEv
                0x0000000000000000        0x4 /home/arduino/ArduinoApps/detect-objects-to-sketch/.cache/sketch/sketch/sketch.ino.cpp.o
                0x0000000000000000                arduino::Print::availableForWrite()
 .text._ZN7arduino5Print5flushEv
                0x0000000000000004        0x2 /home/arduino/ArduinoApps/detect-objects-to-sketch/.cache/sketch/sketch/sketch.ino.cpp.o
                0x0000000000000004                arduino::Print::flush()
 .text._ZN15SerialTransport9availableEv
                0x0000000000000006       0x12 /home/arduino/ArduinoApps/detect-objects-to-sketch/.cache/sketch/sketch/sketch.ino.cpp.o
                0x0000000000000006                SerialTransport::available()
 .text._ZN15SerialTransport5writeEPKhj
                0x0000000000000018       0x10 /home/arduino/ArduinoApps/detect-objects-to-sketch/.cache/sketch/sketch/sketch.ino.cpp.o
                0x0000000000000018                SerialTransport::write(unsigned char const*, unsigned int)
 .text._ZN15SerialTransportD2Ev
                0x0000000000000028        0x2 /home/arduino/ArduinoApps/detect-objects-to-sketch/.cache/sketch/sketch/sketch.ino.cpp.o
                0x0000000000000028                SerialTransport::~SerialTransport()
                0x0000000000000028                SerialTransport::~SerialTransport()
 .text._ZN13BridgeMonitorILj512EE5writeEh
                0x000000000000002a       0x18 /home/arduino/ArduinoApps/detect-objects-to-sketch/.cache/sketch/sketch/sketch.ino.cpp.o
                0x000000000000002a                BridgeMonitor<512u>::write(unsigned char)
 *fill*         0x0000000000000042        0x2 
 .text.k_yield  0x0000000000000044        0x8 /home/arduino/ArduinoApps/detect-objects-to-sketch/.cache/sketch/sketch/sketch.ino.cpp.o
 .text.__tcf_1  0x000000000000004c       0x10 /home/arduino/ArduinoApps/detect-objects-to-sketch/.cache/sketch/sketch/sketch.ino.cpp.o
 .text._ZN15SerialTransportD0Ev
                0x000000000000005c       0x14 /home/arduino/ArduinoApps/detect-objects-to-sketch/.cache/sketch/sketch/sketch.ino.cpp.o
                0x000000000000005c                SerialTransport::~SerialTransport()
 .text._ZN15SerialTransport4readEPhj
                0x0000000000000070       0x28 /home/arduino/ArduinoApps/detect-objects-to-sketch/.cache/sketch/sketch/sketch.ino.cpp.o
                0x0000000000000070                SerialTransport::read(unsigned char*, unsigned int)
 .text._ZN15SerialTransport9read_byteERh
                0x0000000000000098       0x20 /home/arduino/ArduinoApps/detect-objects-to-sketch/.cache/sketch/sketch/sketch.ino.cpp.o
                0x0000000000000098                SerialTransport::read_byte(unsigned char&)
 .text.k_mutex_lock
                0x00000000000000b8        0x8 /home/arduino/ArduinoApps/detect-objects-to-sketch/.cache/sketch/sketch/sketch.ino.cpp.o
 .text._Z9detectionN7arduino6StringE
                0x00000000000000c0       0x5c /home/arduino/ArduinoApps/detect-objects-to-sketch/.cache/sketch/sketch/sketch.ino.cpp.o
                0x00000000000000c0                detection(arduino::String)
 .text._ZNSt17_Function_handlerIFvN7arduino6StringEEPS2_E10_M_managerERSt9_Any_dataRKS5_St18_Manager_operation
                0x000000000000011c       0x30 /home/arduino/ArduinoApps/detect-objects-to-sketch/.cache/sketch/sketch/sketch.ino.cpp.o
                0x000000000000011c                std::_Function_handler<void (arduino::String), void (*)(arduino::String)>::_M_manager(std::_Any_data&, std::_Any_data const&, std::_Manager_operation)
 .text._ZNSt17_Function_handlerIFvN7arduino6StringEEPS2_E9_M_invokeERKSt9_Any_dataOS1_
                0x000000000000014c       0x20 /home/arduino/ArduinoApps/detect-objects-to-sketch/.cache/sketch/sketch/sketch.ino.cpp.o
                0x000000000000014c                std::_Function_handler<void (arduino::String), void (*)(arduino::String)>::_M_invoke(std::_Any_data const&, arduino::String&&)
 .text._ZSt14__relocate_a_1IhhENSt9enable_ifIXsrSt24__is_bitwise_relocatableIT_vE5valueEPS2_E4typeES4_S4_S4_RSaIT0_E.isra.0
                0x000000000000016c       0x20 /home/arduino/ArduinoApps/detect-objects-to-sketch/.cache/sketch/sketch/sketch.ino.cpp.o
 .text._ZNSt12_Vector_baseIhSaIhEE11_M_allocateEj.isra.0
                0x000000000000018c       0x20 /home/arduino/ArduinoApps/detect-objects-to-sketch/.cache/sketch/sketch/sketch.ino.cpp.o
 .text.k_mutex_unlock.isra.0
                0x00000000000001ac        0x8 /home/arduino/ArduinoApps/detect-objects-to-sketch/.cache/sketch/sketch/sketch.ino.cpp.o
 .text._ZN13BridgeMonitorILj512EE4readEv
                0x00000000000001b4       0x64 /home/arduino/ArduinoApps/detect-objects-to-sketch/.cache/sketch/sketch/sketch.ino.cpp.o
                0x00000000000001b4                BridgeMonitor<512u>::read()
 .text._ZN13BridgeMonitorILj512EE4peekEv
                0x0000000000000218       0x44 /home/arduino/ArduinoApps/detect-objects-to-sketch/.cache/sketch/sketch/sketch.ino.cpp.o
                0x0000000000000218                BridgeMonitor<512u>::peek()
 .text.k_msleep.constprop.0.isra.0
                0x000000000000025c        0xc /home/arduino/ArduinoApps/detect-objects-to-sketch/.cache/sketch/sketch/sketch.ino.cpp.o
 .text._ZNSt14_Function_baseD2Ev
                0x0000000000000268       0x12 /home/arduino/ArduinoApps/detect-objects-to-sketch/.cache/sketch/sketch/sketch.ino.cpp.o
                0x0000000000000268                std::_Function_base::~_Function_base()
                0x0000000000000268                std::_Function_base::~_Function_base()
 *fill*         0x000000000000027a        0x2 
 .text._ZN18RpcFunctionWrapperISt8functionIFvN7arduino6StringEEEED2Ev
                0x000000000000027c       0x1c /home/arduino/ArduinoApps/detect-objects-to-sketch/.cache/sketch/sketch/sketch.ino.cpp.o
                0x000000000000027c                RpcFunctionWrapper<std::function<void (arduino::String)> >::~RpcFunctionWrapper()
                0x000000000000027c                RpcFunctionWrapper<std::function<void (arduino::String)> >::~RpcFunctionWrapper()
 .text._ZN18RpcFunctionWrapperISt8functionIFvN7arduino6StringEEEED0Ev
                0x0000000000000298       0x1c /home/arduino/ArduinoApps/detect-objects-to-sketch/.cache/sketch/sketch/sketch.ino.cpp.o
                0x0000000000000298                RpcFunctionWrapper<std::function<void (arduino::String)> >::~RpcFunctionWrapper()
 .text._ZN7arduino7msgpack8Unpacker11deserializeEv
                0x00000000000002b4       0x16 /home/arduino/ArduinoApps/detect-objects-to-sketch/.cache/sketch/sketch/sketch.ino.cpp.o
                0x00000000000002b4                arduino::msgpack::Unpacker::deserialize()
 .text._ZN7arduino7msgpack8Unpacker5clearEv
                0x00000000000002ca       0x14 /home/arduino/ArduinoApps/detect-objects-to-sketch/.cache/sketch/sketch/sketch.ino.cpp.o
                0x00000000000002ca                arduino::msgpack::Unpacker::clear()
 .text._ZNK7arduino7msgpack8Unpacker13getRawBytePtrEjj
                0x00000000000002de       0x1e /home/arduino/ArduinoApps/detect-objects-to-sketch/.cache/sketch/sketch/sketch.ino.cpp.o
                0x00000000000002de                arduino::msgpack::Unpacker::getRawBytePtr(unsigned int, unsigned int) const
 .text._ZN8RpcErrorC2Ev
                0x00000000000002fc       0x2c /home/arduino/ArduinoApps/detect-objects-to-sketch/.cache/sketch/sketch/sketch.ino.cpp.o
                0x00000000000002fc                RpcError::RpcError()
                0x00000000000002fc                RpcError::RpcError()
 .text._ZN7arduino7msgpack8UnpackerC2Ev
                0x0000000000000328       0x10 /home/arduino/ArduinoApps/detect-objects-to-sketch/.cache/sketch/sketch/sketch.ino.cpp.o
                0x0000000000000328                arduino::msgpack::Unpacker::Unpacker()
                0x0000000000000328                arduino::msgpack::Unpacker::Unpacker()
 .text._ZN10RPCRequestILj256EEC2Ev
                0x0000000000000338       0x4c /home/arduino/ArduinoApps/detect-objects-to-sketch/.cache/sketch/sketch/sketch.ino.cpp.o
                0x0000000000000338                RPCRequest<256u>::RPCRequest()
                0x0000000000000338                RPCRequest<256u>::RPCRequest()
 .text.loop     0x0000000000000384       0x40 /home/arduino/ArduinoApps/detect-objects-to-sketch/.cache/sketch/sketch/sketch.ino.cpp.o
                0x0000000000000384                loop
 .text._ZNSt12_Vector_baseIhSaIhEED2Ev
                0x00000000000003c4       0x18 /home/arduino/ArduinoApps/detect-objects-to-sketch/.cache/sketch/sketch/sketch.ino.cpp.o
                0x00000000000003c4                std::_Vector_base<unsigned char, std::allocator<unsigned char> >::~_Vector_base()
                0x00000000000003c4                std::_Vector_base<unsigned char, std::allocator<unsigned char> >::~_Vector_base()
 .text.__tcf_3  0x00000000000003dc       0x14 /home/arduino/ArduinoApps/detect-objects-to-sketch/.cache/sketch/sketch/sketch.ino.cpp.o
 .text.__tcf_2  0x00000000000003f0       0x14 /home/arduino/ArduinoApps/detect-objects-to-sketch/.cache/sketch/sketch/sketch.ino.cpp.o
 .text._ZNSt6vectorIhSaIhEE14_M_move_assignEOS1_St17integral_constantIbLb1EE.isra.0
                0x0000000000000404       0x34 /home/arduino/ArduinoApps/detect-objects-to-sketch/.cache/sketch/sketch/sketch.ino.cpp.o
 .text._ZNK7arduino7msgpack8Unpacker11getRawBytesIhEET_jj
                0x0000000000000438       0x1e /home/arduino/ArduinoApps/detect-objects-to-sketch/.cache/sketch/sketch/sketch.ino.cpp.o
                0x0000000000000438                unsigned char arduino::msgpack::Unpacker::getRawBytes<unsigned char>(unsigned int, unsigned int) const
 *fill*         0x0000000000000456        0x2 
 .text._ZNK7arduino7msgpack8Unpacker7getTypeEj
                0x0000000000000458       0x58 /home/arduino/ArduinoApps/detect-objects-to-sketch/.cache/sketch/sketch/sketch.ino.cpp.o
                0x0000000000000458                arduino::msgpack::Unpacker::getType(unsigned int) const
 .text._ZNK7arduino7msgpack8Unpacker7getTypeEv
                0x00000000000004b0       0x10 /home/arduino/ArduinoApps/detect-objects-to-sketch/.cache/sketch/sketch/sketch.ino.cpp.o
                0x00000000000004b0                arduino::msgpack::Unpacker::getType() const
 .text._ZN7arduino7msgpack8Unpacker11unpackInt32Ev
                0x00000000000004c0       0x58 /home/arduino/ArduinoApps/detect-objects-to-sketch/.cache/sketch/sketch/sketch.ino.cpp.o
                0x00000000000004c0                arduino::msgpack::Unpacker::unpackInt32()
 .text._ZN7arduino7msgpack8Unpacker11unpackInt64Ev
                0x0000000000000518       0x60 /home/arduino/ArduinoApps/detect-objects-to-sketch/.cache/sketch/sketch/sketch.ino.cpp.o
                0x0000000000000518                arduino::msgpack::Unpacker::unpackInt64()
 .text._ZN7arduino7msgpack8Unpacker9unpackNilEv
                0x0000000000000578       0x3c /home/arduino/ArduinoApps/detect-objects-to-sketch/.cache/sketch/sketch/sketch.ino.cpp.o
                0x0000000000000578                arduino::msgpack::Unpacker::unpackNil()
 .text._ZNK7arduino7msgpack8Unpacker7isArrayEv
                0x00000000000005b4       0x20 /home/arduino/ArduinoApps/detect-objects-to-sketch/.cache/sketch/sketch/sketch.ino.cpp.o
                0x00000000000005b4                arduino::msgpack::Unpacker::isArray() const
 .text._ZNK7arduino7msgpack8Unpacker5isStrEv
                0x00000000000005d4       0x20 /home/arduino/ArduinoApps/detect-objects-to-sketch/.cache/sketch/sketch/sketch.ino.cpp.o
                0x00000000000005d4                arduino::msgpack::Unpacker::isStr() const
 .text._ZNK7arduino7msgpack8Unpacker5isMapEv
                0x00000000000005f4       0x20 /home/arduino/ArduinoApps/detect-objects-to-sketch/.cache/sketch/sketch/sketch.ino.cpp.o
                0x00000000000005f4                arduino::msgpack::Unpacker::isMap() const
 .text._ZNK7arduino7msgpack8Unpacker6isUIntEv
                0x0000000000000614       0x20 /home/arduino/ArduinoApps/detect-objects-to-sketch/.cache/sketch/sketch/sketch.ino.cpp.o
                0x0000000000000614                arduino::msgpack::Unpacker::isUInt() const
 .text._ZNK7arduino7msgpack8Unpacker5isIntEv
                0x0000000000000634       0x20 /home/arduino/ArduinoApps/detect-objects-to-sketch/.cache/sketch/sketch/sketch.ino.cpp.o
                0x0000000000000634                arduino::msgpack::Unpacker::isInt() const
 .text._ZN7arduino7msgpack8Unpacker13unpackFloat32Ev
                0x0000000000000654       0x60 /home/arduino/ArduinoApps/detect-objects-to-sketch/.cache/sketch/sketch/sketch.ino.cpp.o
                0x0000000000000654                arduino::msgpack::Unpacker::unpackFloat32()
 .text._ZN7arduino7msgpack8Unpacker11unpackInt16Ev
                0x00000000000006b4       0x4c /home/arduino/ArduinoApps/detect-objects-to-sketch/.cache/sketch/sketch/sketch.ino.cpp.o
                0x00000000000006b4                arduino::msgpack::Unpacker::unpackInt16()
 .text._ZN7arduino7msgpack8Unpacker13unpackFloat64Ev
                0x0000000000000700       0x6c /home/arduino/ArduinoApps/detect-objects-to-sketch/.cache/sketch/sketch/sketch.ino.cpp.o
                0x0000000000000700                arduino::msgpack::Unpacker::unpackFloat64()
 .text._ZN7arduino7msgpack8Unpacker10unpackInt5Ev
                0x000000000000076c       0x4c /home/arduino/ArduinoApps/detect-objects-to-sketch/.cache/sketch/sketch/sketch.ino.cpp.o
                0x000000000000076c                arduino::msgpack::Unpacker::unpackInt5()
 .text._ZN7arduino7msgpack8Unpacker11unpackUInt7Ev
                0x00000000000007b8       0x48 /home/arduino/ArduinoApps/detect-objects-to-sketch/.cache/sketch/sketch/sketch.ino.cpp.o
                0x00000000000007b8                arduino::msgpack::Unpacker::unpackUInt7()
 .text._ZN7arduino7msgpack8Unpacker11unpackUInt8Ev
                0x0000000000000800       0x48 /home/arduino/ArduinoApps/detect-objects-to-sketch/.cache/sketch/sketch/sketch.ino.cpp.o
                0x0000000000000800                arduino::msgpack::Unpacker::unpackUInt8()
 .text._ZNK7arduino7msgpack8Unpacker11getRawBytesItEET_jj
                0x0000000000000848       0x26 /home/arduino/ArduinoApps/detect-objects-to-sketch/.cache/sketch/sketch/sketch.ino.cpp.o
                0x0000000000000848                unsigned short arduino::msgpack::Unpacker::getRawBytes<unsigned short>(unsigned int, unsigned int) const
 *fill*         0x000000000000086e        0x2 
 .text._ZN7arduino7msgpack8Unpacker12unpackUInt16Ev
                0x0000000000000870       0x48 /home/arduino/ArduinoApps/detect-objects-to-sketch/.cache/sketch/sketch/sketch.ino.cpp.o
                0x0000000000000870                arduino::msgpack::Unpacker::unpackUInt16()
 .text._ZNK7arduino7msgpack8Unpacker11getRawBytesIjEET_jj
                0x00000000000008b8       0x34 /home/arduino/ArduinoApps/detect-objects-to-sketch/.cache/sketch/sketch/sketch.ino.cpp.o
                0x00000000000008b8                unsigned int arduino::msgpack::Unpacker::getRawBytes<unsigned int>(unsigned int, unsigned int) const
 .text._ZNK7arduino7msgpack8Unpacker14getElementSizeEj
                0x00000000000008ec      0x11c /home/arduino/ArduinoApps/detect-objects-to-sketch/.cache/sketch/sketch/sketch.ino.cpp.o
                0x00000000000008ec                arduino::msgpack::Unpacker::getElementSize(unsigned int) const
 .text._ZN7arduino7msgpack8Unpacker15unpackArraySizeEv
                0x0000000000000a08       0x78 /home/arduino/ArduinoApps/detect-objects-to-sketch/.cache/sketch/sketch/sketch.ino.cpp.o
                0x0000000000000a08                arduino::msgpack::Unpacker::unpackArraySize()
 .text._ZN7arduino7msgpack8Unpacker11deserializeINS0_4type9ArraySizeEJEEEbRT_DpOT0_.isra.0
                0x0000000000000a80       0x40 /home/arduino/ArduinoApps/detect-objects-to-sketch/.cache/sketch/sketch/sketch.ino.cpp.o
 .text._ZN7arduino7msgpack8Unpacker12unpackUInt32Ev
                0x0000000000000ac0       0x48 /home/arduino/ArduinoApps/detect-objects-to-sketch/.cache/sketch/sketch/sketch.ino.cpp.o
                0x0000000000000ac0                arduino::msgpack::Unpacker::unpackUInt32()
 .text._ZN7arduino7msgpack8Unpacker13unpackMapSizeEv
                0x0000000000000b08       0x78 /home/arduino/ArduinoApps/detect-objects-to-sketch/.cache/sketch/sketch/sketch.ino.cpp.o
                0x0000000000000b08                arduino::msgpack::Unpacker::unpackMapSize()
 .text._ZNK7arduino7msgpack8Unpacker11getRawBytesIyEET_jj
                0x0000000000000b80       0x3a /home/arduino/ArduinoApps/detect-objects-to-sketch/.cache/sketch/sketch/sketch.ino.cpp.o
                0x0000000000000b80                unsigned long long arduino::msgpack::Unpacker::getRawBytes<unsigned long long>(unsigned int, unsigned int) const
 *fill*         0x0000000000000bba        0x2 
 .text._ZN7arduino7msgpack8Unpacker12unpackUInt64Ev
                0x0000000000000bbc       0x4c /home/arduino/ArduinoApps/detect-objects-to-sketch/.cache/sketch/sketch/sketch.ino.cpp.o
                0x0000000000000bbc                arduino::msgpack::Unpacker::unpackUInt64()
 .text._ZNK7arduino7msgpack8Unpacker11getRawBytesIaEET_jj
                0x0000000000000c08       0x1e /home/arduino/ArduinoApps/detect-objects-to-sketch/.cache/sketch/sketch/sketch.ino.cpp.o
                0x0000000000000c08                signed char arduino::msgpack::Unpacker::getRawBytes<signed char>(unsigned int, unsigned int) const
 *fill*         0x0000000000000c26        0x2 
 .text._ZN7arduino7msgpack8Unpacker10unpackInt8Ev
                0x0000000000000c28       0x48 /home/arduino/ArduinoApps/detect-objects-to-sketch/.cache/sketch/sketch/sketch.ino.cpp.o
                0x0000000000000c28                arduino::msgpack::Unpacker::unpackInt8()
 .text._ZNK7arduino7msgpack8Unpacker13isTimestamp32Ev
                0x0000000000000c70       0x2c /home/arduino/ArduinoApps/detect-objects-to-sketch/.cache/sketch/sketch/sketch.ino.cpp.o
                0x0000000000000c70                arduino::msgpack::Unpacker::isTimestamp32() const
 .text._ZNK7arduino7msgpack8Unpacker13isTimestamp64Ev
                0x0000000000000c9c       0x2c /home/arduino/ArduinoApps/detect-objects-to-sketch/.cache/sketch/sketch/sketch.ino.cpp.o
                0x0000000000000c9c                arduino::msgpack::Unpacker::isTimestamp64() const
 .text._ZNK7arduino7msgpack8Unpacker13isTimestamp96Ev
                0x0000000000000cc8       0x40 /home/arduino/ArduinoApps/detect-objects-to-sketch/.cache/sketch/sketch/sketch.ino.cpp.o
                0x0000000000000cc8                arduino::msgpack::Unpacker::isTimestamp96() const
 .text._ZNK7arduino7msgpack8Unpacker11getRawBytesIcEET_jj
                0x0000000000000d08       0x1e /home/arduino/ArduinoApps/detect-objects-to-sketch/.cache/sketch/sketch/sketch.ino.cpp.o
                0x0000000000000d08                char arduino::msgpack::Unpacker::getRawBytes<char>(unsigned int, unsigned int) const
 *fill*         0x0000000000000d26        0x2 
 .text._ZN7arduino7msgpack8Unpacker11deserializeINS0_6object5nil_tEJEEEbRT_DpOT0_
                0x0000000000000d28       0x40 /home/arduino/ArduinoApps/detect-objects-to-sketch/.cache/sketch/sketch/sketch.ino.cpp.o
                0x0000000000000d28                bool arduino::msgpack::Unpacker::deserialize<arduino::msgpack::object::nil_t>(arduino::msgpack::object::nil_t&)
 .text._ZN7arduino7msgpack8Unpacker11deserializeIbJEEEbRT_DpOT0_
                0x0000000000000d68       0x68 /home/arduino/ArduinoApps/detect-objects-to-sketch/.cache/sketch/sketch/sketch.ino.cpp.o
                0x0000000000000d68                bool arduino::msgpack::Unpacker::deserialize<bool>(bool&)
 .text._ZN7arduino7msgpack8Unpacker11deserializeINS_6StringEJEEEbRT_DpOT0_
                0x0000000000000dd0      0x174 /home/arduino/ArduinoApps/detect-objects-to-sketch/.cache/sketch/sketch/sketch.ino.cpp.o
                0x0000000000000dd0                bool arduino::msgpack::Unpacker::deserialize<arduino::String>(arduino::String&)
 .text._ZN7arduino7msgpack8Unpacker11deserializeINS0_6object8timespecEJEEEbRT_DpOT0_
                0x0000000000000f44       0xc4 /home/arduino/ArduinoApps/detect-objects-to-sketch/.cache/sketch/sketch/sketch.ino.cpp.o
                0x0000000000000f44                bool arduino::msgpack::Unpacker::deserialize<arduino::msgpack::object::timespec>(arduino::msgpack::object::timespec&)
 .text._ZN17RpcDecoderManagerILj3EE10getDecoderER10ITransport
                0x0000000000001008       0x74 /home/arduino/ArduinoApps/detect-objects-to-sketch/.cache/sketch/sketch/sketch.ino.cpp.o
                0x0000000000001008                RpcDecoderManager<3u>::getDecoder(ITransport&)
 .text._ZNSt12_Vector_baseIjSaIjEED2Ev
                0x000000000000107c       0x18 /home/arduino/ArduinoApps/detect-objects-to-sketch/.cache/sketch/sketch/sketch.ino.cpp.o
                0x000000000000107c                std::_Vector_base<unsigned int, std::allocator<unsigned int> >::~_Vector_base()
                0x000000000000107c                std::_Vector_base<unsigned int, std::allocator<unsigned int> >::~_Vector_base()
 .text._ZN10RPCRequestILj256EED2Ev
                0x0000000000001094       0x2c /home/arduino/ArduinoApps/detect-objects-to-sketch/.cache/sketch/sketch/sketch.ino.cpp.o
                0x0000000000001094                RPCRequest<256u>::~RPCRequest()
                0x0000000000001094                RPCRequest<256u>::~RPCRequest()
 .text._ZNSt6vectorIjSaIjEE17_M_realloc_insertIJRjEEEvN9__gnu_cxx17__normal_iteratorIPjS1_EEDpOT_
                0x00000000000010c0       0xdc /home/arduino/ArduinoApps/detect-objects-to-sketch/.cache/sketch/sketch/sketch.ino.cpp.o
                0x00000000000010c0                void std::vector<unsigned int, std::allocator<unsigned int> >::_M_realloc_insert<unsigned int&>(__gnu_cxx::__normal_iterator<unsigned int*, std::vector<unsigned int, std::allocator<unsigned int> > >, unsigned int&)
 .text._ZN7arduino7msgpack8Unpacker4feedEPKhj
                0x000000000000119c       0x78 /home/arduino/ArduinoApps/detect-objects-to-sketch/.cache/sketch/sketch/sketch.ino.cpp.o
                0x000000000000119c                arduino::msgpack::Unpacker::feed(unsigned char const*, unsigned int)
 .text._ZNKSt6vectorIhSaIhEE12_M_check_lenEjPKc
                0x0000000000001214       0x38 /home/arduino/ArduinoApps/detect-objects-to-sketch/.cache/sketch/sketch/sketch.ino.cpp.o
                0x0000000000001214                std::vector<unsigned char, std::allocator<unsigned char> >::_M_check_len(unsigned int, char const*) const
 .text._ZNSt6vectorIhSaIhEE12emplace_backIJRKhEEERhDpOT_.isra.0
                0x000000000000124c       0x90 /home/arduino/ArduinoApps/detect-objects-to-sketch/.cache/sketch/sketch/sketch.ino.cpp.o
 .text._ZNSt6vectorIhSaIhEE12emplace_backIJhEEERhDpOT_.isra.0
                0x00000000000012dc       0x90 /home/arduino/ArduinoApps/detect-objects-to-sketch/.cache/sketch/sketch/sketch.ino.cpp.o
 .text._ZN7arduino7msgpack8Unpacker11deserializeISt6vectorIhSaIhEEJEEEbRT_DpOT0_
                0x000000000000136c      0x13c /home/arduino/ArduinoApps/detect-objects-to-sketch/.cache/sketch/sketch/sketch.ino.cpp.o
                0x000000000000136c                bool arduino::msgpack::Unpacker::deserialize<std::vector<unsigned char, std::allocator<unsigned char> >>(std::vector<unsigned char, std::allocator<unsigned char> >&)
 .text._ZN7arduino7msgpack6Packer11packRawByteERKNS0_4TypeE.isra.0
                0x00000000000014a8       0x18 /home/arduino/ArduinoApps/detect-objects-to-sketch/.cache/sketch/sketch/sketch.ino.cpp.o
 .text._ZN7arduino7msgpack6Packer7packNilEv
                0x00000000000014c0       0x18 /home/arduino/ArduinoApps/detect-objects-to-sketch/.cache/sketch/sketch/sketch.ino.cpp.o
                0x00000000000014c0                arduino::msgpack::Packer::packNil()
 .text._ZN7arduino7msgpack6Packer9packUInt8Eh
                0x00000000000014d8       0x2c /home/arduino/ArduinoApps/detect-objects-to-sketch/.cache/sketch/sketch/sketch.ino.cpp.o
                0x00000000000014d8                arduino::msgpack::Packer::packUInt8(unsigned char)
 .text._ZNSt6vectorIhSaIhEE12emplace_backIJRhEEES3_DpOT_.isra.0
                0x0000000000001504       0x90 /home/arduino/ArduinoApps/detect-objects-to-sketch/.cache/sketch/sketch/sketch.ino.cpp.o
 .text._ZN7arduino7msgpack6Packer15packRawReversedIjEEvRKT_
                0x0000000000001594       0x1c /home/arduino/ArduinoApps/detect-objects-to-sketch/.cache/sketch/sketch/sketch.ino.cpp.o
                0x0000000000001594                void arduino::msgpack::Packer::packRawReversed<unsigned int>(unsigned int const&)
 .text._ZN7arduino7msgpack6Packer10packUInt32Ej
                0x00000000000015b0       0x28 /home/arduino/ArduinoApps/detect-objects-to-sketch/.cache/sketch/sketch/sketch.ino.cpp.o
                0x00000000000015b0                arduino::msgpack::Packer::packUInt32(unsigned int)
 .text._ZN7arduino7msgpack6Packer15packRawReversedItEEvRKT_
                0x00000000000015d8       0x1c /home/arduino/ArduinoApps/detect-objects-to-sketch/.cache/sketch/sketch/sketch.ino.cpp.o
                0x00000000000015d8                void arduino::msgpack::Packer::packRawReversed<unsigned short>(unsigned short const&)
 .text._ZN7arduino7msgpack6Packer13packArraySizeEj
                0x00000000000015f4       0x58 /home/arduino/ArduinoApps/detect-objects-to-sketch/.cache/sketch/sketch/sketch.ino.cpp.o
                0x00000000000015f4                arduino::msgpack::Packer::packArraySize(unsigned int)
 .text._ZN7arduino7msgpack6Packer10packUInt16Et
                0x000000000000164c       0x2c /home/arduino/ArduinoApps/detect-objects-to-sketch/.cache/sketch/sketch/sketch.ino.cpp.o
                0x000000000000164c                arduino::msgpack::Packer::packUInt16(unsigned short)
 .text._ZN7arduino7msgpack6Packer11packIntegerIjEENSt9enable_ifIXaaaaaasrSt13is_arithmeticIT_E5valuesrSt11is_integralIS5_E5valuentsrSt7is_sameIS5_bE5valuentsrS9_INSt9remove_cvIS5_E4typeEPcE5valueEvE4typeERKS5_.isra.0
                0x0000000000001678       0x50 /home/arduino/ArduinoApps/detect-objects-to-sketch/.cache/sketch/sketch/sketch.ino.cpp.o
 .text._ZN7arduino7msgpack6Packer11packIntegerIiEENSt9enable_ifIXaaaaaasrSt13is_arithmeticIT_E5valuesrSt11is_integralIS5_E5valuentsrSt7is_sameIS5_bE5valuentsrS9_INSt9remove_cvIS5_E4typeEPcE5valueEvE4typeERKS5_.isra.0
                0x00000000000016c8       0xb8 /home/arduino/ArduinoApps/detect-objects-to-sketch/.cache/sketch/sketch/sketch.ino.cpp.o
 .text._ZN7arduino7msgpack6Packer12packRawBytesEPKcj
                0x0000000000001780       0x9c /home/arduino/ArduinoApps/detect-objects-to-sketch/.cache/sketch/sketch/sketch.ino.cpp.o
                0x0000000000001780                arduino::msgpack::Packer::packRawBytes(char const*, unsigned int)
 .text._ZN7arduino7msgpack6Packer4packERKNS_6StringE
                0x000000000000181c       0x7c /home/arduino/ArduinoApps/detect-objects-to-sketch/.cache/sketch/sketch/sketch.ino.cpp.o
                0x000000000000181c                arduino::msgpack::Packer::pack(arduino::String const&)
 .text._ZN7arduino7msgpack6Packer9serializeIJRKiRjRKNS_6StringEEEEvRKNS0_4type9ArraySizeEDpOT_.isra.0
                0x0000000000001898       0x38 /home/arduino/ArduinoApps/detect-objects-to-sketch/.cache/sketch/sketch/sketch.ino.cpp.o
 .text._ZN7arduino7msgpack6Packer9serializeI8RpcErrorJRNS0_6object5nil_tEEEENSt9enable_ifIXoooontsrSt10is_pointerIT_E5valuesrSt7is_sameIS9_PKcE5valuesrSB_IS9_PKNS_19__FlashStringHelperEE5valueEvE4typeERKS9_DpOT0_.isra.0
                0x00000000000018d0       0x38 /home/arduino/ArduinoApps/detect-objects-to-sketch/.cache/sketch/sketch/sketch.ino.cpp.o
 .text._ZN18RpcFunctionWrapperISt8functionIFvN7arduino6StringEEEEclERNS1_7msgpack8UnpackerERNS6_6PackerE
                0x0000000000001908      0x140 /home/arduino/ArduinoApps/detect-objects-to-sketch/.cache/sketch/sketch/sketch.ino.cpp.o
                0x0000000000001908                RpcFunctionWrapper<std::function<void (arduino::String)> >::operator()(arduino::msgpack::Unpacker&, arduino::msgpack::Packer&)
 .text._ZN7arduino7msgpack8Unpacker9unpackIntIiEENSt9enable_ifIXaaaaaaaasrSt13is_arithmeticIT_E5valuesrSt11is_integralIS5_E5valuentsrSt7is_sameIS5_bE5valuentsrS9_INSt9remove_cvIS5_E4typeEPcE5valuesrSt9is_signedIS5_E5valueES5_E4typeEv
                0x0000000000001a48       0xd0 /home/arduino/ArduinoApps/detect-objects-to-sketch/.cache/sketch/sketch/sketch.ino.cpp.o
                0x0000000000001a48                std::enable_if<(((std::is_arithmetic<int>::value&&std::is_integral<int>::value)&&(!std::is_same<int, bool>::value))&&(!std::is_same<std::remove_cv<int>::type, char*>::value))&&std::is_signed<int>::value, int>::type arduino::msgpack::Unpacker::unpackInt<int>()
 .text._ZN7arduino7msgpack8Unpacker11deserializeIiJEEEbRT_DpOT0_
                0x0000000000001b18       0x40 /home/arduino/ArduinoApps/detect-objects-to-sketch/.cache/sketch/sketch/sketch.ino.cpp.o
                0x0000000000001b18                bool arduino::msgpack::Unpacker::deserialize<int>(int&)
 .text._ZN7arduino7msgpack8Unpacker11unpackFloatIfEENSt9enable_ifIXaasrSt13is_arithmeticIT_E5valuesrSt17is_floating_pointIS5_E5valueES5_E4typeEv
                0x0000000000001b58      0x118 /home/arduino/ArduinoApps/detect-objects-to-sketch/.cache/sketch/sketch/sketch.ino.cpp.o
                0x0000000000001b58                std::enable_if<std::is_arithmetic<float>::value&&std::is_floating_point<float>::value, float>::type arduino::msgpack::Unpacker::unpackFloat<float>()
 .text._ZN7arduino7msgpack8Unpacker11unpackFloatIdEENSt9enable_ifIXaasrSt13is_arithmeticIT_E5valuesrSt17is_floating_pointIS5_E5valueES5_E4typeEv
                0x0000000000001c70      0x118 /home/arduino/ArduinoApps/detect-objects-to-sketch/.cache/sketch/sketch/sketch.ino.cpp.o
                0x0000000000001c70                std::enable_if<std::is_arithmetic<double>::value&&std::is_floating_point<double>::value, double>::type arduino::msgpack::Unpacker::unpackFloat<double>()
 .text._ZN7arduino7msgpack8Unpacker11deserializeINS0_4type9ArraySizeEJRiEEEbRT_DpOT0_
                0x0000000000001d88       0x44 /home/arduino/ArduinoApps/detect-objects-to-sketch/.cache/sketch/sketch/sketch.ino.cpp.o
                0x0000000000001d88                bool arduino::msgpack::Unpacker::deserialize<arduino::msgpack::type::ArraySize, int&>(arduino::msgpack::type::ArraySize&, int&)
 .text._ZNK10RpcDecoderILj1024EE4sendEPKhj
                0x0000000000001dcc       0x22 /home/arduino/ArduinoApps/detect-objects-to-sketch/.cache/sketch/sketch/sketch.ino.cpp.o
                0x0000000000001dcc                RpcDecoder<1024u>::send(unsigned char const*, unsigned int) const
 *fill*         0x0000000000001dee        0x2 
 .text._ZN9RPCClient8send_rpcIJRKN7arduino6StringEEEEbS4_RjDpOT_.isra.0
                0x0000000000001df0       0x84 /home/arduino/ArduinoApps/detect-objects-to-sketch/.cache/sketch/sketch/sketch.ino.cpp.o
 .text._ZN9RPCClient8send_rpcIJEEEbRKN7arduino6StringERjDpOT_.isra.0
                0x0000000000001e74       0x74 /home/arduino/ArduinoApps/detect-objects-to-sketch/.cache/sketch/sketch/sketch.ino.cpp.o
 .text._ZN9RPCClient8send_rpcIJRKjEEEbRKN7arduino6StringERjDpOT_.isra.0
                0x0000000000001ee8       0x84 /home/arduino/ArduinoApps/detect-objects-to-sketch/.cache/sketch/sketch/sketch.ino.cpp.o
 .text._ZNK9RPCServer13send_responseILj256EEEbRK10RPCRequestIXT_EE.isra.0
                0x0000000000001f6c       0x24 /home/arduino/ArduinoApps/detect-objects-to-sketch/.cache/sketch/sketch/sketch.ino.cpp.o
 .text._ZN10RpcDecoderILj1024EE7consumeEjj
                0x0000000000001f90       0x36 /home/arduino/ArduinoApps/detect-objects-to-sketch/.cache/sketch/sketch/sketch.ino.cpp.o
                0x0000000000001f90                RpcDecoder<1024u>::consume(unsigned int, unsigned int)
 *fill*         0x0000000000001fc6        0x2 
 .text._ZN10RpcDecoderILj1024EE7discardEv
                0x0000000000001fc8       0x2c /home/arduino/ArduinoApps/detect-objects-to-sketch/.cache/sketch/sketch/sketch.ino.cpp.o
                0x0000000000001fc8                RpcDecoder<1024u>::discard()
 .text._ZN7arduino7msgpack8Unpacker11deserializeI8RpcErrorJRNS0_6object5nil_tEEEEbRT_DpOT0_
                0x0000000000001ff4       0x90 /home/arduino/ArduinoApps/detect-objects-to-sketch/.cache/sketch/sketch/sketch.ino.cpp.o
                0x0000000000001ff4                bool arduino::msgpack::Unpacker::deserialize<RpcError, arduino::msgpack::object::nil_t&>(RpcError&, arduino::msgpack::object::nil_t&)
 .text._Z4wrapIRFvN7arduino6StringEESt8functionIS2_EEP18RpcFunctionWrapperIT0_EOT_
                0x0000000000002084       0x6c /home/arduino/ArduinoApps/detect-objects-to-sketch/.cache/sketch/sketch/sketch.ino.cpp.o
                0x0000000000002084                RpcFunctionWrapper<std::function<void (arduino::String)> >* wrap<void (&)(arduino::String), std::function<void (arduino::String)> >(void (&)(arduino::String))
 .text._ZN7arduino7msgpack8Unpacker10unpackUIntIjEENSt9enable_ifIXaaaaaaaasrSt13is_arithmeticIT_E5valuesrSt11is_integralIS5_E5valuentsrSt7is_sameIS5_bE5valuentsrS9_INSt9remove_cvIS5_E4typeEPcE5valuentsrSt9is_signedIS5_E5valueES5_E4typeEv
                0x00000000000020f0       0x80 /home/arduino/ArduinoApps/detect-objects-to-sketch/.cache/sketch/sketch/sketch.ino.cpp.o
                0x00000000000020f0                std::enable_if<(((std::is_arithmetic<unsigned int>::value&&std::is_integral<unsigned int>::value)&&(!std::is_same<unsigned int, bool>::value))&&(!std::is_same<std::remove_cv<unsigned int>::type, char*>::value))&&(!std::is_signed<unsigned int>::value), unsigned int>::type arduino::msgpack::Unpacker::unpackUInt<unsigned int>()
 .text._ZN7arduino7msgpack8Unpacker11deserializeIjJRNS_6StringEEEEbRT_DpOT0_
                0x0000000000002170       0x44 /home/arduino/ArduinoApps/detect-objects-to-sketch/.cache/sketch/sketch/sketch.ino.cpp.o
                0x0000000000002170                bool arduino::msgpack::Unpacker::deserialize<unsigned int, arduino::String&>(unsigned int&, arduino::String&)
 .text._ZN10RpcDecoderILj1024EE16fetch_rpc_methodEv
                0x00000000000021b4       0xe8 /home/arduino/ArduinoApps/detect-objects-to-sketch/.cache/sketch/sketch/sketch.ino.cpp.o
                0x00000000000021b4                RpcDecoder<1024u>::fetch_rpc_method()
 .text._ZN10RPCRequestILj256EE22unpack_request_headersEv
                0x000000000000229c       0xb8 /home/arduino/ArduinoApps/detect-objects-to-sketch/.cache/sketch/sketch/sketch.ino.cpp.o
                0x000000000000229c                RPCRequest<256u>::unpack_request_headers()
 .text._ZN9RPCServer15process_requestILj256EEEvR10RPCRequestIXT_EE
                0x0000000000002354      0x114 /home/arduino/ArduinoApps/detect-objects-to-sketch/.cache/sketch/sketch/sketch.ino.cpp.o
                0x0000000000002354                void RPCServer::process_request<256u>(RPCRequest<256u>&)
 .text._ZN7arduino7msgpack8Unpacker11deserializeIjJEEEbRT_DpOT0_
                0x0000000000002468       0x40 /home/arduino/ArduinoApps/detect-objects-to-sketch/.cache/sketch/sketch/sketch.ino.cpp.o
                0x0000000000002468                bool arduino::msgpack::Unpacker::deserialize<unsigned int>(unsigned int&)
 .text._ZN7arduino7msgpack8Unpacker11deserializeINS0_4type9ArraySizeEJRiRjEEEbRT_DpOT0_
                0x00000000000024a8       0x78 /home/arduino/ArduinoApps/detect-objects-to-sketch/.cache/sketch/sketch/sketch.ino.cpp.o
                0x00000000000024a8                bool arduino::msgpack::Unpacker::deserialize<arduino::msgpack::type::ArraySize, int&, unsigned int&>(arduino::msgpack::type::ArraySize&, int&, unsigned int&)
 .text._ZN10RpcDecoderILj1024EE12get_responseIN7arduino7msgpack6object5nil_tEEEbjRT_R8RpcError
                0x0000000000002520      0x168 /home/arduino/ArduinoApps/detect-objects-to-sketch/.cache/sketch/sketch/sketch.ino.cpp.o
                0x0000000000002520                bool RpcDecoder<1024u>::get_response<arduino::msgpack::object::nil_t>(unsigned int, arduino::msgpack::object::nil_t&, RpcError&)
 .text._ZN10RpcDecoderILj1024EE12get_responseIbEEbjRT_R8RpcError
                0x0000000000002688      0x168 /home/arduino/ArduinoApps/detect-objects-to-sketch/.cache/sketch/sketch/sketch.ino.cpp.o
                0x0000000000002688                bool RpcDecoder<1024u>::get_response<bool>(unsigned int, bool&, RpcError&)
 .text._ZNSt11__copy_moveILb0ELb1ESt26random_access_iterator_tagE8__copy_mIhEEPT_PKS3_S6_S4_
                0x00000000000027f0       0x1c /home/arduino/ArduinoApps/detect-objects-to-sketch/.cache/sketch/sketch/sketch.ino.cpp.o
                0x00000000000027f0                unsigned char* std::__copy_move<false, true, std::random_access_iterator_tag>::__copy_m<unsigned char>(unsigned char const*, unsigned char const*, unsigned char*)
 .text._ZNSt11__copy_moveILb1ELb1ESt26random_access_iterator_tagE8__copy_mIhEEPT_PKS3_S6_S4_
                0x000000000000280c       0x1c /home/arduino/ArduinoApps/detect-objects-to-sketch/.cache/sketch/sketch/sketch.ino.cpp.o
                0x000000000000280c                unsigned char* std::__copy_move<true, true, std::random_access_iterator_tag>::__copy_m<unsigned char>(unsigned char const*, unsigned char const*, unsigned char*)
 .text._ZN7arduino7msgpack6object3extC2EaPKhj
                0x0000000000002828      0x104 /home/arduino/ArduinoApps/detect-objects-to-sketch/.cache/sketch/sketch/sketch.ino.cpp.o
                0x0000000000002828                arduino::msgpack::object::ext::ext(signed char, unsigned char const*, unsigned int)
                0x0000000000002828                arduino::msgpack::object::ext::ext(signed char, unsigned char const*, unsigned int)
 .text._ZN7arduino7msgpack8Unpacker9unpackExtEv
                0x000000000000292c      0x178 /home/arduino/ArduinoApps/detect-objects-to-sketch/.cache/sketch/sketch/sketch.ino.cpp.o
                0x000000000000292c                arduino::msgpack::Unpacker::unpackExt()
 .text._ZN8RpcUtils6detail12unpackObjectERN7arduino7msgpack8UnpackerE
                0x0000000000002aa4      0x290 /home/arduino/ArduinoApps/detect-objects-to-sketch/.cache/sketch/sketch/sketch.ino.cpp.o
                0x0000000000002aa4                RpcUtils::detail::unpackObject(arduino::msgpack::Unpacker&)
 .text._ZN10RpcDecoderILj1024EE12parse_packetEv
                0x0000000000002d34       0xf8 /home/arduino/ArduinoApps/detect-objects-to-sketch/.cache/sketch/sketch/sketch.ino.cpp.o
                0x0000000000002d34                RpcDecoder<1024u>::parse_packet()
 .text._ZN10RpcDecoderILj1024EE6decodeEv
                0x0000000000002e2c       0x40 /home/arduino/ArduinoApps/detect-objects-to-sketch/.cache/sketch/sketch/sketch.ino.cpp.o
                0x0000000000002e2c                RpcDecoder<1024u>::decode()
 .text._ZN9RPCServer7get_rpcILj256EEEbR10RPCRequestIXT_EEN7arduino6StringE
                0x0000000000002e6c       0xc4 /home/arduino/ArduinoApps/detect-objects-to-sketch/.cache/sketch/sketch/sketch.ino.cpp.o
                0x0000000000002e6c                bool RPCServer::get_rpc<256u>(RPCRequest<256u>&, arduino::String)
 .text._ZN11BridgeClass11update_safeEv
                0x0000000000002f30       0xb0 /home/arduino/ArduinoApps/detect-objects-to-sketch/.cache/sketch/sketch/sketch.ino.cpp.o
                0x0000000000002f30                BridgeClass::update_safe()
 .text._Z10__loopHookv
                0x0000000000002fe0       0x20 /home/arduino/ArduinoApps/detect-objects-to-sketch/.cache/sketch/sketch/sketch.ino.cpp.o
                0x0000000000002fe0                __loopHook()
 .text._ZN11BridgeClass6updateEv
                0x0000000000003000       0xb0 /home/arduino/ArduinoApps/detect-objects-to-sketch/.cache/sketch/sketch/sketch.ino.cpp.o
                0x0000000000003000                BridgeClass::update()
 .text._Z16updateEntryPointPvS_S_
                0x00000000000030b0       0x24 /home/arduino/ArduinoApps/detect-objects-to-sketch/.cache/sketch/sketch/sketch.ino.cpp.o
                0x00000000000030b0                updateEntryPoint(void*, void*, void*)
 .text._ZN9RPCClient12get_responseIN7arduino7msgpack6object5nil_tEEEbjRT_R8RpcError
                0x00000000000030d4       0x40 /home/arduino/ArduinoApps/detect-objects-to-sketch/.cache/sketch/sketch/sketch.ino.cpp.o
                0x00000000000030d4                bool RPCClient::get_response<arduino::msgpack::object::nil_t>(unsigned int, arduino::msgpack::object::nil_t&, RpcError&)
 .text._ZN9RPCClient12get_responseIbEEbjRT_R8RpcError
                0x0000000000003114       0x40 /home/arduino/ArduinoApps/detect-objects-to-sketch/.cache/sketch/sketch/sketch.ino.cpp.o
                0x0000000000003114                bool RPCClient::get_response<bool>(unsigned int, bool&, RpcError&)
 .text._ZN9RpcResultIJRKN7arduino6StringEEE6resultIbEEbRT_
                0x0000000000003154       0x90 /home/arduino/ArduinoApps/detect-objects-to-sketch/.cache/sketch/sketch/sketch.ino.cpp.o
                0x0000000000003154                bool RpcResult<arduino::String const&>::result<bool>(bool&)
 .text.setup    0x00000000000031e4      0x414 /home/arduino/ArduinoApps/detect-objects-to-sketch/.cache/sketch/sketch/sketch.ino.cpp.o
                0x00000000000031e4                setup
 .text._ZN8RpcUtils6detail9unpackMapERN7arduino7msgpack8UnpackerERj
                0x00000000000035f8       0x80 /home/arduino/ArduinoApps/detect-objects-to-sketch/.cache/sketch/sketch/sketch.ino.cpp.o
                0x00000000000035f8                RpcUtils::detail::unpackMap(arduino::msgpack::Unpacker&, unsigned int&)
 .text._ZN10RpcDecoderILj1024EE12get_responseIjEEbjRT_R8RpcError
                0x0000000000003678      0x168 /home/arduino/ArduinoApps/detect-objects-to-sketch/.cache/sketch/sketch/sketch.ino.cpp.o
                0x0000000000003678                bool RpcDecoder<1024u>::get_response<unsigned int>(unsigned int, unsigned int&, RpcError&)
 .text._ZN9RpcResultIJRN7arduino6StringEEE6resultIjEEbRT_
                0x00000000000037e0       0xbc /home/arduino/ArduinoApps/detect-objects-to-sketch/.cache/sketch/sketch/sketch.ino.cpp.o
                0x00000000000037e0                bool RpcResult<arduino::String&>::result<unsigned int>(unsigned int&)
 .text._ZN13BridgeMonitorILj512EE5writeEPKhj
                0x000000000000389c      0x128 /home/arduino/ArduinoApps/detect-objects-to-sketch/.cache/sketch/sketch/sketch.ino.cpp.o
                0x000000000000389c                BridgeMonitor<512u>::write(unsigned char const*, unsigned int)
 .text._ZN10RpcDecoderILj1024EE12get_responseISt6vectorIhSaIhEEEEbjRT_R8RpcError
                0x00000000000039c4      0x168 /home/arduino/ArduinoApps/detect-objects-to-sketch/.cache/sketch/sketch/sketch.ino.cpp.o
                0x00000000000039c4                bool RpcDecoder<1024u>::get_response<std::vector<unsigned char, std::allocator<unsigned char> > >(unsigned int, std::vector<unsigned char, std::allocator<unsigned char> >&, RpcError&)
 .text._ZN9RpcResultIJRjEE6resultISt6vectorIhSaIhEEEEbRT_
                0x0000000000003b2c       0xbc /home/arduino/ArduinoApps/detect-objects-to-sketch/.cache/sketch/sketch/sketch.ino.cpp.o
                0x0000000000003b2c                bool RpcResult<unsigned int&>::result<std::vector<unsigned char, std::allocator<unsigned char> > >(std::vector<unsigned char, std::allocator<unsigned char> >&)
 .text._ZN13BridgeMonitorILj512EE5_readEj
                0x0000000000003be8      0x15c /home/arduino/ArduinoApps/detect-objects-to-sketch/.cache/sketch/sketch/sketch.ino.cpp.o
                0x0000000000003be8                BridgeMonitor<512u>::_read(unsigned int)
 .text._ZN13BridgeMonitorILj512EE9availableEv
                0x0000000000003d44       0x44 /home/arduino/ArduinoApps/detect-objects-to-sketch/.cache/sketch/sketch/sketch.ino.cpp.o
                0x0000000000003d44                BridgeMonitor<512u>::available()
 .text._GLOBAL__sub_I_Bridge
                0x0000000000003d88       0xc4 /home/arduino/ArduinoApps/detect-objects-to-sketch/.cache/sketch/sketch/sketch.ino.cpp.o
 .text._GLOBAL__sub_D_Bridge
                0x0000000000003e4c       0x20 /home/arduino/ArduinoApps/detect-objects-to-sketch/.cache/sketch/sketch/sketch.ino.cpp.o
 .text._ZSt20__throw_length_errorPKc
                0x0000000000003e6c        0x2 /home/arduino/ArduinoApps/detect-objects-to-sketch/.cache/sketch/core/core.a(abi.cpp.o)
                0x0000000000003e6c                std::__throw_length_error(char const*)
 .text._ZSt17__throw_bad_allocv
                0x0000000000003e6e        0x2 /home/arduino/ArduinoApps/detect-objects-to-sketch/.cache/sketch/core/core.a(abi.cpp.o)
                0x0000000000003e6e                std::__throw_bad_alloc()
 .text._ZSt25__throw_bad_function_callv
                0x0000000000003e70        0x2 /home/arduino/ArduinoApps/detect-objects-to-sketch/.cache/sketch/core/core.a(abi.cpp.o)
                0x0000000000003e70                std::__throw_bad_function_call()
 .text.atexit   0x0000000000003e72        0x4 /home/arduino/ArduinoApps/detect-objects-to-sketch/.cache/sketch/core/core.a(abi.cpp.o)
                0x0000000000003e72                atexit
 .text.strcmp   0x0000000000003e76       0x16 /home/arduino/ArduinoApps/detect-objects-to-sketch/.cache/sketch/core/core.a(abi.cpp.o)
                0x0000000000003e76                strcmp
 .text._ZN7arduino5Print5printERKNS_6StringE
                0x0000000000003e8c        0xa /home/arduino/ArduinoApps/detect-objects-to-sketch/.cache/sketch/core/core.a(Print.cpp.o)
                0x0000000000003e8c                arduino::Print::print(arduino::String const&)
 *fill*         0x0000000000003e96        0x2 
 .text._ZN7arduino6Stream9timedReadEv
                0x0000000000003e98       0x2c /home/arduino/ArduinoApps/detect-objects-to-sketch/.cache/sketch/core/core.a(Stream.cpp.o)
                0x0000000000003e98                arduino::Stream::timedRead()
 .text._ZN7arduino6Stream10setTimeoutEm
                0x0000000000003ec4        0x4 /home/arduino/ArduinoApps/detect-objects-to-sketch/.cache/sketch/core/core.a(Stream.cpp.o)
                0x0000000000003ec4                arduino::Stream::setTimeout(unsigned long)
 .text._ZN7arduino6Stream9readBytesEPcj
                0x0000000000003ec8       0x2c /home/arduino/ArduinoApps/detect-objects-to-sketch/.cache/sketch/core/core.a(Stream.cpp.o)
                0x0000000000003ec8                arduino::Stream::readBytes(char*, unsigned int)
 .text._ZN7arduino6StringC2EOS0_
                0x0000000000003ef4       0x16 /home/arduino/ArduinoApps/detect-objects-to-sketch/.cache/sketch/core/core.a(String.cpp.o)
                0x0000000000003ef4                arduino::String::String(arduino::String&&)
                0x0000000000003ef4                arduino::String::String(arduino::String&&)
 *fill*         0x0000000000003f0a        0x2 
 .text._ZN7arduino6StringD2Ev
                0x0000000000003f0c       0x14 /home/arduino/ArduinoApps/detect-objects-to-sketch/.cache/sketch/core/core.a(String.cpp.o)
                0x0000000000003f0c                arduino::String::~String()
                0x0000000000003f0c                arduino::String::~String()
 .text._ZN7arduino6String10invalidateEv
                0x0000000000003f20       0x1c /home/arduino/ArduinoApps/detect-objects-to-sketch/.cache/sketch/core/core.a(String.cpp.o)
                0x0000000000003f20                arduino::String::invalidate()
 .text._ZN7arduino6String12changeBufferEj
                0x0000000000003f3c       0x1c /home/arduino/ArduinoApps/detect-objects-to-sketch/.cache/sketch/core/core.a(String.cpp.o)
                0x0000000000003f3c                arduino::String::changeBuffer(unsigned int)
 .text._ZN7arduino6String7reserveEj
                0x0000000000003f58       0x28 /home/arduino/ArduinoApps/detect-objects-to-sketch/.cache/sketch/core/core.a(String.cpp.o)
                0x0000000000003f58                arduino::String::reserve(unsigned int)
 .text._ZN7arduino6String4copyEPKcj
                0x0000000000003f80       0x3c /home/arduino/ArduinoApps/detect-objects-to-sketch/.cache/sketch/core/core.a(String.cpp.o)
                0x0000000000003f80                arduino::String::copy(char const*, unsigned int)
 .text._ZN7arduino6StringC2EPKc
                0x0000000000003fbc       0x2c /home/arduino/ArduinoApps/detect-objects-to-sketch/.cache/sketch/core/core.a(String.cpp.o)
                0x0000000000003fbc                arduino::String::String(char const*)
                0x0000000000003fbc                arduino::String::String(char const*)
 .text._ZN7arduino6String4moveERS0_
                0x0000000000003fe8       0x2c /home/arduino/ArduinoApps/detect-objects-to-sketch/.cache/sketch/core/core.a(String.cpp.o)
                0x0000000000003fe8                arduino::String::move(arduino::String&)
 .text._ZN7arduino6StringaSERKS0_
                0x0000000000004014       0x28 /home/arduino/ArduinoApps/detect-objects-to-sketch/.cache/sketch/core/core.a(String.cpp.o)
                0x0000000000004014                arduino::String::operator=(arduino::String const&)
 .text._ZN7arduino6StringC2ERKS0_
                0x000000000000403c       0x18 /home/arduino/ArduinoApps/detect-objects-to-sketch/.cache/sketch/core/core.a(String.cpp.o)
                0x000000000000403c                arduino::String::String(arduino::String const&)
                0x000000000000403c                arduino::String::String(arduino::String const&)
 .text._ZN7arduino6StringaSEOS0_
                0x0000000000004054       0x10 /home/arduino/ArduinoApps/detect-objects-to-sketch/.cache/sketch/core/core.a(String.cpp.o)
                0x0000000000004054                arduino::String::operator=(arduino::String&&)
 .text._ZN7arduino6StringaSEPKc
                0x0000000000004064       0x30 /home/arduino/ArduinoApps/detect-objects-to-sketch/.cache/sketch/core/core.a(String.cpp.o)
                0x0000000000004064                arduino::String::operator=(char const*)
 .text._ZN7arduino6StringC2Eih
                0x0000000000004094       0x2c /home/arduino/ArduinoApps/detect-objects-to-sketch/.cache/sketch/core/core.a(String.cpp.o)
                0x0000000000004094                arduino::String::String(int, unsigned char)
                0x0000000000004094                arduino::String::String(int, unsigned char)
 .text._ZN7arduino6String6concatEPKcj
                0x00000000000040c0       0x40 /home/arduino/ArduinoApps/detect-objects-to-sketch/.cache/sketch/core/core.a(String.cpp.o)
                0x00000000000040c0                arduino::String::concat(char const*, unsigned int)
 .text._ZN7arduino6String6concatERKS0_
                0x0000000000004100        0xc /home/arduino/ArduinoApps/detect-objects-to-sketch/.cache/sketch/core/core.a(String.cpp.o)
                0x0000000000004100                arduino::String::concat(arduino::String const&)
 .text._ZN7arduino6String6concatEc
                0x000000000000410c       0x1c /home/arduino/ArduinoApps/detect-objects-to-sketch/.cache/sketch/core/core.a(String.cpp.o)
                0x000000000000410c                arduino::String::concat(char)
 .text._ZNK7arduino6String9compareToERKS0_
                0x0000000000004128       0x30 /home/arduino/ArduinoApps/detect-objects-to-sketch/.cache/sketch/core/core.a(String.cpp.o)
                0x0000000000004128                arduino::String::compareTo(arduino::String const&) const
 .text._ZNK7arduino6String6equalsERKS0_
                0x0000000000004158       0x20 /home/arduino/ArduinoApps/detect-objects-to-sketch/.cache/sketch/core/core.a(String.cpp.o)
                0x0000000000004158                arduino::String::equals(arduino::String const&) const
 .text._ZNK7arduino6String6equalsEPKc
                0x0000000000004178       0x28 /home/arduino/ArduinoApps/detect-objects-to-sketch/.cache/sketch/core/core.a(String.cpp.o)
                0x0000000000004178                arduino::String::equals(char const*) const
 .text.ltoa     0x00000000000041a0       0x80 /home/arduino/ArduinoApps/detect-objects-to-sketch/.cache/sketch/core/core.a(itoa.cpp.o)
                0x00000000000041a0                ltoa
 .text.itoa     0x0000000000004220        0x8 /home/arduino/ArduinoApps/detect-objects-to-sketch/.cache/sketch/core/core.a(itoa.cpp.o)
                0x0000000000004220                itoa
 .text.initVariant
                0x0000000000004228        0x2 /home/arduino/ArduinoApps/detect-objects-to-sketch/.cache/sketch/core/core.a(main.cpp.o)
                0x0000000000004228                initVariant
 *fill*         0x000000000000422a        0x2 
 .text.main     0x000000000000422c       0x2c /home/arduino/ArduinoApps/detect-objects-to-sketch/.cache/sketch/core/core.a(main.cpp.o)
                0x000000000000422c                main
 .text._ZL10new_helperj
                0x0000000000004258       0x10 /home/arduino/ArduinoApps/detect-objects-to-sketch/.cache/sketch/core/core.a(new.cpp.o)
 .text._Znwj    0x0000000000004268        0x8 /home/arduino/ArduinoApps/detect-objects-to-sketch/.cache/sketch/core/core.a(new.cpp.o)
                0x0000000000004268                operator new(unsigned int)
 .text._ZnwjPv  0x0000000000004270        0x4 /home/arduino/ArduinoApps/detect-objects-to-sketch/.cache/sketch/core/core.a(new.cpp.o)
                0x0000000000004270                operator new(unsigned int, void*)
 .text._ZdlPvj  0x0000000000004274        0x8 /home/arduino/ArduinoApps/detect-objects-to-sketch/.cache/sketch/core/core.a(new.cpp.o)
                0x0000000000004274                operator delete(void*, unsigned int)
 .text._Z20start_static_threadsv
                0x000000000000427c       0x90 /home/arduino/ArduinoApps/detect-objects-to-sketch/.cache/sketch/core/core.a(threads.cpp.o)
                0x000000000000427c                start_static_threads()
 .text.gpio_pin_set_dt.isra.0
                0x000000000000430c       0x28 /home/arduino/ArduinoApps/detect-objects-to-sketch/.cache/sketch/core/core.a(zephyrCommon.cpp.o)
 .text.gpio_pin_configure_dt.isra.0
                0x0000000000004334       0x2a /home/arduino/ArduinoApps/detect-objects-to-sketch/.cache/sketch/core/core.a(zephyrCommon.cpp.o)
 *fill*         0x000000000000435e        0x2 
 .text.yield    0x0000000000004360        0x8 /home/arduino/ArduinoApps/detect-objects-to-sketch/.cache/sketch/core/core.a(zephyrCommon.cpp.o)
                0x0000000000004360                yield
 .text.pinMode  0x0000000000004368       0x3c /home/arduino/ArduinoApps/detect-objects-to-sketch/.cache/sketch/core/core.a(zephyrCommon.cpp.o)
                0x0000000000004368                pinMode
 .text.digitalWrite
                0x00000000000043a4       0x14 /home/arduino/ArduinoApps/detect-objects-to-sketch/.cache/sketch/core/core.a(zephyrCommon.cpp.o)
                0x00000000000043a4                digitalWrite
 .text.delay    0x00000000000043b8       0x10 /home/arduino/ArduinoApps/detect-objects-to-sketch/.cache/sketch/core/core.a(zephyrCommon.cpp.o)
                0x00000000000043b8                delay
 .text.millis   0x00000000000043c8       0x18 /home/arduino/ArduinoApps/detect-objects-to-sketch/.cache/sketch/core/core.a(zephyrCommon.cpp.o)
                0x00000000000043c8                millis
 .text.z_impl_uart_irq_tx_enable
                0x00000000000043e0        0xa /home/arduino/ArduinoApps/detect-objects-to-sketch/.cache/sketch/core/core.a(zephyrSerial.cpp.o)
 .text._ZN7arduino12ZephyrSerial5beginEm
                0x00000000000043ea        0xa /home/arduino/ArduinoApps/detect-objects-to-sketch/.cache/sketch/core/core.a(zephyrSerial.cpp.o)
                0x00000000000043ea                arduino::ZephyrSerial::begin(unsigned long)
 .text._ZN7arduino12ZephyrSerial3endEv
                0x00000000000043f4        0x2 /home/arduino/ArduinoApps/detect-objects-to-sketch/.cache/sketch/core/core.a(zephyrSerial.cpp.o)
                0x00000000000043f4                arduino::ZephyrSerial::end()
 .text._ZN7arduino12ZephyrSerial5writeEh
                0x00000000000043f6       0x18 /home/arduino/ArduinoApps/detect-objects-to-sketch/.cache/sketch/core/core.a(zephyrSerial.cpp.o)
                0x00000000000043f6                arduino::ZephyrSerial::write(unsigned char)
 .text._ZN7arduino12ZephyrSerialcvbEv
                0x000000000000440e        0x4 /home/arduino/ArduinoApps/detect-objects-to-sketch/.cache/sketch/core/core.a(zephyrSerial.cpp.o)
                0x000000000000440e                arduino::ZephyrSerial::operator bool()
 *fill*         0x0000000000004412        0x2 
 .text.k_sem_give
                0x0000000000004414        0x8 /home/arduino/ArduinoApps/detect-objects-to-sketch/.cache/sketch/core/core.a(zephyrSerial.cpp.o)
 .text.k_sem_take.isra.0
                0x000000000000441c        0x8 /home/arduino/ArduinoApps/detect-objects-to-sketch/.cache/sketch/core/core.a(zephyrSerial.cpp.o)
 .text._ZN7arduino12ZephyrSerial4readEv
                0x0000000000004424       0x48 /home/arduino/ArduinoApps/detect-objects-to-sketch/.cache/sketch/core/core.a(zephyrSerial.cpp.o)
                0x0000000000004424                arduino::ZephyrSerial::read()
 .text._ZN7arduino12ZephyrSerial4peekEv
                0x000000000000446c       0x48 /home/arduino/ArduinoApps/detect-objects-to-sketch/.cache/sketch/core/core.a(zephyrSerial.cpp.o)
                0x000000000000446c                arduino::ZephyrSerial::peek()
 .text._ZN7arduino12ZephyrSerial17availableForWriteEv
                0x00000000000044b4       0x3c /home/arduino/ArduinoApps/detect-objects-to-sketch/.cache/sketch/core/core.a(zephyrSerial.cpp.o)
                0x00000000000044b4                arduino::ZephyrSerial::availableForWrite()
 .text._ZN7arduino12ZephyrSerial9availableEv
                0x00000000000044f0       0x34 /home/arduino/ArduinoApps/detect-objects-to-sketch/.cache/sketch/core/core.a(zephyrSerial.cpp.o)
                0x00000000000044f0                arduino::ZephyrSerial::available()
 .text._ZN7arduino12ZephyrSerial5beginEmt
                0x0000000000004524       0xb8 /home/arduino/ArduinoApps/detect-objects-to-sketch/.cache/sketch/core/core.a(zephyrSerial.cpp.o)
                0x0000000000004524                arduino::ZephyrSerial::begin(unsigned long, unsigned short)
 .text._ZN7arduino12ZephyrSerial5flushEv
                0x00000000000045dc       0x2c /home/arduino/ArduinoApps/detect-objects-to-sketch/.cache/sketch/core/core.a(zephyrSerial.cpp.o)
                0x00000000000045dc                arduino::ZephyrSerial::flush()
 .text._ZN7arduino12ZephyrSerial5writeEPKhj
                0x0000000000004608       0x70 /home/arduino/ArduinoApps/detect-objects-to-sketch/.cache/sketch/core/core.a(zephyrSerial.cpp.o)
                0x0000000000004608                arduino::ZephyrSerial::write(unsigned char const*, unsigned int)
 .text._ZN7arduino12ZephyrSerial10IrqHandlerEv
                0x0000000000004678       0xec /home/arduino/ArduinoApps/detect-objects-to-sketch/.cache/sketch/core/core.a(zephyrSerial.cpp.o)
                0x0000000000004678                arduino::ZephyrSerial::IrqHandler()
 .text._ZN7arduino12ZephyrSerial11IrqDispatchEPK6devicePv
                0x0000000000004764        0xc /home/arduino/ArduinoApps/detect-objects-to-sketch/.cache/sketch/core/core.a(zephyrSerial.cpp.o)
                0x0000000000004764                arduino::ZephyrSerial::IrqDispatch(device const*, void*)
 .text._ZN7arduino12ZephyrSerial18ZephyrSerialBufferILi64EEC2Ev
                0x0000000000004770       0x28 /home/arduino/ArduinoApps/detect-objects-to-sketch/.cache/sketch/core/core.a(zephyrSerial.cpp.o)
                0x0000000000004770                arduino::ZephyrSerial::ZephyrSerialBuffer<64>::ZephyrSerialBuffer()
                0x0000000000004770                arduino::ZephyrSerial::ZephyrSerialBuffer<64>::ZephyrSerialBuffer()
 .text._GLOBAL__sub_I__ZN7arduino12ZephyrSerial5beginEmt
                0x0000000000004798       0x5c /home/arduino/ArduinoApps/detect-objects-to-sketch/.cache/sketch/core/core.a(zephyrSerial.cpp.o)
 *(.text.*)
 *(.text._*)
 *(.init)
 *(.ctors)
 *(.dtors)
 *(.fini)
                0x00000000000047f4                __static_thread_data_list_start = .
 *(SORT_BY_NAME(.__static_thread_data.static.*))
                0x00000000000047f4                __static_thread_data_list_end = .

.rodata         0x00000000000047f4      0x4b8
 *(.rodata)
 *(.rodata1)
 *(.rodata.*)
 .rodata._Z9detectionN7arduino6StringE.str1.1
                0x00000000000047f4        0x9 /home/arduino/ArduinoApps/detect-objects-to-sketch/.cache/sketch/sketch/sketch.ino.cpp.o
 .rodata._ZN8RpcErrorC2Ev.str1.1
                0x00000000000047fd        0x1 /home/arduino/ArduinoApps/detect-objects-to-sketch/.cache/sketch/sketch/sketch.ino.cpp.o
 .rodata._ZNSt6vectorIjSaIjEE17_M_realloc_insertIJRjEEEvN9__gnu_cxx17__normal_iteratorIPjS1_EEDpOT_.str1.1
                0x00000000000047fe       0x1a /home/arduino/ArduinoApps/detect-objects-to-sketch/.cache/sketch/sketch/sketch.ino.cpp.o
 .rodata._ZN18RpcFunctionWrapperISt8functionIFvN7arduino6StringEEEEclERNS1_7msgpack8UnpackerERNS6_6PackerE.str1.1
                0x0000000000004818       0xa6 /home/arduino/ArduinoApps/detect-objects-to-sketch/.cache/sketch/sketch/sketch.ino.cpp.o
 .rodata._ZN10RpcDecoderILj1024EE12get_responseIN7arduino7msgpack6object5nil_tEEEbjRT_R8RpcError.str1.1
                0x00000000000048be       0x7b /home/arduino/ArduinoApps/detect-objects-to-sketch/.cache/sketch/sketch/sketch.ino.cpp.o
 .rodata._ZN7arduino7msgpack6object3extC2EaPKhj.str1.1
                0x0000000000004939       0x28 /home/arduino/ArduinoApps/detect-objects-to-sketch/.cache/sketch/sketch/sketch.ino.cpp.o
 .rodata._ZN11BridgeClass11update_safeEv.str1.1
                0x0000000000004961        0x9 /home/arduino/ArduinoApps/detect-objects-to-sketch/.cache/sketch/sketch/sketch.ino.cpp.o
 .rodata.setup.str1.1
                0x000000000000496a       0x1d /home/arduino/ArduinoApps/detect-objects-to-sketch/.cache/sketch/sketch/sketch.ino.cpp.o
 .rodata._ZN13BridgeMonitorILj512EE5writeEPKhj.str1.1
                0x0000000000004987        0xa /home/arduino/ArduinoApps/detect-objects-to-sketch/.cache/sketch/sketch/sketch.ino.cpp.o
 .rodata._ZN13BridgeMonitorILj512EE5_readEj.str1.1
                0x0000000000004991        0x9 /home/arduino/ArduinoApps/detect-objects-to-sketch/.cache/sketch/sketch/sketch.ino.cpp.o
 *fill*         0x000000000000499a        0x2 
 .rodata._ZTV15SerialTransport
                0x000000000000499c       0x20 /home/arduino/ArduinoApps/detect-objects-to-sketch/.cache/sketch/sketch/sketch.ino.cpp.o
                0x000000000000499c                vtable for SerialTransport
 .rodata._ZTV13BridgeMonitorILj512EE
                0x00000000000049bc       0x24 /home/arduino/ArduinoApps/detect-objects-to-sketch/.cache/sketch/sketch/sketch.ino.cpp.o
                0x00000000000049bc                vtable for BridgeMonitor<512u>
 .rodata._ZTV18RpcFunctionWrapperISt8functionIFvN7arduino6StringEEEE
                0x00000000000049e0       0x14 /home/arduino/ArduinoApps/detect-objects-to-sketch/.cache/sketch/sketch/sketch.ino.cpp.o
                0x00000000000049e0                vtable for RpcFunctionWrapper<std::function<void (arduino::String)> >
 .rodata.str1.1
                0x00000000000049f4       0x51 /home/arduino/ArduinoApps/detect-objects-to-sketch/.cache/sketch/core/core.a(main.cpp.o)
 *fill*         0x0000000000004a45        0x3 
 .rodata._ZL12arduino_pins
                0x0000000000004a48      0x230 /home/arduino/ArduinoApps/detect-objects-to-sketch/.cache/sketch/core/core.a(zephyrCommon.cpp.o)
 .rodata._ZTVN7arduino12ZephyrSerialE
                0x0000000000004c78       0x34 /home/arduino/ArduinoApps/detect-objects-to-sketch/.cache/sketch/core/core.a(zephyrSerial.cpp.o)
                0x0000000000004c78                vtable for arduino::ZephyrSerial

.data           0x0000000000004cac        0x4
 *(.data .data.*)
 .data.keepAliveNow
                0x0000000000004cac        0x4 /home/arduino/ArduinoApps/detect-objects-to-sketch/.cache/sketch/sketch/sketch.ino.cpp.o
                0x0000000000004cac                keepAliveNow

.bss            0x0000000000004cb0     0x1244
 *(.bss .bss.* COMMON)
 .bss._ZN17RpcDecoderManagerILj3EE14decoders_countE
                0x0000000000004cb0        0x4 /home/arduino/ArduinoApps/detect-objects-to-sketch/.cache/sketch/sketch/sketch.ino.cpp.o
                0x0000000000004cb0                RpcDecoderManager<3u>::decoders_count
 .bss._ZGVN17RpcDecoderManagerILj3EE9decoders_E
                0x0000000000004cb4        0x4 /home/arduino/ArduinoApps/detect-objects-to-sketch/.cache/sketch/sketch/sketch.ino.cpp.o
                0x0000000000004cb4                guard variable for RpcDecoderManager<3u>::decoders_
 .bss._ZN17RpcDecoderManagerILj3EE9decoders_E
                0x0000000000004cb8      0xc60 /home/arduino/ArduinoApps/detect-objects-to-sketch/.cache/sketch/sketch/sketch.ino.cpp.o
                0x0000000000004cb8                RpcDecoderManager<3u>::decoders_
 .bss._ZGVZN7arduino7msgpack8Unpacker10from_arrayIJRiRNS_6StringEEEEbDpOT_E2sz
                0x0000000000005918        0x4 /home/arduino/ArduinoApps/detect-objects-to-sketch/.cache/sketch/sketch/sketch.ino.cpp.o
                0x0000000000005918                guard variable for arduino::msgpack::Unpacker::from_array<int&, arduino::String&>(int&, arduino::String&)::sz
 .bss._ZZN7arduino7msgpack8Unpacker10from_arrayIJRiRNS_6StringEEEEbDpOT_E2sz
                0x000000000000591c        0x4 /home/arduino/ArduinoApps/detect-objects-to-sketch/.cache/sketch/sketch/sketch.ino.cpp.o
                0x000000000000591c                arduino::msgpack::Unpacker::from_array<int&, arduino::String&>(int&, arduino::String&)::sz
 .bss._ZN12RouterBridge3HCIE
                0x0000000000005920       0x28 /home/arduino/ArduinoApps/detect-objects-to-sketch/.cache/sketch/sketch/sketch.ino.cpp.o
                0x0000000000005920                RouterBridge::HCI
 .bss.Monitor   0x0000000000005948      0x238 /home/arduino/ArduinoApps/detect-objects-to-sketch/.cache/sketch/sketch/sketch.ino.cpp.o
                0x0000000000005948                Monitor
 .bss.Bridge    0x0000000000005b80      0x140 /home/arduino/ArduinoApps/detect-objects-to-sketch/.cache/sketch/sketch/sketch.ino.cpp.o
                0x0000000000005b80                Bridge
 .bss._ZZN8RpcUtils6detail12unpackObjectERN7arduino7msgpack8UnpackerEE1t
                0x0000000000005cc0       0x10 /home/arduino/ArduinoApps/detect-objects-to-sketch/.cache/sketch/sketch/sketch.ino.cpp.o
                0x0000000000005cc0                RpcUtils::detail::unpackObject(arduino::msgpack::Unpacker&)::t
 .bss._ZGVZN8RpcUtils6detail12unpackObjectERN7arduino7msgpack8UnpackerEE1e
                0x0000000000005cd0        0x4 /home/arduino/ArduinoApps/detect-objects-to-sketch/.cache/sketch/sketch/sketch.ino.cpp.o
                0x0000000000005cd0                guard variable for RpcUtils::detail::unpackObject(arduino::msgpack::Unpacker&)::e
 .bss._ZZN8RpcUtils6detail12unpackObjectERN7arduino7msgpack8UnpackerEE1e
                0x0000000000005cd4        0xc /home/arduino/ArduinoApps/detect-objects-to-sketch/.cache/sketch/sketch/sketch.ino.cpp.o
                0x0000000000005cd4                RpcUtils::detail::unpackObject(arduino::msgpack::Unpacker&)::e
 .bss._ZZN8RpcUtils6detail12unpackObjectERN7arduino7msgpack8UnpackerEE6map_sz
                0x0000000000005ce0        0x4 /home/arduino/ArduinoApps/detect-objects-to-sketch/.cache/sketch/sketch/sketch.ino.cpp.o
                0x0000000000005ce0                RpcUtils::detail::unpackObject(arduino::msgpack::Unpacker&)::map_sz
 .bss._ZZN8RpcUtils6detail12unpackObjectERN7arduino7msgpack8UnpackerEE6arr_sz
                0x0000000000005ce4        0x4 /home/arduino/ArduinoApps/detect-objects-to-sketch/.cache/sketch/sketch/sketch.ino.cpp.o
                0x0000000000005ce4                RpcUtils::detail::unpackObject(arduino::msgpack::Unpacker&)::arr_sz
 .bss._ZGVZN8RpcUtils6detail12unpackObjectERN7arduino7msgpack8UnpackerEE5bytes
                0x0000000000005ce8        0x4 /home/arduino/ArduinoApps/detect-objects-to-sketch/.cache/sketch/sketch/sketch.ino.cpp.o
                0x0000000000005ce8                guard variable for RpcUtils::detail::unpackObject(arduino::msgpack::Unpacker&)::bytes
 .bss._ZZN8RpcUtils6detail12unpackObjectERN7arduino7msgpack8UnpackerEE5bytes
                0x0000000000005cec        0xc /home/arduino/ArduinoApps/detect-objects-to-sketch/.cache/sketch/sketch/sketch.ino.cpp.o
                0x0000000000005cec                RpcUtils::detail::unpackObject(arduino::msgpack::Unpacker&)::bytes
 .bss._ZGVZN8RpcUtils6detail12unpackObjectERN7arduino7msgpack8UnpackerEE6string
                0x0000000000005cf8        0x4 /home/arduino/ArduinoApps/detect-objects-to-sketch/.cache/sketch/sketch/sketch.ino.cpp.o
                0x0000000000005cf8                guard variable for RpcUtils::detail::unpackObject(arduino::msgpack::Unpacker&)::string
 .bss._ZZN8RpcUtils6detail12unpackObjectERN7arduino7msgpack8UnpackerEE6string
                0x0000000000005cfc        0xc /home/arduino/ArduinoApps/detect-objects-to-sketch/.cache/sketch/sketch/sketch.ino.cpp.o
                0x0000000000005cfc                RpcUtils::detail::unpackObject(arduino::msgpack::Unpacker&)::string
 .bss._ZZN8RpcUtils6detail12unpackObjectERN7arduino7msgpack8UnpackerEE5num64
                0x0000000000005d08        0x8 /home/arduino/ArduinoApps/detect-objects-to-sketch/.cache/sketch/sketch/sketch.ino.cpp.o
                0x0000000000005d08                RpcUtils::detail::unpackObject(arduino::msgpack::Unpacker&)::num64
 .bss._ZZN8RpcUtils6detail12unpackObjectERN7arduino7msgpack8UnpackerEE5num32
                0x0000000000005d10        0x4 /home/arduino/ArduinoApps/detect-objects-to-sketch/.cache/sketch/sketch/sketch.ino.cpp.o
                0x0000000000005d10                RpcUtils::detail::unpackObject(arduino::msgpack::Unpacker&)::num32
 .bss._ZZN8RpcUtils6detail12unpackObjectERN7arduino7msgpack8UnpackerEE7integer
                0x0000000000005d14        0x4 /home/arduino/ArduinoApps/detect-objects-to-sketch/.cache/sketch/sketch/sketch.ino.cpp.o
                0x0000000000005d14                RpcUtils::detail::unpackObject(arduino::msgpack::Unpacker&)::integer
 .bss._ZZN8RpcUtils6detail12unpackObjectERN7arduino7msgpack8UnpackerEE1b
                0x0000000000005d18        0x1 /home/arduino/ArduinoApps/detect-objects-to-sketch/.cache/sketch/sketch/sketch.ino.cpp.o
                0x0000000000005d18                RpcUtils::detail::unpackObject(arduino::msgpack::Unpacker&)::b
 .bss._ZZN8RpcUtils6detail12unpackObjectERN7arduino7msgpack8UnpackerEE3nil
                0x0000000000005d19        0x1 /home/arduino/ArduinoApps/detect-objects-to-sketch/.cache/sketch/sketch/sketch.ino.cpp.o
                0x0000000000005d19                RpcUtils::detail::unpackObject(arduino::msgpack::Unpacker&)::nil
 *fill*         0x0000000000005d1a        0x2 
 .bss.Serial1   0x0000000000005d1c       0xec /home/arduino/ArduinoApps/detect-objects-to-sketch/.cache/sketch/core/core.a(zephyrSerial.cpp.o)
                0x0000000000005d1c                Serial1
 .bss.Serial    0x0000000000005e08       0xec /home/arduino/ArduinoApps/detect-objects-to-sketch/.cache/sketch/core/core.a(zephyrSerial.cpp.o)
                0x0000000000005e08                Serial
 *(.noinit .noinit.*)

.exported_sym   0x0000000000005ef4        0x8
 *(.exported_sym)
 .exported_sym  0x0000000000005ef4        0x8 /home/arduino/ArduinoApps/detect-objects-to-sketch/.cache/sketch/core/core.a(main.cpp.o)
 *(.exported_sym.*)

.init_array     0x0000000000005efc        0x8
 *(.init_array)
 .init_array    0x0000000000005efc        0x4 /home/arduino/ArduinoApps/detect-objects-to-sketch/.cache/sketch/sketch/sketch.ino.cpp.o
 .init_array    0x0000000000005f00        0x4 /home/arduino/ArduinoApps/detect-objects-to-sketch/.cache/sketch/core/core.a(zephyrSerial.cpp.o)

.fini_array     0x0000000000005f04        0x4
 *(.fini_array)
 .fini_array    0x0000000000005f04        0x4 /home/arduino/ArduinoApps/detect-objects-to-sketch/.cache/sketch/sketch/sketch.ino.cpp.o

.symtab
 *(.symtab)

.strtab
 *(.strtab)

.shstrtab
 *(.shstrtab)

.rel
 *(.rel .rel.*)

.got
 *(.got .got.* .got.plt .got.plt*)
OUTPUT(/home/arduino/ArduinoApps/detect-objects-to-sketch/.cache/sketch/sketch.ino_debug.elf elf32-littlearm)
LOAD linker stubs

.debug_info     0x0000000000000000    0x45d1c
 .debug_info    0x0000000000000000    0x30126 /home/arduino/ArduinoApps/detect-objects-to-sketch/.cache/sketch/sketch/sketch.ino.cpp.o
 .debug_info    0x0000000000030126      0x1de /home/arduino/ArduinoApps/detect-objects-to-sketch/.cache/sketch/core/core.a(abi.cpp.o)
 .debug_info    0x0000000000030304     0x2d13 /home/arduino/ArduinoApps/detect-objects-to-sketch/.cache/sketch/core/core.a(Print.cpp.o)
 .debug_info    0x0000000000033017     0x1f74 /home/arduino/ArduinoApps/detect-objects-to-sketch/.cache/sketch/core/core.a(Stream.cpp.o)
 .debug_info    0x0000000000034f8b     0x3e0c /home/arduino/ArduinoApps/detect-objects-to-sketch/.cache/sketch/core/core.a(String.cpp.o)
 .debug_info    0x0000000000038d97      0x3de /home/arduino/ArduinoApps/detect-objects-to-sketch/.cache/sketch/core/core.a(itoa.cpp.o)
 .debug_info    0x0000000000039175     0x1e2b /home/arduino/ArduinoApps/detect-objects-to-sketch/.cache/sketch/core/core.a(main.cpp.o)
 .debug_info    0x000000000003afa0      0x7af /home/arduino/ArduinoApps/detect-objects-to-sketch/.cache/sketch/core/core.a(new.cpp.o)
 .debug_info    0x000000000003b74f     0x2000 /home/arduino/ArduinoApps/detect-objects-to-sketch/.cache/sketch/core/core.a(threads.cpp.o)
 .debug_info    0x000000000003d74f     0x4c54 /home/arduino/ArduinoApps/detect-objects-to-sketch/.cache/sketch/core/core.a(zephyrCommon.cpp.o)
 .debug_info    0x00000000000423a3     0x3979 /home/arduino/ArduinoApps/detect-objects-to-sketch/.cache/sketch/core/core.a(zephyrSerial.cpp.o)

.debug_abbrev   0x0000000000000000     0x48b6
 .debug_abbrev  0x0000000000000000     0x159b /home/arduino/ArduinoApps/detect-objects-to-sketch/.cache/sketch/sketch/sketch.ino.cpp.o
 .debug_abbrev  0x000000000000159b      0x154 /home/arduino/ArduinoApps/detect-objects-to-sketch/.cache/sketch/core/core.a(abi.cpp.o)
 .debug_abbrev  0x00000000000016ef      0x594 /home/arduino/ArduinoApps/detect-objects-to-sketch/.cache/sketch/core/core.a(Print.cpp.o)
 .debug_abbrev  0x0000000000001c83      0x500 /home/arduino/ArduinoApps/detect-objects-to-sketch/.cache/sketch/core/core.a(Stream.cpp.o)
 .debug_abbrev  0x0000000000002183      0x5d4 /home/arduino/ArduinoApps/detect-objects-to-sketch/.cache/sketch/core/core.a(String.cpp.o)
 .debug_abbrev  0x0000000000002757      0x128 /home/arduino/ArduinoApps/detect-objects-to-sketch/.cache/sketch/core/core.a(itoa.cpp.o)
 .debug_abbrev  0x000000000000287f      0x538 /home/arduino/ArduinoApps/detect-objects-to-sketch/.cache/sketch/core/core.a(main.cpp.o)
 .debug_abbrev  0x0000000000002db7      0x234 /home/arduino/ArduinoApps/detect-objects-to-sketch/.cache/sketch/core/core.a(new.cpp.o)
 .debug_abbrev  0x0000000000002feb      0x545 /home/arduino/ArduinoApps/detect-objects-to-sketch/.cache/sketch/core/core.a(threads.cpp.o)
 .debug_abbrev  0x0000000000003530      0xa59 /home/arduino/ArduinoApps/detect-objects-to-sketch/.cache/sketch/core/core.a(zephyrCommon.cpp.o)
 .debug_abbrev  0x0000000000003f89      0x92d /home/arduino/ArduinoApps/detect-objects-to-sketch/.cache/sketch/core/core.a(zephyrSerial.cpp.o)

.debug_loclists
                0x0000000000000000     0xee12
 .debug_loclists
                0x0000000000000000     0x9a7e /home/arduino/ArduinoApps/detect-objects-to-sketch/.cache/sketch/sketch/sketch.ino.cpp.o
 .debug_loclists
                0x0000000000009a7e       0x88 /home/arduino/ArduinoApps/detect-objects-to-sketch/.cache/sketch/core/core.a(abi.cpp.o)
 .debug_loclists
                0x0000000000009b06     0x12da /home/arduino/ArduinoApps/detect-objects-to-sketch/.cache/sketch/core/core.a(Print.cpp.o)
 .debug_loclists
                0x000000000000ade0      0x883 /home/arduino/ArduinoApps/detect-objects-to-sketch/.cache/sketch/core/core.a(Stream.cpp.o)
 .debug_loclists
                0x000000000000b663     0x1943 /home/arduino/ArduinoApps/detect-objects-to-sketch/.cache/sketch/core/core.a(String.cpp.o)
 .debug_loclists
                0x000000000000cfa6      0x3e1 /home/arduino/ArduinoApps/detect-objects-to-sketch/.cache/sketch/core/core.a(itoa.cpp.o)
 .debug_loclists
                0x000000000000d387       0x72 /home/arduino/ArduinoApps/detect-objects-to-sketch/.cache/sketch/core/core.a(main.cpp.o)
 .debug_loclists
                0x000000000000d3f9      0x2bc /home/arduino/ArduinoApps/detect-objects-to-sketch/.cache/sketch/core/core.a(new.cpp.o)
 .debug_loclists
                0x000000000000d6b5       0xf4 /home/arduino/ArduinoApps/detect-objects-to-sketch/.cache/sketch/core/core.a(threads.cpp.o)
 .debug_loclists
                0x000000000000d7a9      0xedd /home/arduino/ArduinoApps/detect-objects-to-sketch/.cache/sketch/core/core.a(zephyrCommon.cpp.o)
 .debug_loclists
                0x000000000000e686      0x78c /home/arduino/ArduinoApps/detect-objects-to-sketch/.cache/sketch/core/core.a(zephyrSerial.cpp.o)

.debug_aranges  0x0000000000000000      0xc88
 .debug_aranges
                0x0000000000000000      0x4a8 /home/arduino/ArduinoApps/detect-objects-to-sketch/.cache/sketch/sketch/sketch.ino.cpp.o
 .debug_aranges
                0x00000000000004a8       0x58 /home/arduino/ArduinoApps/detect-objects-to-sketch/.cache/sketch/core/core.a(abi.cpp.o)
 .debug_aranges
                0x0000000000000500      0x128 /home/arduino/ArduinoApps/detect-objects-to-sketch/.cache/sketch/core/core.a(Print.cpp.o)
 .debug_aranges
                0x0000000000000628       0x90 /home/arduino/ArduinoApps/detect-objects-to-sketch/.cache/sketch/core/core.a(Stream.cpp.o)
 .debug_aranges
                0x00000000000006b8      0x298 /home/arduino/ArduinoApps/detect-objects-to-sketch/.cache/sketch/core/core.a(String.cpp.o)
 .debug_aranges
                0x0000000000000950       0x40 /home/arduino/ArduinoApps/detect-objects-to-sketch/.cache/sketch/core/core.a(itoa.cpp.o)
 .debug_aranges
                0x0000000000000990       0x38 /home/arduino/ArduinoApps/detect-objects-to-sketch/.cache/sketch/core/core.a(main.cpp.o)
 .debug_aranges
                0x00000000000009c8       0xb0 /home/arduino/ArduinoApps/detect-objects-to-sketch/.cache/sketch/core/core.a(new.cpp.o)
 .debug_aranges
                0x0000000000000a78       0x20 /home/arduino/ArduinoApps/detect-objects-to-sketch/.cache/sketch/core/core.a(threads.cpp.o)
 .debug_aranges
                0x0000000000000a98      0x130 /home/arduino/ArduinoApps/detect-objects-to-sketch/.cache/sketch/core/core.a(zephyrCommon.cpp.o)
 .debug_aranges
                0x0000000000000bc8       0xc0 /home/arduino/ArduinoApps/detect-objects-to-sketch/.cache/sketch/core/core.a(zephyrSerial.cpp.o)

.debug_rnglists
                0x0000000000000000     0x221d
 .debug_rnglists
                0x0000000000000000     0x15f4 /home/arduino/ArduinoApps/detect-objects-to-sketch/.cache/sketch/sketch/sketch.ino.cpp.o
 .debug_rnglists
                0x00000000000015f4       0x3d /home/arduino/ArduinoApps/detect-objects-to-sketch/.cache/sketch/core/core.a(abi.cpp.o)
 .debug_rnglists
                0x0000000000001631      0x1c1 /home/arduino/ArduinoApps/detect-objects-to-sketch/.cache/sketch/core/core.a(Print.cpp.o)
 .debug_rnglists
                0x00000000000017f2      0x103 /home/arduino/ArduinoApps/detect-objects-to-sketch/.cache/sketch/core/core.a(Stream.cpp.o)
 .debug_rnglists
                0x00000000000018f5      0x375 /home/arduino/ArduinoApps/detect-objects-to-sketch/.cache/sketch/core/core.a(String.cpp.o)
 .debug_rnglists
                0x0000000000001c6a       0x2c /home/arduino/ArduinoApps/detect-objects-to-sketch/.cache/sketch/core/core.a(itoa.cpp.o)
 .debug_rnglists
                0x0000000000001c96       0x33 /home/arduino/ArduinoApps/detect-objects-to-sketch/.cache/sketch/core/core.a(main.cpp.o)
 .debug_rnglists
                0x0000000000001cc9       0x7f /home/arduino/ArduinoApps/detect-objects-to-sketch/.cache/sketch/core/core.a(new.cpp.o)
 .debug_rnglists
                0x0000000000001d48       0x47 /home/arduino/ArduinoApps/detect-objects-to-sketch/.cache/sketch/core/core.a(threads.cpp.o)
 .debug_rnglists
                0x0000000000001d8f      0x2cc /home/arduino/ArduinoApps/detect-objects-to-sketch/.cache/sketch/core/core.a(zephyrCommon.cpp.o)
 .debug_rnglists
                0x000000000000205b      0x1c2 /home/arduino/ArduinoApps/detect-objects-to-sketch/.cache/sketch/core/core.a(zephyrSerial.cpp.o)

.debug_line     0x0000000000000000     0xf05c
 .debug_line    0x0000000000000000     0x80d4 /home/arduino/ArduinoApps/detect-objects-to-sketch/.cache/sketch/sketch/sketch.ino.cpp.o
 .debug_line    0x00000000000080d4      0x138 /home/arduino/ArduinoApps/detect-objects-to-sketch/.cache/sketch/core/core.a(abi.cpp.o)
 .debug_line    0x000000000000820c      0xc5a /home/arduino/ArduinoApps/detect-objects-to-sketch/.cache/sketch/core/core.a(Print.cpp.o)
 .debug_line    0x0000000000008e66      0x8d4 /home/arduino/ArduinoApps/detect-objects-to-sketch/.cache/sketch/core/core.a(Stream.cpp.o)
 .debug_line    0x000000000000973a     0x1a12 /home/arduino/ArduinoApps/detect-objects-to-sketch/.cache/sketch/core/core.a(String.cpp.o)
 .debug_line    0x000000000000b14c      0x32d /home/arduino/ArduinoApps/detect-objects-to-sketch/.cache/sketch/core/core.a(itoa.cpp.o)
 .debug_line    0x000000000000b479      0x83b /home/arduino/ArduinoApps/detect-objects-to-sketch/.cache/sketch/core/core.a(main.cpp.o)
 .debug_line    0x000000000000bcb4      0x36b /home/arduino/ArduinoApps/detect-objects-to-sketch/.cache/sketch/core/core.a(new.cpp.o)
 .debug_line    0x000000000000c01f      0x906 /home/arduino/ArduinoApps/detect-objects-to-sketch/.cache/sketch/core/core.a(threads.cpp.o)
 .debug_line    0x000000000000c925     0x17b8 /home/arduino/ArduinoApps/detect-objects-to-sketch/.cache/sketch/core/core.a(zephyrCommon.cpp.o)
 .debug_line    0x000000000000e0dd      0xf7f /home/arduino/ArduinoApps/detect-objects-to-sketch/.cache/sketch/core/core.a(zephyrSerial.cpp.o)

.debug_str      0x0000000000000000    0x304e8
 .debug_str     0x0000000000000000    0x21cd4 /home/arduino/ArduinoApps/detect-objects-to-sketch/.cache/sketch/sketch/sketch.ino.cpp.o
 .debug_str     0x0000000000021cd4      0x40d /home/arduino/ArduinoApps/detect-objects-to-sketch/.cache/sketch/core/core.a(abi.cpp.o)
 .debug_str     0x00000000000220e1     0x16d0 /home/arduino/ArduinoApps/detect-objects-to-sketch/.cache/sketch/core/core.a(Print.cpp.o)
 .debug_str     0x00000000000237b1     0x167e /home/arduino/ArduinoApps/detect-objects-to-sketch/.cache/sketch/core/core.a(Stream.cpp.o)
 .debug_str     0x0000000000024e2f     0x1828 /home/arduino/ArduinoApps/detect-objects-to-sketch/.cache/sketch/core/core.a(String.cpp.o)
 .debug_str     0x0000000000026657      0x37a /home/arduino/ArduinoApps/detect-objects-to-sketch/.cache/sketch/core/core.a(itoa.cpp.o)
 .debug_str     0x00000000000269d1     0x1fdf /home/arduino/ArduinoApps/detect-objects-to-sketch/.cache/sketch/core/core.a(main.cpp.o)
 .debug_str     0x00000000000289b0      0x4d7 /home/arduino/ArduinoApps/detect-objects-to-sketch/.cache/sketch/core/core.a(new.cpp.o)
 .debug_str     0x0000000000028e87     0x1c23 /home/arduino/ArduinoApps/detect-objects-to-sketch/.cache/sketch/core/core.a(threads.cpp.o)
 .debug_str     0x000000000002aaaa     0x2fa4 /home/arduino/ArduinoApps/detect-objects-to-sketch/.cache/sketch/core/core.a(zephyrCommon.cpp.o)
 .debug_str     0x000000000002da4e     0x2a9a /home/arduino/ArduinoApps/detect-objects-to-sketch/.cache/sketch/core/core.a(zephyrSerial.cpp.o)

.debug_frame    0x0000000000000000     0x27ec
 .debug_frame   0x0000000000000000     0x116c /home/arduino/ArduinoApps/detect-objects-to-sketch/.cache/sketch/sketch/sketch.ino.cpp.o
 .debug_frame   0x000000000000116c       0x90 /home/arduino/ArduinoApps/detect-objects-to-sketch/.cache/sketch/core/core.a(abi.cpp.o)
 .debug_frame   0x00000000000011fc      0x3d0 /home/arduino/ArduinoApps/detect-objects-to-sketch/.cache/sketch/core/core.a(Print.cpp.o)
 .debug_frame   0x00000000000015cc      0x1fc /home/arduino/ArduinoApps/detect-objects-to-sketch/.cache/sketch/core/core.a(Stream.cpp.o)
 .debug_frame   0x00000000000017c8      0x7e8 /home/arduino/ArduinoApps/detect-objects-to-sketch/.cache/sketch/core/core.a(String.cpp.o)
 .debug_frame   0x0000000000001fb0       0xa0 /home/arduino/ArduinoApps/detect-objects-to-sketch/.cache/sketch/core/core.a(itoa.cpp.o)
 .debug_frame   0x0000000000002050       0x68 /home/arduino/ArduinoApps/detect-objects-to-sketch/.cache/sketch/core/core.a(main.cpp.o)
 .debug_frame   0x00000000000020b8      0x140 /home/arduino/ArduinoApps/detect-objects-to-sketch/.cache/sketch/core/core.a(new.cpp.o)
 .debug_frame   0x00000000000021f8       0x48 /home/arduino/ArduinoApps/detect-objects-to-sketch/.cache/sketch/core/core.a(threads.cpp.o)
 .debug_frame   0x0000000000002240      0x39c /home/arduino/ArduinoApps/detect-objects-to-sketch/.cache/sketch/core/core.a(zephyrCommon.cpp.o)
 .debug_frame   0x00000000000025dc      0x210 /home/arduino/ArduinoApps/detect-objects-to-sketch/.cache/sketch/core/core.a(zephyrSerial.cpp.o)
