Archive member included to satisfy reference by file (symbol)

/home/arduino/ArduinoApps/minimal-rpc-call/.cache/sketch/core/core.a(abi.cpp.o)
                              /home/arduino/ArduinoApps/minimal-rpc-call/.cache/sketch/sketch/sketch.ino.cpp.o (std::__throw_length_error(char const*))
/home/arduino/ArduinoApps/minimal-rpc-call/.cache/sketch/core/core.a(Print.cpp.o)
                              /home/arduino/ArduinoApps/minimal-rpc-call/.cache/sketch/sketch/sketch.ino.cpp.o (arduino::Print::print(arduino::String const&))
/home/arduino/ArduinoApps/minimal-rpc-call/.cache/sketch/core/core.a(Stream.cpp.o)
                              /home/arduino/ArduinoApps/minimal-rpc-call/.cache/sketch/sketch/sketch.ino.cpp.o (arduino::Stream::setTimeout(unsigned long))
/home/arduino/ArduinoApps/minimal-rpc-call/.cache/sketch/core/core.a(String.cpp.o)
                              /home/arduino/ArduinoApps/minimal-rpc-call/.cache/sketch/sketch/sketch.ino.cpp.o (arduino::String::String(arduino::String&&))
/home/arduino/ArduinoApps/minimal-rpc-call/.cache/sketch/core/core.a(itoa.cpp.o)
                              /home/arduino/ArduinoApps/minimal-rpc-call/.cache/sketch/core/core.a(String.cpp.o) (dtostrf)
/home/arduino/ArduinoApps/minimal-rpc-call/.cache/sketch/core/core.a(main.cpp.o)
                              (main)
/home/arduino/ArduinoApps/minimal-rpc-call/.cache/sketch/core/core.a(new.cpp.o)
                              /home/arduino/ArduinoApps/minimal-rpc-call/.cache/sketch/sketch/sketch.ino.cpp.o (operator new(unsigned int))
/home/arduino/ArduinoApps/minimal-rpc-call/.cache/sketch/core/core.a(threads.cpp.o)
                              /home/arduino/ArduinoApps/minimal-rpc-call/.cache/sketch/core/core.a(main.cpp.o) (start_static_threads())
/home/arduino/ArduinoApps/minimal-rpc-call/.cache/sketch/core/core.a(zephyrCommon.cpp.o)
                              /home/arduino/ArduinoApps/minimal-rpc-call/.cache/sketch/libraries/Arduino_LPS22HB/BARO.cpp.o (yield)
/home/arduino/ArduinoApps/minimal-rpc-call/.cache/sketch/core/core.a(zephyrSerial.cpp.o)
                              /home/arduino/ArduinoApps/minimal-rpc-call/.cache/sketch/sketch/sketch.ino.cpp.o (Serial1)
/home/arduino/ArduinoApps/minimal-rpc-call/.cache/sketch/core/core.a(Common.cpp.o)
                              /home/arduino/ArduinoApps/minimal-rpc-call/.cache/sketch/core/core.a(zephyrCommon.cpp.o) (map(long, long, long, long, long))

Discarded input sections

 .group         0x0000000000000000        0x8 /home/arduino/ArduinoApps/minimal-rpc-call/.cache/sketch/sketch/sketch.ino.cpp.o
 .group         0x0000000000000000        0x8 /home/arduino/ArduinoApps/minimal-rpc-call/.cache/sketch/sketch/sketch.ino.cpp.o
 .group         0x0000000000000000        0x8 /home/arduino/ArduinoApps/minimal-rpc-call/.cache/sketch/sketch/sketch.ino.cpp.o
 .group         0x0000000000000000        0x8 /home/arduino/ArduinoApps/minimal-rpc-call/.cache/sketch/sketch/sketch.ino.cpp.o
 .group         0x0000000000000000       0x10 /home/arduino/ArduinoApps/minimal-rpc-call/.cache/sketch/sketch/sketch.ino.cpp.o
 .group         0x0000000000000000       0x10 /home/arduino/ArduinoApps/minimal-rpc-call/.cache/sketch/sketch/sketch.ino.cpp.o
 .group         0x0000000000000000        0x8 /home/arduino/ArduinoApps/minimal-rpc-call/.cache/sketch/sketch/sketch.ino.cpp.o
 .group         0x0000000000000000       0x24 /home/arduino/ArduinoApps/minimal-rpc-call/.cache/sketch/sketch/sketch.ino.cpp.o
 .group         0x0000000000000000        0xc /home/arduino/ArduinoApps/minimal-rpc-call/.cache/sketch/sketch/sketch.ino.cpp.o
 .group         0x0000000000000000        0xc /home/arduino/ArduinoApps/minimal-rpc-call/.cache/sketch/sketch/sketch.ino.cpp.o
 .group         0x0000000000000000        0xc /home/arduino/ArduinoApps/minimal-rpc-call/.cache/sketch/sketch/sketch.ino.cpp.o
 .group         0x0000000000000000        0xc /home/arduino/ArduinoApps/minimal-rpc-call/.cache/sketch/sketch/sketch.ino.cpp.o
 .group         0x0000000000000000        0xc /home/arduino/ArduinoApps/minimal-rpc-call/.cache/sketch/sketch/sketch.ino.cpp.o
 .group         0x0000000000000000        0xc /home/arduino/ArduinoApps/minimal-rpc-call/.cache/sketch/sketch/sketch.ino.cpp.o
 .group         0x0000000000000000        0xc /home/arduino/ArduinoApps/minimal-rpc-call/.cache/sketch/sketch/sketch.ino.cpp.o
 .group         0x0000000000000000        0xc /home/arduino/ArduinoApps/minimal-rpc-call/.cache/sketch/sketch/sketch.ino.cpp.o
 .group         0x0000000000000000        0x8 /home/arduino/ArduinoApps/minimal-rpc-call/.cache/sketch/sketch/sketch.ino.cpp.o
 .group         0x0000000000000000       0x14 /home/arduino/ArduinoApps/minimal-rpc-call/.cache/sketch/sketch/sketch.ino.cpp.o
 .group         0x0000000000000000        0x8 /home/arduino/ArduinoApps/minimal-rpc-call/.cache/sketch/sketch/sketch.ino.cpp.o
[...]
Memory Configuration

Name             Origin             Length             Attributes
*default*        0x0000000000000000 0xffffffffffffffff

Linker script and memory map

LOAD /home/arduino/.arduino15/packages/zephyr/tools/arm-zephyr-eabi/0.16.8/bin/../lib/gcc/../../picolibc/arm-zephyr-eabi/lib/thumb/v8-m.main+fp/hard/libstdc++.a
LOAD /home/arduino/.arduino15/packages/zephyr/tools/arm-zephyr-eabi/0.16.8/bin/../lib/gcc/../../picolibc/arm-zephyr-eabi/lib/thumb/v8-m.main+fp/hard/libsupc++.a
LOAD /home/arduino/.arduino15/packages/zephyr/tools/arm-zephyr-eabi/0.16.8/bin/../lib/gcc/arm-zephyr-eabi/12.2.0/../../../../arm-zephyr-eabi/lib/thumb/v8-m.main+fp/hard/libnosys.a
LOAD /home/arduino/ArduinoApps/minimal-rpc-call/.cache/sketch/sketch/sketch.ino.cpp.o
LOAD /home/arduino/ArduinoApps/minimal-rpc-call/.cache/sketch/libraries/Arduino_HS300x/HS300x.cpp.o
LOAD /home/arduino/ArduinoApps/minimal-rpc-call/.cache/sketch/libraries/Arduino_LPS22HB/BARO.cpp.o
LOAD /home/arduino/ArduinoApps/minimal-rpc-call/.cache/sketch/libraries/Arduino_LSM6DSOX/LSM6DSOX.cpp.o
LOAD /home/arduino/ArduinoApps/minimal-rpc-call/.cache/sketch/libraries/Modulino/Modulino.cpp.o
LOAD /home/arduino/ArduinoApps/minimal-rpc-call/.cache/sketch/libraries/STM32duino VL53L4CD/platform.cpp.o
LOAD /home/arduino/ArduinoApps/minimal-rpc-call/.cache/sketch/libraries/STM32duino VL53L4CD/vl53l4cd_api.cpp.o
LOAD /home/arduino/ArduinoApps/minimal-rpc-call/.cache/sketch/libraries/STM32duino VL53L4CD/vl53l4cd_calibration.cpp.o
LOAD /home/arduino/ArduinoApps/minimal-rpc-call/.cache/sketch/libraries/STM32duino VL53L4ED/platform.cpp.o
LOAD /home/arduino/ArduinoApps/minimal-rpc-call/.cache/sketch/libraries/STM32duino VL53L4ED/vl53l4ed_api.cpp.o
LOAD /home/arduino/ArduinoApps/minimal-rpc-call/.cache/sketch/libraries/STM32duino VL53L4ED/vl53l4ed_calibration.cpp.o
LOAD /home/arduino/ArduinoApps/minimal-rpc-call/.cache/sketch/libraries/Wire/Wire.cpp.o
LOAD /home/arduino/ArduinoApps/minimal-rpc-call/.cache/sketch/libraries/SPI/SPI.cpp.o
LOAD /home/arduino/ArduinoApps/minimal-rpc-call/.cache/sketch/core/analogReference.cpp.o
START GROUP
LOAD /home/arduino/ArduinoApps/minimal-rpc-call/.cache/sketch/core/core.a
LOAD /home/arduino/.arduino15/packages/zephyr/tools/arm-zephyr-eabi/0.16.8/bin/../lib/gcc/../../picolibc/arm-zephyr-eabi/lib/thumb/v8-m.main+fp/hard/libstdc++.a
LOAD /home/arduino/.arduino15/packages/zephyr/tools/arm-zephyr-eabi/0.16.8/bin/../lib/gcc/../../picolibc/arm-zephyr-eabi/lib/thumb/v8-m.main+fp/hard/libsupc++.a
END GROUP

/DISCARD/
 *(.ARM.attributes)
 *(.ARM.attributes.*)
 *(.ARM.exidx)
 *(.ARM.exidx.*)
 *(.ARM.extidx)
 *(.ARM.extidx.*)
 *(.ARM.extab)
 *(.ARM.extab.*)
 *(.comment)
 *(.comment.*)
 *(.llvmbc)
 *(.llvmcmd)
 *(.eh_frame)
 *stdexcept.o()
 *eh_*.o()
 *cow-stdexcept.o()
 *functexcept.o()
 *cow-string-inst.o()

.text           0x0000000000000000     0x4e98
 *(.text)
 *(.stub)
 *(.text*)
 .text._ZN7arduino5Print17availableForWriteEv
                0x0000000000000000        0x4 /home/arduino/ArduinoApps/minimal-rpc-call/.cache/sketch/sketch/sketch.ino.cpp.o
                0x0000000000000000                arduino::Print::availableForWrite()
 .text._ZN7arduino5Print5flushEv
                0x0000000000000004        0x2 /home/arduino/ArduinoApps/minimal-rpc-call/.cache/sketch/sketch/sketch.ino.cpp.o
                0x0000000000000004                arduino::Print::flush()
 .text._ZN15SerialTransport9availableEv
                0x0000000000000006       0x12 /home/arduino/ArduinoApps/minimal-rpc-call/.cache/sketch/sketch/sketch.ino.cpp.o
                0x0000000000000006                SerialTransport::available()
 .text._ZN15SerialTransport5writeEPKhj
                0x0000000000000018       0x10 /home/arduino/ArduinoApps/minimal-rpc-call/.cache/sketch/sketch/sketch.ino.cpp.o
                0x0000000000000018                SerialTransport::write(unsigned char const*, unsigned int)
 .text._ZN15SerialTransportD2Ev
                0x0000000000000028        0x2 /home/arduino/ArduinoApps/minimal-rpc-call/.cache/sketch/sketch/sketch.ino.cpp.o
                0x0000000000000028                SerialTransport::~SerialTransport()
                0x0000000000000028                SerialTransport::~SerialTransport()
 .text._ZN14ModulinoBuzzerD2Ev
                0x000000000000002a        0x2 /home/arduino/ArduinoApps/minimal-rpc-call/.cache/sketch/sketch/sketch.ino.cpp.o
                0x000000000000002a                ModulinoBuzzer::~ModulinoBuzzer()
                0x000000000000002a                ModulinoBuzzer::~ModulinoBuzzer()
 .text._ZN13BridgeMonitorILj512EE5writeEh
                0x000000000000002c       0x18 /home/arduino/ArduinoApps/minimal-rpc-call/.cache/sketch/sketch/sketch.ino.cpp.o
                0x000000000000002c                BridgeMonitor<512u>::write(unsigned char)
 .text.k_yield  0x0000000000000044        0x8 /home/arduino/ArduinoApps/minimal-rpc-call/.cache/sketch/sketch/sketch.ino.cpp.o
 .text.__tcf_1  0x000000000000004c       0x10 /home/arduino/ArduinoApps/minimal-rpc-call/.cache/sketch/sketch/sketch.ino.cpp.o
 .text._ZN14ModulinoBuzzerD0Ev
                0x000000000000005c       0x14 /home/arduino/ArduinoApps/minimal-rpc-call/.cache/sketch/sketch/sketch.ino.cpp.o
                0x000000000000005c                ModulinoBuzzer::~ModulinoBuzzer()
 .text._ZN15SerialTransportD0Ev
                0x0000000000000070       0x14 /home/arduino/ArduinoApps/minimal-rpc-call/.cache/sketch/sketch/sketch.ino.cpp.o
                0x0000000000000070                SerialTransport::~SerialTransport()
 .text._ZN15SerialTransport4readEPhj
                0x0000000000000084       0x28 /home/arduino/ArduinoApps/minimal-rpc-call/.cache/sketch/sketch/sketch.ino.cpp.o
                0x0000000000000084                SerialTransport::read(unsigned char*, unsigned int)
 .text._ZN15SerialTransport9read_byteERh
                0x00000000000000ac       0x20 /home/arduino/ArduinoApps/minimal-rpc-call/.cache/sketch/sketch/sketch.ino.cpp.o
                0x00000000000000ac                SerialTransport::read_byte(unsigned char&)
 .text.k_mutex_lock
                0x00000000000000cc        0x8 /home/arduino/ArduinoApps/minimal-rpc-call/.cache/sketch/sketch/sketch.ino.cpp.o
 .text._ZNK6Module7printToERN7arduino5PrintE
                0x00000000000000d4       0x10 /home/arduino/ArduinoApps/minimal-rpc-call/.cache/sketch/sketch/sketch.ino.cpp.o
                0x00000000000000d4                Module::printTo(arduino::Print&) const
 .text._ZNSt17_Function_handlerIFvN7arduino6StringEEPS2_E10_M_managerERSt9_Any_dataRKS5_St18_Manager_operation
                0x00000000000000e4       0x30 /home/arduino/ArduinoApps/minimal-rpc-call/.cache/sketch/sketch/sketch.ino.cpp.o
                0x00000000000000e4                std::_Function_handler<void (arduino::String), void (*)(arduino::String)>::_M_manager(std::_Any_data&, std::_Any_data const&, std::_Manager_operation)
 .text._ZNSt17_Function_handlerIFvN7arduino6StringEEPS2_E9_M_invokeERKSt9_Any_dataOS1_
                0x0000000000000114       0x20 /home/arduino/ArduinoApps/minimal-rpc-call/.cache/sketch/sketch/sketch.ino.cpp.o
                0x0000000000000114                std::_Function_handler<void (arduino::String), void (*)(arduino::String)>::_M_invoke(std::_Any_data const&, arduino::String&&)
 .text._ZSt14__relocate_a_1IhhENSt9enable_ifIXsrSt24__is_bitwise_relocatableIT_vE5valueEPS2_E4typeES4_S4_S4_RSaIT0_E.isra.0
                0x0000000000000134       0x20 /home/arduino/ArduinoApps/minimal-rpc-call/.cache/sketch/sketch/sketch.ino.cpp.o
 .text._ZNSt12_Vector_baseIhSaIhEE11_M_allocateEj.isra.0
                0x0000000000000154       0x20 /home/arduino/ArduinoApps/minimal-rpc-call/.cache/sketch/sketch/sketch.ino.cpp.o
 .text._ZN14ModulinoBuzzer8discoverEv
                0x0000000000000174       0x28 /home/arduino/ArduinoApps/minimal-rpc-call/.cache/sketch/sketch/sketch.ino.cpp.o
                0x0000000000000174                ModulinoBuzzer::discover()
 .text._Z9detectionN7arduino6StringE
                0x000000000000019c       0x7c /home/arduino/ArduinoApps/minimal-rpc-call/.cache/sketch/sketch/sketch.ino.cpp.o
                0x000000000000019c                detection(arduino::String)
 .text.k_mutex_unlock.isra.0
                0x0000000000000218        0x8 /home/arduino/ArduinoApps/minimal-rpc-call/.cache/sketch/sketch/sketch.ino.cpp.o
 .text._ZN13BridgeMonitorILj512EE4readEv
                0x0000000000000220       0x64 /home/arduino/ArduinoApps/minimal-rpc-call/.cache/sketch/sketch/sketch.ino.cpp.o
                0x0000000000000220                BridgeMonitor<512u>::read()
 .text._ZN13BridgeMonitorILj512EE4peekEv
                0x0000000000000284       0x44 /home/arduino/ArduinoApps/minimal-rpc-call/.cache/sketch/sketch/sketch.ino.cpp.o
                0x0000000000000284                BridgeMonitor<512u>::peek()
 .text.k_msleep.constprop.0.isra.0
                0x00000000000002c8        0xc /home/arduino/ArduinoApps/minimal-rpc-call/.cache/sketch/sketch/sketch.ino.cpp.o
 .text._ZNSt14_Function_baseD2Ev
                0x00000000000002d4       0x12 /home/arduino/ArduinoApps/minimal-rpc-call/.cache/sketch/sketch/sketch.ino.cpp.o
                0x00000000000002d4                std::_Function_base::~_Function_base()
                0x00000000000002d4                std::_Function_base::~_Function_base()
 *fill*         0x00000000000002e6        0x2 
 .text._ZN18RpcFunctionWrapperISt8functionIFvN7arduino6StringEEEED2Ev
                0x00000000000002e8       0x1c /home/arduino/ArduinoApps/minimal-rpc-call/.cache/sketch/sketch/sketch.ino.cpp.o
                0x00000000000002e8                RpcFunctionWrapper<std::function<void (arduino::String)> >::~RpcFunctionWrapper()
                0x00000000000002e8                RpcFunctionWrapper<std::function<void (arduino::String)> >::~RpcFunctionWrapper()
 .text._ZN18RpcFunctionWrapperISt8functionIFvN7arduino6StringEEEED0Ev
                0x0000000000000304       0x1c /home/arduino/ArduinoApps/minimal-rpc-call/.cache/sketch/sketch/sketch.ino.cpp.o
                0x0000000000000304                RpcFunctionWrapper<std::function<void (arduino::String)> >::~RpcFunctionWrapper()
 .text._ZN7arduino7msgpack8Unpacker11deserializeEv
                0x0000000000000320       0x16 /home/arduino/ArduinoApps/minimal-rpc-call/.cache/sketch/sketch/sketch.ino.cpp.o
                0x0000000000000320                arduino::msgpack::Unpacker::deserialize()
 .text._ZN7arduino7msgpack8Unpacker5clearEv
                0x0000000000000336       0x14 /home/arduino/ArduinoApps/minimal-rpc-call/.cache/sketch/sketch/sketch.ino.cpp.o
                0x0000000000000336                arduino::msgpack::Unpacker::clear()
 .text._ZNK7arduino7msgpack8Unpacker13getRawBytePtrEjj
                0x000000000000034a       0x1e /home/arduino/ArduinoApps/minimal-rpc-call/.cache/sketch/sketch/sketch.ino.cpp.o
                0x000000000000034a                arduino::msgpack::Unpacker::getRawBytePtr(unsigned int, unsigned int) const
 .text._ZN8RpcErrorC2Ev
                0x0000000000000368       0x2c /home/arduino/ArduinoApps/minimal-rpc-call/.cache/sketch/sketch/sketch.ino.cpp.o
                0x0000000000000368                RpcError::RpcError()
                0x0000000000000368                RpcError::RpcError()
 .text._ZN7arduino7msgpack8UnpackerC2Ev
                0x0000000000000394       0x10 /home/arduino/ArduinoApps/minimal-rpc-call/.cache/sketch/sketch/sketch.ino.cpp.o
                0x0000000000000394                arduino::msgpack::Unpacker::Unpacker()
                0x0000000000000394                arduino::msgpack::Unpacker::Unpacker()
 .text._ZN10RPCRequestILj256EEC2Ev
                0x00000000000003a4       0x4c /home/arduino/ArduinoApps/minimal-rpc-call/.cache/sketch/sketch/sketch.ino.cpp.o
                0x00000000000003a4                RPCRequest<256u>::RPCRequest()
                0x00000000000003a4                RPCRequest<256u>::RPCRequest()
 .text.loop     0x00000000000003f0        0xc /home/arduino/ArduinoApps/minimal-rpc-call/.cache/sketch/sketch/sketch.ino.cpp.o
                0x00000000000003f0                loop
 .text._ZNSt12_Vector_baseIhSaIhEED2Ev
                0x00000000000003fc       0x18 /home/arduino/ArduinoApps/minimal-rpc-call/.cache/sketch/sketch/sketch.ino.cpp.o
                0x00000000000003fc                std::_Vector_base<unsigned char, std::allocator<unsigned char> >::~_Vector_base()
                0x00000000000003fc                std::_Vector_base<unsigned char, std::allocator<unsigned char> >::~_Vector_base()
 .text.__tcf_3  0x0000000000000414       0x14 /home/arduino/ArduinoApps/minimal-rpc-call/.cache/sketch/sketch/sketch.ino.cpp.o
 .text.__tcf_2  0x0000000000000428       0x14 /home/arduino/ArduinoApps/minimal-rpc-call/.cache/sketch/sketch/sketch.ino.cpp.o
 .text._ZNSt6vectorIhSaIhEE14_M_move_assignEOS1_St17integral_constantIbLb1EE.isra.0
                0x000000000000043c       0x34 /home/arduino/ArduinoApps/minimal-rpc-call/.cache/sketch/sketch/sketch.ino.cpp.o
 .text._ZNK7arduino7msgpack8Unpacker11getRawBytesIhEET_jj
                0x0000000000000470       0x1e /home/arduino/ArduinoApps/minimal-rpc-call/.cache/sketch/sketch/sketch.ino.cpp.o
                0x0000000000000470                unsigned char arduino::msgpack::Unpacker::getRawBytes<unsigned char>(unsigned int, unsigned int) const
 *fill*         0x000000000000048e        0x2 
 .text._ZNK7arduino7msgpack8Unpacker7getTypeEj
                0x0000000000000490       0x58 /home/arduino/ArduinoApps/minimal-rpc-call/.cache/sketch/sketch/sketch.ino.cpp.o
                0x0000000000000490                arduino::msgpack::Unpacker::getType(unsigned int) const
 .text._ZNK7arduino7msgpack8Unpacker7getTypeEv
                0x00000000000004e8       0x10 /home/arduino/ArduinoApps/minimal-rpc-call/.cache/sketch/sketch/sketch.ino.cpp.o
                0x00000000000004e8                arduino::msgpack::Unpacker::getType() const
 .text._ZN7arduino7msgpack8Unpacker11unpackInt32Ev
                0x00000000000004f8       0x58 /home/arduino/ArduinoApps/minimal-rpc-call/.cache/sketch/sketch/sketch.ino.cpp.o
                0x00000000000004f8                arduino::msgpack::Unpacker::unpackInt32()
 .text._ZN7arduino7msgpack8Unpacker11unpackInt64Ev
                0x0000000000000550       0x60 /home/arduino/ArduinoApps/minimal-rpc-call/.cache/sketch/sketch/sketch.ino.cpp.o
                0x0000000000000550                arduino::msgpack::Unpacker::unpackInt64()
 .text._ZN7arduino7msgpack8Unpacker9unpackNilEv
                0x00000000000005b0       0x3c /home/arduino/ArduinoApps/minimal-rpc-call/.cache/sketch/sketch/sketch.ino.cpp.o
                0x00000000000005b0                arduino::msgpack::Unpacker::unpackNil()
 .text._ZNK7arduino7msgpack8Unpacker7isArrayEv
                0x00000000000005ec       0x20 /home/arduino/ArduinoApps/minimal-rpc-call/.cache/sketch/sketch/sketch.ino.cpp.o
                0x00000000000005ec                arduino::msgpack::Unpacker::isArray() const
 .text._ZNK7arduino7msgpack8Unpacker5isStrEv
                0x000000000000060c       0x20 /home/arduino/ArduinoApps/minimal-rpc-call/.cache/sketch/sketch/sketch.ino.cpp.o
                0x000000000000060c                arduino::msgpack::Unpacker::isStr() const
 .text._ZNK7arduino7msgpack8Unpacker5isMapEv
                0x000000000000062c       0x20 /home/arduino/ArduinoApps/minimal-rpc-call/.cache/sketch/sketch/sketch.ino.cpp.o
                0x000000000000062c                arduino::msgpack::Unpacker::isMap() const
 .text._ZNK7arduino7msgpack8Unpacker6isUIntEv
                0x000000000000064c       0x20 /home/arduino/ArduinoApps/minimal-rpc-call/.cache/sketch/sketch/sketch.ino.cpp.o
                0x000000000000064c                arduino::msgpack::Unpacker::isUInt() const
 .text._ZNK7arduino7msgpack8Unpacker5isIntEv
                0x000000000000066c       0x20 /home/arduino/ArduinoApps/minimal-rpc-call/.cache/sketch/sketch/sketch.ino.cpp.o
                0x000000000000066c                arduino::msgpack::Unpacker::isInt() const
 .text._ZN7arduino7msgpack8Unpacker11unpackInt16Ev
                0x000000000000068c       0x4c /home/arduino/ArduinoApps/minimal-rpc-call/.cache/sketch/sketch/sketch.ino.cpp.o
                0x000000000000068c                arduino::msgpack::Unpacker::unpackInt16()
 .text._ZN7arduino7msgpack8Unpacker13unpackFloat32Ev
                0x00000000000006d8       0x60 /home/arduino/ArduinoApps/minimal-rpc-call/.cache/sketch/sketch/sketch.ino.cpp.o
                0x00000000000006d8                arduino::msgpack::Unpacker::unpackFloat32()
 .text._ZN7arduino7msgpack8Unpacker13unpackFloat64Ev
                0x0000000000000738       0x6c /home/arduino/ArduinoApps/minimal-rpc-call/.cache/sketch/sketch/sketch.ino.cpp.o
                0x0000000000000738                arduino::msgpack::Unpacker::unpackFloat64()
 .text._ZN7arduino7msgpack8Unpacker10unpackInt5Ev
                0x00000000000007a4       0x4c /home/arduino/ArduinoApps/minimal-rpc-call/.cache/sketch/sketch/sketch.ino.cpp.o
                0x00000000000007a4                arduino::msgpack::Unpacker::unpackInt5()
 .text._ZN7arduino7msgpack8Unpacker11unpackUInt7Ev
                0x00000000000007f0       0x48 /home/arduino/ArduinoApps/minimal-rpc-call/.cache/sketch/sketch/sketch.ino.cpp.o
                0x00000000000007f0                arduino::msgpack::Unpacker::unpackUInt7()
 .text._ZN7arduino7msgpack8Unpacker11unpackUInt8Ev
                0x0000000000000838       0x48 /home/arduino/ArduinoApps/minimal-rpc-call/.cache/sketch/sketch/sketch.ino.cpp.o
                0x0000000000000838                arduino::msgpack::Unpacker::unpackUInt8()
 .text._ZNK7arduino7msgpack8Unpacker11getRawBytesItEET_jj
                0x0000000000000880       0x26 /home/arduino/ArduinoApps/minimal-rpc-call/.cache/sketch/sketch/sketch.ino.cpp.o
                0x0000000000000880                unsigned short arduino::msgpack::Unpacker::getRawBytes<unsigned short>(unsigned int, unsigned int) const
 *fill*         0x00000000000008a6        0x2 
 .text._ZN7arduino7msgpack8Unpacker12unpackUInt16Ev
                0x00000000000008a8       0x48 /home/arduino/ArduinoApps/minimal-rpc-call/.cache/sketch/sketch/sketch.ino.cpp.o
                0x00000000000008a8                arduino::msgpack::Unpacker::unpackUInt16()
 .text._ZNK7arduino7msgpack8Unpacker11getRawBytesIjEET_jj
                0x00000000000008f0       0x34 /home/arduino/ArduinoApps/minimal-rpc-call/.cache/sketch/sketch/sketch.ino.cpp.o
                0x00000000000008f0                unsigned int arduino::msgpack::Unpacker::getRawBytes<unsigned int>(unsigned int, unsigned int) const
 .text._ZNK7arduino7msgpack8Unpacker14getElementSizeEj
                0x0000000000000924      0x11c /home/arduino/ArduinoApps/minimal-rpc-call/.cache/sketch/sketch/sketch.ino.cpp.o
                0x0000000000000924                arduino::msgpack::Unpacker::getElementSize(unsigned int) const
 .text._ZN7arduino7msgpack8Unpacker15unpackArraySizeEv
                0x0000000000000a40       0x78 /home/arduino/ArduinoApps/minimal-rpc-call/.cache/sketch/sketch/sketch.ino.cpp.o
                0x0000000000000a40                arduino::msgpack::Unpacker::unpackArraySize()
 .text._ZN7arduino7msgpack8Unpacker11deserializeINS0_4type9ArraySizeEJEEEbRT_DpOT0_.isra.0
                0x0000000000000ab8       0x40 /home/arduino/ArduinoApps/minimal-rpc-call/.cache/sketch/sketch/sketch.ino.cpp.o
 .text._ZN7arduino7msgpack8Unpacker12unpackUInt32Ev
                0x0000000000000af8       0x48 /home/arduino/ArduinoApps/minimal-rpc-call/.cache/sketch/sketch/sketch.ino.cpp.o
                0x0000000000000af8                arduino::msgpack::Unpacker::unpackUInt32()
 .text._ZN7arduino7msgpack8Unpacker13unpackMapSizeEv
                0x0000000000000b40       0x78 /home/arduino/ArduinoApps/minimal-rpc-call/.cache/sketch/sketch/sketch.ino.cpp.o
                0x0000000000000b40                arduino::msgpack::Unpacker::unpackMapSize()
 .text._ZNK7arduino7msgpack8Unpacker11getRawBytesIyEET_jj
                0x0000000000000bb8       0x3a /home/arduino/ArduinoApps/minimal-rpc-call/.cache/sketch/sketch/sketch.ino.cpp.o
                0x0000000000000bb8                unsigned long long arduino::msgpack::Unpacker::getRawBytes<unsigned long long>(unsigned int, unsigned int) const
 *fill*         0x0000000000000bf2        0x2 
 .text._ZN7arduino7msgpack8Unpacker12unpackUInt64Ev
                0x0000000000000bf4       0x4c /home/arduino/ArduinoApps/minimal-rpc-call/.cache/sketch/sketch/sketch.ino.cpp.o
                0x0000000000000bf4                arduino::msgpack::Unpacker::unpackUInt64()
 .text._ZNK7arduino7msgpack8Unpacker11getRawBytesIaEET_jj
                0x0000000000000c40       0x1e /home/arduino/ArduinoApps/minimal-rpc-call/.cache/sketch/sketch/sketch.ino.cpp.o
                0x0000000000000c40                signed char arduino::msgpack::Unpacker::getRawBytes<signed char>(unsigned int, unsigned int) const
 *fill*         0x0000000000000c5e        0x2 
 .text._ZN7arduino7msgpack8Unpacker10unpackInt8Ev
                0x0000000000000c60       0x48 /home/arduino/ArduinoApps/minimal-rpc-call/.cache/sketch/sketch/sketch.ino.cpp.o
                0x0000000000000c60                arduino::msgpack::Unpacker::unpackInt8()
 .text._ZNK7arduino7msgpack8Unpacker13isTimestamp32Ev
                0x0000000000000ca8       0x2c /home/arduino/ArduinoApps/minimal-rpc-call/.cache/sketch/sketch/sketch.ino.cpp.o
                0x0000000000000ca8                arduino::msgpack::Unpacker::isTimestamp32() const
 .text._ZNK7arduino7msgpack8Unpacker13isTimestamp64Ev
                0x0000000000000cd4       0x2c /home/arduino/ArduinoApps/minimal-rpc-call/.cache/sketch/sketch/sketch.ino.cpp.o
                0x0000000000000cd4                arduino::msgpack::Unpacker::isTimestamp64() const
 .text._ZNK7arduino7msgpack8Unpacker13isTimestamp96Ev
                0x0000000000000d00       0x40 /home/arduino/ArduinoApps/minimal-rpc-call/.cache/sketch/sketch/sketch.ino.cpp.o
                0x0000000000000d00                arduino::msgpack::Unpacker::isTimestamp96() const
 .text._ZNK7arduino7msgpack8Unpacker11getRawBytesIcEET_jj
                0x0000000000000d40       0x1e /home/arduino/ArduinoApps/minimal-rpc-call/.cache/sketch/sketch/sketch.ino.cpp.o
                0x0000000000000d40                char arduino::msgpack::Unpacker::getRawBytes<char>(unsigned int, unsigned int) const
 *fill*         0x0000000000000d5e        0x2 
 .text._ZN7arduino7msgpack8Unpacker11deserializeINS0_6object5nil_tEJEEEbRT_DpOT0_
                0x0000000000000d60       0x40 /home/arduino/ArduinoApps/minimal-rpc-call/.cache/sketch/sketch/sketch.ino.cpp.o
                0x0000000000000d60                bool arduino::msgpack::Unpacker::deserialize<arduino::msgpack::object::nil_t>(arduino::msgpack::object::nil_t&)
 .text._ZN7arduino7msgpack8Unpacker11deserializeIbJEEEbRT_DpOT0_
                0x0000000000000da0       0x68 /home/arduino/ArduinoApps/minimal-rpc-call/.cache/sketch/sketch/sketch.ino.cpp.o
                0x0000000000000da0                bool arduino::msgpack::Unpacker::deserialize<bool>(bool&)
 .text._ZN7arduino7msgpack8Unpacker11deserializeINS_6StringEJEEEbRT_DpOT0_
                0x0000000000000e08      0x174 /home/arduino/ArduinoApps/minimal-rpc-call/.cache/sketch/sketch/sketch.ino.cpp.o
                0x0000000000000e08                bool arduino::msgpack::Unpacker::deserialize<arduino::String>(arduino::String&)
 .text._ZN7arduino7msgpack8Unpacker11deserializeINS0_6object8timespecEJEEEbRT_DpOT0_
                0x0000000000000f7c       0xc4 /home/arduino/ArduinoApps/minimal-rpc-call/.cache/sketch/sketch/sketch.ino.cpp.o
                0x0000000000000f7c                bool arduino::msgpack::Unpacker::deserialize<arduino::msgpack::object::timespec>(arduino::msgpack::object::timespec&)
 .text._ZN17RpcDecoderManagerILj3EE10getDecoderER10ITransport
                0x0000000000001040       0x74 /home/arduino/ArduinoApps/minimal-rpc-call/.cache/sketch/sketch/sketch.ino.cpp.o
                0x0000000000001040                RpcDecoderManager<3u>::getDecoder(ITransport&)
 .text._ZNSt12_Vector_baseIjSaIjEED2Ev
                0x00000000000010b4       0x18 /home/arduino/ArduinoApps/minimal-rpc-call/.cache/sketch/sketch/sketch.ino.cpp.o
                0x00000000000010b4                std::_Vector_base<unsigned int, std::allocator<unsigned int> >::~_Vector_base()
                0x00000000000010b4                std::_Vector_base<unsigned int, std::allocator<unsigned int> >::~_Vector_base()
 .text._ZN10RPCRequestILj256EED2Ev
                0x00000000000010cc       0x2c /home/arduino/ArduinoApps/minimal-rpc-call/.cache/sketch/sketch/sketch.ino.cpp.o
                0x00000000000010cc                RPCRequest<256u>::~RPCRequest()
                0x00000000000010cc                RPCRequest<256u>::~RPCRequest()
 .text._ZNSt6vectorIjSaIjEE17_M_realloc_insertIJRjEEEvN9__gnu_cxx17__normal_iteratorIPjS1_EEDpOT_
                0x00000000000010f8       0xdc /home/arduino/ArduinoApps/minimal-rpc-call/.cache/sketch/sketch/sketch.ino.cpp.o
                0x00000000000010f8                void std::vector<unsigned int, std::allocator<unsigned int> >::_M_realloc_insert<unsigned int&>(__gnu_cxx::__normal_iterator<unsigned int*, std::vector<unsigned int, std::allocator<unsigned int> > >, unsigned int&)
 .text._ZN7arduino7msgpack8Unpacker4feedEPKhj
                0x00000000000011d4       0x78 /home/arduino/ArduinoApps/minimal-rpc-call/.cache/sketch/sketch/sketch.ino.cpp.o
                0x00000000000011d4                arduino::msgpack::Unpacker::feed(unsigned char const*, unsigned int)
 .text._ZNKSt6vectorIhSaIhEE12_M_check_lenEjPKc
                0x000000000000124c       0x38 /home/arduino/ArduinoApps/minimal-rpc-call/.cache/sketch/sketch/sketch.ino.cpp.o
                0x000000000000124c                std::vector<unsigned char, std::allocator<unsigned char> >::_M_check_len(unsigned int, char const*) const
 .text._ZNSt6vectorIhSaIhEE12emplace_backIJRKhEEERhDpOT_.isra.0
                0x0000000000001284       0x90 /home/arduino/ArduinoApps/minimal-rpc-call/.cache/sketch/sketch/sketch.ino.cpp.o
 .text._ZNSt6vectorIhSaIhEE12emplace_backIJhEEERhDpOT_.isra.0
                0x0000000000001314       0x90 /home/arduino/ArduinoApps/minimal-rpc-call/.cache/sketch/sketch/sketch.ino.cpp.o
 .text._ZN7arduino7msgpack8Unpacker11deserializeISt6vectorIhSaIhEEJEEEbRT_DpOT0_
                0x00000000000013a4      0x13c /home/arduino/ArduinoApps/minimal-rpc-call/.cache/sketch/sketch/sketch.ino.cpp.o
                0x00000000000013a4                bool arduino::msgpack::Unpacker::deserialize<std::vector<unsigned char, std::allocator<unsigned char> >>(std::vector<unsigned char, std::allocator<unsigned char> >&)
 .text._ZN7arduino7msgpack6Packer11packRawByteERKNS0_4TypeE.isra.0
                0x00000000000014e0       0x18 /home/arduino/ArduinoApps/minimal-rpc-call/.cache/sketch/sketch/sketch.ino.cpp.o
 .text._ZN7arduino7msgpack6Packer7packNilEv
                0x00000000000014f8       0x18 /home/arduino/ArduinoApps/minimal-rpc-call/.cache/sketch/sketch/sketch.ino.cpp.o
                0x00000000000014f8                arduino::msgpack::Packer::packNil()
 .text._ZN7arduino7msgpack6Packer9packUInt8Eh
                0x0000000000001510       0x2c /home/arduino/ArduinoApps/minimal-rpc-call/.cache/sketch/sketch/sketch.ino.cpp.o
                0x0000000000001510                arduino::msgpack::Packer::packUInt8(unsigned char)
 .text._ZNSt6vectorIhSaIhEE12emplace_backIJRhEEES3_DpOT_.isra.0
                0x000000000000153c       0x90 /home/arduino/ArduinoApps/minimal-rpc-call/.cache/sketch/sketch/sketch.ino.cpp.o
 .text._ZN7arduino7msgpack6Packer15packRawReversedIjEEvRKT_
                0x00000000000015cc       0x1c /home/arduino/ArduinoApps/minimal-rpc-call/.cache/sketch/sketch/sketch.ino.cpp.o
                0x00000000000015cc                void arduino::msgpack::Packer::packRawReversed<unsigned int>(unsigned int const&)
 .text._ZN7arduino7msgpack6Packer10packUInt32Ej
                0x00000000000015e8       0x28 /home/arduino/ArduinoApps/minimal-rpc-call/.cache/sketch/sketch/sketch.ino.cpp.o
                0x00000000000015e8                arduino::msgpack::Packer::packUInt32(unsigned int)
 .text._ZN7arduino7msgpack6Packer15packRawReversedItEEvRKT_
                0x0000000000001610       0x1c /home/arduino/ArduinoApps/minimal-rpc-call/.cache/sketch/sketch/sketch.ino.cpp.o
                0x0000000000001610                void arduino::msgpack::Packer::packRawReversed<unsigned short>(unsigned short const&)
 .text._ZN7arduino7msgpack6Packer13packArraySizeEj
                0x000000000000162c       0x58 /home/arduino/ArduinoApps/minimal-rpc-call/.cache/sketch/sketch/sketch.ino.cpp.o
                0x000000000000162c                arduino::msgpack::Packer::packArraySize(unsigned int)
 .text._ZN7arduino7msgpack6Packer10packUInt16Et
                0x0000000000001684       0x2c /home/arduino/ArduinoApps/minimal-rpc-call/.cache/sketch/sketch/sketch.ino.cpp.o
                0x0000000000001684                arduino::msgpack::Packer::packUInt16(unsigned short)
 .text._ZN7arduino7msgpack6Packer11packIntegerIjEENSt9enable_ifIXaaaaaasrSt13is_arithmeticIT_E5valuesrSt11is_integralIS5_E5valuentsrSt7is_sameIS5_bE5valuentsrS9_INSt9remove_cvIS5_E4typeEPcE5valueEvE4typeERKS5_.isra.0
                0x00000000000016b0       0x50 /home/arduino/ArduinoApps/minimal-rpc-call/.cache/sketch/sketch/sketch.ino.cpp.o
 .text._ZN7arduino7msgpack6Packer11packIntegerIiEENSt9enable_ifIXaaaaaasrSt13is_arithmeticIT_E5valuesrSt11is_integralIS5_E5valuentsrSt7is_sameIS5_bE5valuentsrS9_INSt9remove_cvIS5_E4typeEPcE5valueEvE4typeERKS5_.isra.0
                0x0000000000001700       0xb8 /home/arduino/ArduinoApps/minimal-rpc-call/.cache/sketch/sketch/sketch.ino.cpp.o
 .text._ZN7arduino7msgpack6Packer12packRawBytesEPKcj
                0x00000000000017b8       0x9c /home/arduino/ArduinoApps/minimal-rpc-call/.cache/sketch/sketch/sketch.ino.cpp.o
                0x00000000000017b8                arduino::msgpack::Packer::packRawBytes(char const*, unsigned int)
 .text._ZN7arduino7msgpack6Packer4packERKNS_6StringE
                0x0000000000001854       0x7c /home/arduino/ArduinoApps/minimal-rpc-call/.cache/sketch/sketch/sketch.ino.cpp.o
                0x0000000000001854                arduino::msgpack::Packer::pack(arduino::String const&)
 .text._ZN7arduino7msgpack6Packer9serializeIJRKiRjRKNS_6StringEEEEvRKNS0_4type9ArraySizeEDpOT_.isra.0
                0x00000000000018d0       0x38 /home/arduino/ArduinoApps/minimal-rpc-call/.cache/sketch/sketch/sketch.ino.cpp.o
 .text._ZN7arduino7msgpack6Packer9serializeI8RpcErrorJRNS0_6object5nil_tEEEENSt9enable_ifIXoooontsrSt10is_pointerIT_E5valuesrSt7is_sameIS9_PKcE5valuesrSB_IS9_PKNS_19__FlashStringHelperEE5valueEvE4typeERKS9_DpOT0_.isra.0
                0x0000000000001908       0x38 /home/arduino/ArduinoApps/minimal-rpc-call/.cache/sketch/sketch/sketch.ino.cpp.o
 .text._ZN18RpcFunctionWrapperISt8functionIFvN7arduino6StringEEEEclERNS1_7msgpack8UnpackerERNS6_6PackerE
                0x0000000000001940      0x140 /home/arduino/ArduinoApps/minimal-rpc-call/.cache/sketch/sketch/sketch.ino.cpp.o
                0x0000000000001940                RpcFunctionWrapper<std::function<void (arduino::String)> >::operator()(arduino::msgpack::Unpacker&, arduino::msgpack::Packer&)
 .text._ZN7arduino7msgpack8Unpacker9unpackIntIiEENSt9enable_ifIXaaaaaaaasrSt13is_arithmeticIT_E5valuesrSt11is_integralIS5_E5valuentsrSt7is_sameIS5_bE5valuentsrS9_INSt9remove_cvIS5_E4typeEPcE5valuesrSt9is_signedIS5_E5valueES5_E4typeEv
                0x0000000000001a80       0xd0 /home/arduino/ArduinoApps/minimal-rpc-call/.cache/sketch/sketch/sketch.ino.cpp.o
                0x0000000000001a80                std::enable_if<(((std::is_arithmetic<int>::value&&std::is_integral<int>::value)&&(!std::is_same<int, bool>::value))&&(!std::is_same<std::remove_cv<int>::type, char*>::value))&&std::is_signed<int>::value, int>::type arduino::msgpack::Unpacker::unpackInt<int>()
 .text._ZN7arduino7msgpack8Unpacker11deserializeIiJEEEbRT_DpOT0_
                0x0000000000001b50       0x40 /home/arduino/ArduinoApps/minimal-rpc-call/.cache/sketch/sketch/sketch.ino.cpp.o
                0x0000000000001b50                bool arduino::msgpack::Unpacker::deserialize<int>(int&)
 .text._ZN7arduino7msgpack8Unpacker11unpackFloatIfEENSt9enable_ifIXaasrSt13is_arithmeticIT_E5valuesrSt17is_floating_pointIS5_E5valueES5_E4typeEv
                0x0000000000001b90      0x118 /home/arduino/ArduinoApps/minimal-rpc-call/.cache/sketch/sketch/sketch.ino.cpp.o
                0x0000000000001b90                std::enable_if<std::is_arithmetic<float>::value&&std::is_floating_point<float>::value, float>::type arduino::msgpack::Unpacker::unpackFloat<float>()
 .text._ZN7arduino7msgpack8Unpacker11unpackFloatIdEENSt9enable_ifIXaasrSt13is_arithmeticIT_E5valuesrSt17is_floating_pointIS5_E5valueES5_E4typeEv
                0x0000000000001ca8      0x118 /home/arduino/ArduinoApps/minimal-rpc-call/.cache/sketch/sketch/sketch.ino.cpp.o
                0x0000000000001ca8                std::enable_if<std::is_arithmetic<double>::value&&std::is_floating_point<double>::value, double>::type arduino::msgpack::Unpacker::unpackFloat<double>()
 .text._ZN7arduino7msgpack8Unpacker11deserializeINS0_4type9ArraySizeEJRiEEEbRT_DpOT0_
                0x0000000000001dc0       0x44 /home/arduino/ArduinoApps/minimal-rpc-call/.cache/sketch/sketch/sketch.ino.cpp.o
                0x0000000000001dc0                bool arduino::msgpack::Unpacker::deserialize<arduino::msgpack::type::ArraySize, int&>(arduino::msgpack::type::ArraySize&, int&)
 .text._ZNK10RpcDecoderILj1024EE4sendEPKhj
                0x0000000000001e04       0x22 /home/arduino/ArduinoApps/minimal-rpc-call/.cache/sketch/sketch/sketch.ino.cpp.o
                0x0000000000001e04                RpcDecoder<1024u>::send(unsigned char const*, unsigned int) const
 *fill*         0x0000000000001e26        0x2 
 .text._ZN9RPCClient8send_rpcIJRKN7arduino6StringEEEEbS4_RjDpOT_.isra.0
                0x0000000000001e28       0x84 /home/arduino/ArduinoApps/minimal-rpc-call/.cache/sketch/sketch/sketch.ino.cpp.o
 .text._ZN9RPCClient8send_rpcIJEEEbRKN7arduino6StringERjDpOT_.isra.0
                0x0000000000001eac       0x74 /home/arduino/ArduinoApps/minimal-rpc-call/.cache/sketch/sketch/sketch.ino.cpp.o
 .text._ZN9RPCClient8send_rpcIJRKjEEEbRKN7arduino6StringERjDpOT_.isra.0
                0x0000000000001f20       0x84 /home/arduino/ArduinoApps/minimal-rpc-call/.cache/sketch/sketch/sketch.ino.cpp.o
 .text._ZNK9RPCServer13send_responseILj256EEEbRK10RPCRequestIXT_EE.isra.0
                0x0000000000001fa4       0x24 /home/arduino/ArduinoApps/minimal-rpc-call/.cache/sketch/sketch/sketch.ino.cpp.o
 .text._ZN10RpcDecoderILj1024EE7consumeEjj
                0x0000000000001fc8       0x36 /home/arduino/ArduinoApps/minimal-rpc-call/.cache/sketch/sketch/sketch.ino.cpp.o
                0x0000000000001fc8                RpcDecoder<1024u>::consume(unsigned int, unsigned int)
 *fill*         0x0000000000001ffe        0x2 
 .text._ZN10RpcDecoderILj1024EE7discardEv
                0x0000000000002000       0x2c /home/arduino/ArduinoApps/minimal-rpc-call/.cache/sketch/sketch/sketch.ino.cpp.o
                0x0000000000002000                RpcDecoder<1024u>::discard()
 .text._ZN7arduino7msgpack8Unpacker11deserializeI8RpcErrorJRNS0_6object5nil_tEEEEbRT_DpOT0_
                0x000000000000202c       0x90 /home/arduino/ArduinoApps/minimal-rpc-call/.cache/sketch/sketch/sketch.ino.cpp.o
                0x000000000000202c                bool arduino::msgpack::Unpacker::deserialize<RpcError, arduino::msgpack::object::nil_t&>(RpcError&, arduino::msgpack::object::nil_t&)
 .text._Z4wrapIRFvN7arduino6StringEESt8functionIS2_EEP18RpcFunctionWrapperIT0_EOT_
                0x00000000000020bc       0x6c /home/arduino/ArduinoApps/minimal-rpc-call/.cache/sketch/sketch/sketch.ino.cpp.o
                0x00000000000020bc                RpcFunctionWrapper<std::function<void (arduino::String)> >* wrap<void (&)(arduino::String), std::function<void (arduino::String)> >(void (&)(arduino::String))
 .text._ZN7arduino7msgpack8Unpacker10unpackUIntIjEENSt9enable_ifIXaaaaaaaasrSt13is_arithmeticIT_E5valuesrSt11is_integralIS5_E5valuentsrSt7is_sameIS5_bE5valuentsrS9_INSt9remove_cvIS5_E4typeEPcE5valuentsrSt9is_signedIS5_E5valueES5_E4typeEv
                0x0000000000002128       0x80 /home/arduino/ArduinoApps/minimal-rpc-call/.cache/sketch/sketch/sketch.ino.cpp.o
                0x0000000000002128                std::enable_if<(((std::is_arithmetic<unsigned int>::value&&std::is_integral<unsigned int>::value)&&(!std::is_same<unsigned int, bool>::value))&&(!std::is_same<std::remove_cv<unsigned int>::type, char*>::value))&&(!std::is_signed<unsigned int>::value), unsigned int>::type arduino::msgpack::Unpacker::unpackUInt<unsigned int>()
 .text._ZN7arduino7msgpack8Unpacker11deserializeIjJRNS_6StringEEEEbRT_DpOT0_
                0x00000000000021a8       0x44 /home/arduino/ArduinoApps/minimal-rpc-call/.cache/sketch/sketch/sketch.ino.cpp.o
                0x00000000000021a8                bool arduino::msgpack::Unpacker::deserialize<unsigned int, arduino::String&>(unsigned int&, arduino::String&)
 .text._ZN10RpcDecoderILj1024EE16fetch_rpc_methodEv
                0x00000000000021ec       0xe8 /home/arduino/ArduinoApps/minimal-rpc-call/.cache/sketch/sketch/sketch.ino.cpp.o
                0x00000000000021ec                RpcDecoder<1024u>::fetch_rpc_method()
 .text._ZN10RPCRequestILj256EE22unpack_request_headersEv
                0x00000000000022d4       0xb8 /home/arduino/ArduinoApps/minimal-rpc-call/.cache/sketch/sketch/sketch.ino.cpp.o
                0x00000000000022d4                RPCRequest<256u>::unpack_request_headers()
 .text._ZN9RPCServer15process_requestILj256EEEvR10RPCRequestIXT_EE
                0x000000000000238c      0x114 /home/arduino/ArduinoApps/minimal-rpc-call/.cache/sketch/sketch/sketch.ino.cpp.o
                0x000000000000238c                void RPCServer::process_request<256u>(RPCRequest<256u>&)
 .text._ZN7arduino7msgpack8Unpacker11deserializeIjJEEEbRT_DpOT0_
                0x00000000000024a0       0x40 /home/arduino/ArduinoApps/minimal-rpc-call/.cache/sketch/sketch/sketch.ino.cpp.o
                0x00000000000024a0                bool arduino::msgpack::Unpacker::deserialize<unsigned int>(unsigned int&)
 .text._ZN7arduino7msgpack8Unpacker11deserializeINS0_4type9ArraySizeEJRiRjEEEbRT_DpOT0_
                0x00000000000024e0       0x78 /home/arduino/ArduinoApps/minimal-rpc-call/.cache/sketch/sketch/sketch.ino.cpp.o
                0x00000000000024e0                bool arduino::msgpack::Unpacker::deserialize<arduino::msgpack::type::ArraySize, int&, unsigned int&>(arduino::msgpack::type::ArraySize&, int&, unsigned int&)
 .text._ZN10RpcDecoderILj1024EE12get_responseIN7arduino7msgpack6object5nil_tEEEbjRT_R8RpcError
                0x0000000000002558      0x168 /home/arduino/ArduinoApps/minimal-rpc-call/.cache/sketch/sketch/sketch.ino.cpp.o
                0x0000000000002558                bool RpcDecoder<1024u>::get_response<arduino::msgpack::object::nil_t>(unsigned int, arduino::msgpack::object::nil_t&, RpcError&)
 .text._ZN10RpcDecoderILj1024EE12get_responseIbEEbjRT_R8RpcError
                0x00000000000026c0      0x168 /home/arduino/ArduinoApps/minimal-rpc-call/.cache/sketch/sketch/sketch.ino.cpp.o
                0x00000000000026c0                bool RpcDecoder<1024u>::get_response<bool>(unsigned int, bool&, RpcError&)
 .text._ZNSt11__copy_moveILb0ELb1ESt26random_access_iterator_tagE8__copy_mIhEEPT_PKS3_S6_S4_
                0x0000000000002828       0x1c /home/arduino/ArduinoApps/minimal-rpc-call/.cache/sketch/sketch/sketch.ino.cpp.o
                0x0000000000002828                unsigned char* std::__copy_move<false, true, std::random_access_iterator_tag>::__copy_m<unsigned char>(unsigned char const*, unsigned char const*, unsigned char*)
 .text._ZNSt11__copy_moveILb1ELb1ESt26random_access_iterator_tagE8__copy_mIhEEPT_PKS3_S6_S4_
                0x0000000000002844       0x1c /home/arduino/ArduinoApps/minimal-rpc-call/.cache/sketch/sketch/sketch.ino.cpp.o
                0x0000000000002844                unsigned char* std::__copy_move<true, true, std::random_access_iterator_tag>::__copy_m<unsigned char>(unsigned char const*, unsigned char const*, unsigned char*)
 .text._ZN7arduino7msgpack6object3extC2EaPKhj
                0x0000000000002860      0x104 /home/arduino/ArduinoApps/minimal-rpc-call/.cache/sketch/sketch/sketch.ino.cpp.o
                0x0000000000002860                arduino::msgpack::object::ext::ext(signed char, unsigned char const*, unsigned int)
                0x0000000000002860                arduino::msgpack::object::ext::ext(signed char, unsigned char const*, unsigned int)
 .text._ZN7arduino7msgpack8Unpacker9unpackExtEv
                0x0000000000002964      0x178 /home/arduino/ArduinoApps/minimal-rpc-call/.cache/sketch/sketch/sketch.ino.cpp.o
                0x0000000000002964                arduino::msgpack::Unpacker::unpackExt()
 .text._ZN8RpcUtils6detail12unpackObjectERN7arduino7msgpack8UnpackerE
                0x0000000000002adc      0x290 /home/arduino/ArduinoApps/minimal-rpc-call/.cache/sketch/sketch/sketch.ino.cpp.o
                0x0000000000002adc                RpcUtils::detail::unpackObject(arduino::msgpack::Unpacker&)
 .text._ZN10RpcDecoderILj1024EE12parse_packetEv
                0x0000000000002d6c       0xf8 /home/arduino/ArduinoApps/minimal-rpc-call/.cache/sketch/sketch/sketch.ino.cpp.o
                0x0000000000002d6c                RpcDecoder<1024u>::parse_packet()
 .text._ZN10RpcDecoderILj1024EE6decodeEv
                0x0000000000002e64       0x40 /home/arduino/ArduinoApps/minimal-rpc-call/.cache/sketch/sketch/sketch.ino.cpp.o
                0x0000000000002e64                RpcDecoder<1024u>::decode()
 .text._ZN9RPCServer7get_rpcILj256EEEbR10RPCRequestIXT_EEN7arduino6StringE
                0x0000000000002ea4       0xc4 /home/arduino/ArduinoApps/minimal-rpc-call/.cache/sketch/sketch/sketch.ino.cpp.o
                0x0000000000002ea4                bool RPCServer::get_rpc<256u>(RPCRequest<256u>&, arduino::String)
 .text._ZN11BridgeClass11update_safeEv
                0x0000000000002f68       0xb0 /home/arduino/ArduinoApps/minimal-rpc-call/.cache/sketch/sketch/sketch.ino.cpp.o
                0x0000000000002f68                BridgeClass::update_safe()
 .text._Z10__loopHookv
                0x0000000000003018       0x20 /home/arduino/ArduinoApps/minimal-rpc-call/.cache/sketch/sketch/sketch.ino.cpp.o
                0x0000000000003018                __loopHook()
 .text._ZN11BridgeClass6updateEv
                0x0000000000003038       0xb0 /home/arduino/ArduinoApps/minimal-rpc-call/.cache/sketch/sketch/sketch.ino.cpp.o
                0x0000000000003038                BridgeClass::update()
 .text._Z16updateEntryPointPvS_S_
                0x00000000000030e8       0x24 /home/arduino/ArduinoApps/minimal-rpc-call/.cache/sketch/sketch/sketch.ino.cpp.o
                0x00000000000030e8                updateEntryPoint(void*, void*, void*)
 .text._ZN9RPCClient12get_responseIN7arduino7msgpack6object5nil_tEEEbjRT_R8RpcError
                0x000000000000310c       0x40 /home/arduino/ArduinoApps/minimal-rpc-call/.cache/sketch/sketch/sketch.ino.cpp.o
                0x000000000000310c                bool RPCClient::get_response<arduino::msgpack::object::nil_t>(unsigned int, arduino::msgpack::object::nil_t&, RpcError&)
 .text._ZN9RpcResultIJEED2Ev
                0x000000000000314c       0x9c /home/arduino/ArduinoApps/minimal-rpc-call/.cache/sketch/sketch/sketch.ino.cpp.o
                0x000000000000314c                RpcResult<>::~RpcResult()
                0x000000000000314c                RpcResult<>::~RpcResult()
 .text._ZN9RPCClient12get_responseIbEEbjRT_R8RpcError
                0x00000000000031e8       0x40 /home/arduino/ArduinoApps/minimal-rpc-call/.cache/sketch/sketch/sketch.ino.cpp.o
                0x00000000000031e8                bool RPCClient::get_response<bool>(unsigned int, bool&, RpcError&)
 .text._ZN9RpcResultIJRKN7arduino6StringEEE6resultIbEEbRT_
                0x0000000000003228       0x90 /home/arduino/ArduinoApps/minimal-rpc-call/.cache/sketch/sketch/sketch.ino.cpp.o
                0x0000000000003228                bool RpcResult<arduino::String const&>::result<bool>(bool&)
 .text._ZN9RpcResultIJEE6resultIbEEbRT_.isra.0
                0x00000000000032b8       0x88 /home/arduino/ArduinoApps/minimal-rpc-call/.cache/sketch/sketch/sketch.ino.cpp.o
 .text._ZN11BridgeClass5beginEm
                0x0000000000003340      0x154 /home/arduino/ArduinoApps/minimal-rpc-call/.cache/sketch/sketch/sketch.ino.cpp.o
                0x0000000000003340                BridgeClass::begin(unsigned long)
 .text._ZN8RpcUtils6detail9unpackMapERN7arduino7msgpack8UnpackerERj
                0x0000000000003494       0x80 /home/arduino/ArduinoApps/minimal-rpc-call/.cache/sketch/sketch/sketch.ino.cpp.o
                0x0000000000003494                RpcUtils::detail::unpackMap(arduino::msgpack::Unpacker&, unsigned int&)
 .text._ZN10RpcDecoderILj1024EE12get_responseIjEEbjRT_R8RpcError
                0x0000000000003514      0x168 /home/arduino/ArduinoApps/minimal-rpc-call/.cache/sketch/sketch/sketch.ino.cpp.o
                0x0000000000003514                bool RpcDecoder<1024u>::get_response<unsigned int>(unsigned int, unsigned int&, RpcError&)
 .text._ZN9RpcResultIJRN7arduino6StringEEE6resultIjEEbRT_
                0x000000000000367c       0xbc /home/arduino/ArduinoApps/minimal-rpc-call/.cache/sketch/sketch/sketch.ino.cpp.o
                0x000000000000367c                bool RpcResult<arduino::String&>::result<unsigned int>(unsigned int&)
 .text._ZN13BridgeMonitorILj512EE5writeEPKhj
                0x0000000000003738      0x128 /home/arduino/ArduinoApps/minimal-rpc-call/.cache/sketch/sketch/sketch.ino.cpp.o
                0x0000000000003738                BridgeMonitor<512u>::write(unsigned char const*, unsigned int)
 .text._ZN10RpcDecoderILj1024EE12get_responseISt6vectorIhSaIhEEEEbjRT_R8RpcError
                0x0000000000003860      0x168 /home/arduino/ArduinoApps/minimal-rpc-call/.cache/sketch/sketch/sketch.ino.cpp.o
                0x0000000000003860                bool RpcDecoder<1024u>::get_response<std::vector<unsigned char, std::allocator<unsigned char> > >(unsigned int, std::vector<unsigned char, std::allocator<unsigned char> >&, RpcError&)
 .text._ZN9RpcResultIJRjEE6resultISt6vectorIhSaIhEEEEbRT_
                0x00000000000039c8       0xbc /home/arduino/ArduinoApps/minimal-rpc-call/.cache/sketch/sketch/sketch.ino.cpp.o
                0x00000000000039c8                bool RpcResult<unsigned int&>::result<std::vector<unsigned char, std::allocator<unsigned char> > >(std::vector<unsigned char, std::allocator<unsigned char> >&)
 .text._ZN13BridgeMonitorILj512EE5_readEj
                0x0000000000003a84      0x15c /home/arduino/ArduinoApps/minimal-rpc-call/.cache/sketch/sketch/sketch.ino.cpp.o
                0x0000000000003a84                BridgeMonitor<512u>::_read(unsigned int)
 .text._ZN13BridgeMonitorILj512EE9availableEv
                0x0000000000003be0       0x44 /home/arduino/ArduinoApps/minimal-rpc-call/.cache/sketch/sketch/sketch.ino.cpp.o
                0x0000000000003be0                BridgeMonitor<512u>::available()
 .text._GLOBAL__sub_I_Bridge
                0x0000000000003c24       0xe4 /home/arduino/ArduinoApps/minimal-rpc-call/.cache/sketch/sketch/sketch.ino.cpp.o
 .text._GLOBAL__sub_D_Bridge
                0x0000000000003d08       0x20 /home/arduino/ArduinoApps/minimal-rpc-call/.cache/sketch/sketch/sketch.ino.cpp.o
 .text.setup    0x0000000000003d28      0x2b4 /home/arduino/ArduinoApps/minimal-rpc-call/.cache/sketch/sketch/sketch.ino.cpp.o
                0x0000000000003d28                setup
 .text._GLOBAL__sub_I__ZN11HS300xClass15_measurementReqEv
                0x0000000000003fdc       0x10 /home/arduino/ArduinoApps/minimal-rpc-call/.cache/sketch/libraries/Arduino_HS300x/HS300x.cpp.o
 .text._GLOBAL__sub_I__ZN12LPS22HBClassC2ERN7arduino9ZephyrI2CE
                0x0000000000003fec       0x14 /home/arduino/ArduinoApps/minimal-rpc-call/.cache/sketch/libraries/Arduino_LPS22HB/BARO.cpp.o
 .text._GLOBAL__sub_I__ZN13LSM6DSOXClassC2ERN7arduino9ZephyrI2CEh
                0x0000000000004000       0x28 /home/arduino/ArduinoApps/minimal-rpc-call/.cache/sketch/libraries/Arduino_LSM6DSOX/LSM6DSOX.cpp.o
 .text._Z21__increaseI2CPriorityv
                0x0000000000004028        0x2 /home/arduino/ArduinoApps/minimal-rpc-call/.cache/sketch/libraries/Modulino/Modulino.cpp.o
                0x0000000000004028                __increaseI2CPriority()
 *fill*         0x000000000000402a        0x2 
 .text._GLOBAL__sub_I_Modulino
                0x000000000000402c       0x44 /home/arduino/ArduinoApps/minimal-rpc-call/.cache/sketch/libraries/Modulino/Modulino.cpp.o
 .text._ZN7arduino9ZephyrI2C5writeEi
                0x0000000000004070        0x8 /home/arduino/ArduinoApps/minimal-rpc-call/.cache/sketch/libraries/Wire/Wire.cpp.o
                0x0000000000004070                arduino::ZephyrI2C::write(int)
 .text._ZN7arduino9ZephyrI2C5beginEv
                0x0000000000004078        0x2 /home/arduino/ArduinoApps/minimal-rpc-call/.cache/sketch/libraries/Wire/Wire.cpp.o
                0x0000000000004078                arduino::ZephyrI2C::flush()
                0x0000000000004078                arduino::ZephyrI2C::begin()
 .text._ZN7arduino9ZephyrI2C15endTransmissionEv
                0x000000000000407a        0x8 /home/arduino/ArduinoApps/minimal-rpc-call/.cache/sketch/libraries/Wire/Wire.cpp.o
                0x000000000000407a                arduino::ZephyrI2C::endTransmission()
 .text._ZN7arduino9ZephyrI2C11requestFromEhj
                0x0000000000004082       0x10 /home/arduino/ArduinoApps/minimal-rpc-call/.cache/sketch/libraries/Wire/Wire.cpp.o
                0x0000000000004082                arduino::ZephyrI2C::requestFrom(unsigned char, unsigned int)
 .text._ZN7arduino9ZephyrI2C9availableEv
                0x0000000000004092        0xe /home/arduino/ArduinoApps/minimal-rpc-call/.cache/sketch/libraries/Wire/Wire.cpp.o
                0x0000000000004092                arduino::ZephyrI2C::available()
 .text._ZN7arduino9ZephyrI2C9onReceiveEPFviE
                0x00000000000040a0        0x6 /home/arduino/ArduinoApps/minimal-rpc-call/.cache/sketch/libraries/Wire/Wire.cpp.o
                0x00000000000040a0                arduino::ZephyrI2C::onReceive(void (*)(int))
 .text._ZN7arduino9ZephyrI2C9onRequestEPFvvE
                0x00000000000040a6        0x6 /home/arduino/ArduinoApps/minimal-rpc-call/.cache/sketch/libraries/Wire/Wire.cpp.o
                0x00000000000040a6                arduino::ZephyrI2C::onRequest(void (*)())
 .text._ZN7arduino9ZephyrI2C5writeEh
                0x00000000000040ac       0x1c /home/arduino/ArduinoApps/minimal-rpc-call/.cache/sketch/libraries/Wire/Wire.cpp.o
                0x00000000000040ac                arduino::ZephyrI2C::write(unsigned char)
 .text._ZN7arduino9ZephyrI2C5writeEPKhj
                0x00000000000040c8        0xc /home/arduino/ArduinoApps/minimal-rpc-call/.cache/sketch/libraries/Wire/Wire.cpp.o
                0x00000000000040c8                arduino::ZephyrI2C::write(unsigned char const*, unsigned int)
 .text._ZN7arduino9ZephyrI2C4readEv
                0x00000000000040d4       0x28 /home/arduino/ArduinoApps/minimal-rpc-call/.cache/sketch/libraries/Wire/Wire.cpp.o
                0x00000000000040d4                arduino::ZephyrI2C::read()
 .text._ZL28i2c_target_read_processed_cbP17i2c_target_configPh
                0x00000000000040fc       0x18 /home/arduino/ArduinoApps/minimal-rpc-call/.cache/sketch/libraries/Wire/Wire.cpp.o
 .text._ZN7arduino9ZephyrI2C4peekEv
                0x0000000000004114       0x28 /home/arduino/ArduinoApps/minimal-rpc-call/.cache/sketch/libraries/Wire/Wire.cpp.o
                0x0000000000004114                arduino::ZephyrI2C::peek()
 .text._ZN7arduino9ZephyrI2C3endEv
                0x000000000000413c       0x24 /home/arduino/ArduinoApps/minimal-rpc-call/.cache/sketch/libraries/Wire/Wire.cpp.o
                0x000000000000413c                arduino::ZephyrI2C::end()
 .text._ZN7arduino9ZephyrI2C5beginEh
                0x0000000000004160       0x20 /home/arduino/ArduinoApps/minimal-rpc-call/.cache/sketch/libraries/Wire/Wire.cpp.o
                0x0000000000004160                arduino::ZephyrI2C::begin(unsigned char)
 .text._ZN7arduino9ZephyrI2C8setClockEj
                0x0000000000004180       0x3c /home/arduino/ArduinoApps/minimal-rpc-call/.cache/sketch/libraries/Wire/Wire.cpp.o
                0x0000000000004180                arduino::ZephyrI2C::setClock(unsigned int)
 .text._ZN7arduino9ZephyrI2C15endTransmissionEb
                0x00000000000041bc       0x74 /home/arduino/ArduinoApps/minimal-rpc-call/.cache/sketch/libraries/Wire/Wire.cpp.o
                0x00000000000041bc                arduino::ZephyrI2C::endTransmission(bool)
 .text._ZN7arduino9ZephyrI2C11requestFromEhjb
                0x0000000000004230       0x98 /home/arduino/ArduinoApps/minimal-rpc-call/.cache/sketch/libraries/Wire/Wire.cpp.o
                0x0000000000004230                arduino::ZephyrI2C::requestFrom(unsigned char, unsigned int, bool)
 .text._ZL29i2c_target_write_requested_cbP17i2c_target_config
                0x00000000000042c8        0xe /home/arduino/ArduinoApps/minimal-rpc-call/.cache/sketch/libraries/Wire/Wire.cpp.o
 .text._ZN7arduino9ZephyrI2C17beginTransmissionEh
                0x00000000000042d6       0x14 /home/arduino/ArduinoApps/minimal-rpc-call/.cache/sketch/libraries/Wire/Wire.cpp.o
                0x00000000000042d6                arduino::ZephyrI2C::beginTransmission(unsigned char)
 *fill*         0x00000000000042ea        0x2 
 .text._ZN7arduino9ZephyrI2CC2EPK6device
                0x00000000000042ec       0x4c /home/arduino/ArduinoApps/minimal-rpc-call/.cache/sketch/libraries/Wire/Wire.cpp.o
                0x00000000000042ec                arduino::ZephyrI2C::ZephyrI2C(device const*)
                0x00000000000042ec                arduino::ZephyrI2C::ZephyrI2C(device const*)
 .text._ZN7arduino9ZephyrI2C21writeReceivedCallbackEP17i2c_target_configh
                0x0000000000004338       0x44 /home/arduino/ArduinoApps/minimal-rpc-call/.cache/sketch/libraries/Wire/Wire.cpp.o
                0x0000000000004338                arduino::ZephyrI2C::writeReceivedCallback(i2c_target_config*, unsigned char)
 .text._ZL28i2c_target_write_received_cbP17i2c_target_configh
                0x000000000000437c       0x10 /home/arduino/ArduinoApps/minimal-rpc-call/.cache/sketch/libraries/Wire/Wire.cpp.o
 .text._ZN7arduino9ZephyrI2C21readRequestedCallbackEP17i2c_target_configPh
                0x000000000000438c       0x30 /home/arduino/ArduinoApps/minimal-rpc-call/.cache/sketch/libraries/Wire/Wire.cpp.o
                0x000000000000438c                arduino::ZephyrI2C::readRequestedCallback(i2c_target_config*, unsigned char*)
 .text._ZL28i2c_target_read_requested_cbP17i2c_target_configPh
                0x00000000000043bc       0x10 /home/arduino/ArduinoApps/minimal-rpc-call/.cache/sketch/libraries/Wire/Wire.cpp.o
 .text._ZN7arduino9ZephyrI2C12stopCallbackEP17i2c_target_config
                0x00000000000043cc       0x1c /home/arduino/ArduinoApps/minimal-rpc-call/.cache/sketch/libraries/Wire/Wire.cpp.o
                0x00000000000043cc                arduino::ZephyrI2C::stopCallback(i2c_target_config*)
 .text._ZL18i2c_target_stop_cbP17i2c_target_config
                0x00000000000043e8        0xc /home/arduino/ArduinoApps/minimal-rpc-call/.cache/sketch/libraries/Wire/Wire.cpp.o
 .text._GLOBAL__sub_I__ZN7arduino9ZephyrI2CC2EPK6device
                0x00000000000043f4       0x28 /home/arduino/ArduinoApps/minimal-rpc-call/.cache/sketch/libraries/Wire/Wire.cpp.o
 .text._ZN7arduino9ZephyrSPI14usingInterruptEi
                0x000000000000441c        0x2 /home/arduino/ArduinoApps/minimal-rpc-call/.cache/sketch/libraries/SPI/SPI.cpp.o
                0x000000000000441c                arduino::ZephyrSPI::notUsingInterrupt(int)
                0x000000000000441c                arduino::ZephyrSPI::usingInterrupt(int)
 .text._ZN7arduino9ZephyrSPI15attachInterruptEv
                0x000000000000441e        0x2 /home/arduino/ArduinoApps/minimal-rpc-call/.cache/sketch/libraries/SPI/SPI.cpp.o
                0x000000000000441e                arduino::ZephyrSPI::begin()
                0x000000000000441e                arduino::ZephyrSPI::attachInterrupt()
                0x000000000000441e                arduino::ZephyrSPI::end()
                0x000000000000441e                arduino::ZephyrSPI::detachInterrupt()
 .text._ZN7arduino9ZephyrSPID2Ev
                0x0000000000004420        0x2 /home/arduino/ArduinoApps/minimal-rpc-call/.cache/sketch/libraries/SPI/SPI.cpp.o
                0x0000000000004420                arduino::ZephyrSPI::~ZephyrSPI()
                0x0000000000004420                arduino::ZephyrSPI::~ZephyrSPI()
 *fill*         0x0000000000004422        0x2 
 .text._ZN7arduino9ZephyrSPI16beginTransactionENS_11SPISettingsE
                0x0000000000004424       0x78 /home/arduino/ArduinoApps/minimal-rpc-call/.cache/sketch/libraries/SPI/SPI.cpp.o
                0x0000000000004424                arduino::ZephyrSPI::beginTransaction(arduino::SPISettings)
 .text._ZN7arduino9ZephyrSPID0Ev
                0x000000000000449c       0x14 /home/arduino/ArduinoApps/minimal-rpc-call/.cache/sketch/libraries/SPI/SPI.cpp.o
                0x000000000000449c                arduino::ZephyrSPI::~ZephyrSPI()
 .text._ZN7arduino9ZephyrSPI14endTransactionEv
                0x00000000000044b0        0xc /home/arduino/ArduinoApps/minimal-rpc-call/.cache/sketch/libraries/SPI/SPI.cpp.o
                0x00000000000044b0                arduino::ZephyrSPI::endTransaction()
 .text._ZN7arduino9ZephyrSPI8transferEPvjPK10spi_config
                0x00000000000044bc       0x2e /home/arduino/ArduinoApps/minimal-rpc-call/.cache/sketch/libraries/SPI/SPI.cpp.o
                0x00000000000044bc                arduino::ZephyrSPI::transfer(void*, unsigned int, spi_config const*)
 *fill*         0x00000000000044ea        0x2 
 .text._ZN7arduino9ZephyrSPI8transferEh
                0x00000000000044ec       0x28 /home/arduino/ArduinoApps/minimal-rpc-call/.cache/sketch/libraries/SPI/SPI.cpp.o
                0x00000000000044ec                arduino::ZephyrSPI::transfer(unsigned char)
 .text._ZN7arduino9ZephyrSPI10transfer16Et
                0x0000000000004514       0x28 /home/arduino/ArduinoApps/minimal-rpc-call/.cache/sketch/libraries/SPI/SPI.cpp.o
                0x0000000000004514                arduino::ZephyrSPI::transfer16(unsigned short)
 .text._ZN7arduino9ZephyrSPI8transferEPvj
                0x000000000000453c       0x14 /home/arduino/ArduinoApps/minimal-rpc-call/.cache/sketch/libraries/SPI/SPI.cpp.o
                0x000000000000453c                arduino::ZephyrSPI::transfer(void*, unsigned int)
 .text._GLOBAL__sub_I__ZN7arduino9ZephyrSPIC2EPK6device
                0x0000000000004550       0x34 /home/arduino/ArduinoApps/minimal-rpc-call/.cache/sketch/libraries/SPI/SPI.cpp.o
 .text._ZSt20__throw_length_errorPKc
                0x0000000000004584        0x2 /home/arduino/ArduinoApps/minimal-rpc-call/.cache/sketch/core/core.a(abi.cpp.o)
                0x0000000000004584                std::__throw_length_error(char const*)
 .text._ZSt17__throw_bad_allocv
                0x0000000000004586        0x2 /home/arduino/ArduinoApps/minimal-rpc-call/.cache/sketch/core/core.a(abi.cpp.o)
                0x0000000000004586                std::__throw_bad_alloc()
 .text._ZSt25__throw_bad_function_callv
                0x0000000000004588        0x2 /home/arduino/ArduinoApps/minimal-rpc-call/.cache/sketch/core/core.a(abi.cpp.o)
                0x0000000000004588                std::__throw_bad_function_call()
 .text.atexit   0x000000000000458a        0x4 /home/arduino/ArduinoApps/minimal-rpc-call/.cache/sketch/core/core.a(abi.cpp.o)
                0x000000000000458a                atexit
 .text.strcmp   0x000000000000458e       0x16 /home/arduino/ArduinoApps/minimal-rpc-call/.cache/sketch/core/core.a(abi.cpp.o)
                0x000000000000458e                strcmp
 .text._ZN7arduino5Print5writeEPKc
                0x00000000000045a4       0x24 /home/arduino/ArduinoApps/minimal-rpc-call/.cache/sketch/core/core.a(Print.cpp.o)
                0x00000000000045a4                arduino::Print::write(char const*)
 .text._ZN7arduino5Print5printERKNS_6StringE
                0x00000000000045c8        0xa /home/arduino/ArduinoApps/minimal-rpc-call/.cache/sketch/core/core.a(Print.cpp.o)
                0x00000000000045c8                arduino::Print::print(arduino::String const&)
 *fill*         0x00000000000045d2        0x2 
 .text._ZN7arduino5Print5printEPKc
                0x00000000000045d4        0xc /home/arduino/ArduinoApps/minimal-rpc-call/.cache/sketch/core/core.a(Print.cpp.o)
                0x00000000000045d4                arduino::Print::print(char const*)
 .text._ZN7arduino6Stream9timedReadEv
                0x00000000000045e0       0x2c /home/arduino/ArduinoApps/minimal-rpc-call/.cache/sketch/core/core.a(Stream.cpp.o)
                0x00000000000045e0                arduino::Stream::timedRead()
 .text._ZN7arduino6Stream10setTimeoutEm
                0x000000000000460c        0x4 /home/arduino/ArduinoApps/minimal-rpc-call/.cache/sketch/core/core.a(Stream.cpp.o)
                0x000000000000460c                arduino::Stream::setTimeout(unsigned long)
 .text._ZN7arduino6Stream9readBytesEPcj
                0x0000000000004610       0x2c /home/arduino/ArduinoApps/minimal-rpc-call/.cache/sketch/core/core.a(Stream.cpp.o)
                0x0000000000004610                arduino::Stream::readBytes(char*, unsigned int)
 .text._ZN7arduino6StringC2EOS0_
                0x000000000000463c       0x16 /home/arduino/ArduinoApps/minimal-rpc-call/.cache/sketch/core/core.a(String.cpp.o)
                0x000000000000463c                arduino::String::String(arduino::String&&)
                0x000000000000463c                arduino::String::String(arduino::String&&)
 *fill*         0x0000000000004652        0x2 
 .text._ZN7arduino6StringD2Ev
                0x0000000000004654       0x14 /home/arduino/ArduinoApps/minimal-rpc-call/.cache/sketch/core/core.a(String.cpp.o)
                0x0000000000004654                arduino::String::~String()
                0x0000000000004654                arduino::String::~String()
 .text._ZN7arduino6String10invalidateEv
                0x0000000000004668       0x1c /home/arduino/ArduinoApps/minimal-rpc-call/.cache/sketch/core/core.a(String.cpp.o)
                0x0000000000004668                arduino::String::invalidate()
 .text._ZN7arduino6String12changeBufferEj
                0x0000000000004684       0x1c /home/arduino/ArduinoApps/minimal-rpc-call/.cache/sketch/core/core.a(String.cpp.o)
                0x0000000000004684                arduino::String::changeBuffer(unsigned int)
 .text._ZN7arduino6String7reserveEj
                0x00000000000046a0       0x28 /home/arduino/ArduinoApps/minimal-rpc-call/.cache/sketch/core/core.a(String.cpp.o)
                0x00000000000046a0                arduino::String::reserve(unsigned int)
 .text._ZN7arduino6String4copyEPKcj
                0x00000000000046c8       0x3c /home/arduino/ArduinoApps/minimal-rpc-call/.cache/sketch/core/core.a(String.cpp.o)
                0x00000000000046c8                arduino::String::copy(char const*, unsigned int)
 .text._ZN7arduino6StringC2EPKc
                0x0000000000004704       0x2c /home/arduino/ArduinoApps/minimal-rpc-call/.cache/sketch/core/core.a(String.cpp.o)
                0x0000000000004704                arduino::String::String(char const*)
                0x0000000000004704                arduino::String::String(char const*)
 .text._ZN7arduino6String4moveERS0_
                0x0000000000004730       0x2c /home/arduino/ArduinoApps/minimal-rpc-call/.cache/sketch/core/core.a(String.cpp.o)
                0x0000000000004730                arduino::String::move(arduino::String&)
 .text._ZN7arduino6StringaSERKS0_
                0x000000000000475c       0x28 /home/arduino/ArduinoApps/minimal-rpc-call/.cache/sketch/core/core.a(String.cpp.o)
                0x000000000000475c                arduino::String::operator=(arduino::String const&)
 .text._ZN7arduino6StringC2ERKS0_
                0x0000000000004784       0x18 /home/arduino/ArduinoApps/minimal-rpc-call/.cache/sketch/core/core.a(String.cpp.o)
                0x0000000000004784                arduino::String::String(arduino::String const&)
                0x0000000000004784                arduino::String::String(arduino::String const&)
 .text._ZN7arduino6StringaSEOS0_
                0x000000000000479c       0x10 /home/arduino/ArduinoApps/minimal-rpc-call/.cache/sketch/core/core.a(String.cpp.o)
                0x000000000000479c                arduino::String::operator=(arduino::String&&)
 .text._ZN7arduino6StringaSEPKc
                0x00000000000047ac       0x30 /home/arduino/ArduinoApps/minimal-rpc-call/.cache/sketch/core/core.a(String.cpp.o)
                0x00000000000047ac                arduino::String::operator=(char const*)
 .text._ZN7arduino6StringC2Eih
                0x00000000000047dc       0x2c /home/arduino/ArduinoApps/minimal-rpc-call/.cache/sketch/core/core.a(String.cpp.o)
                0x00000000000047dc                arduino::String::String(int, unsigned char)
                0x00000000000047dc                arduino::String::String(int, unsigned char)
 .text._ZN7arduino6String6concatEPKcj
                0x0000000000004808       0x40 /home/arduino/ArduinoApps/minimal-rpc-call/.cache/sketch/core/core.a(String.cpp.o)
                0x0000000000004808                arduino::String::concat(char const*, unsigned int)
 .text._ZN7arduino6String6concatERKS0_
                0x0000000000004848        0xc /home/arduino/ArduinoApps/minimal-rpc-call/.cache/sketch/core/core.a(String.cpp.o)
                0x0000000000004848                arduino::String::concat(arduino::String const&)
 .text._ZN7arduino6String6concatEc
                0x0000000000004854       0x1c /home/arduino/ArduinoApps/minimal-rpc-call/.cache/sketch/core/core.a(String.cpp.o)
                0x0000000000004854                arduino::String::concat(char)
 .text._ZNK7arduino6String9compareToERKS0_
                0x0000000000004870       0x30 /home/arduino/ArduinoApps/minimal-rpc-call/.cache/sketch/core/core.a(String.cpp.o)
                0x0000000000004870                arduino::String::compareTo(arduino::String const&) const
 .text._ZNK7arduino6String6equalsERKS0_
                0x00000000000048a0       0x20 /home/arduino/ArduinoApps/minimal-rpc-call/.cache/sketch/core/core.a(String.cpp.o)
                0x00000000000048a0                arduino::String::equals(arduino::String const&) const
 .text._ZNK7arduino6String6equalsEPKc
                0x00000000000048c0       0x28 /home/arduino/ArduinoApps/minimal-rpc-call/.cache/sketch/core/core.a(String.cpp.o)
                0x00000000000048c0                arduino::String::equals(char const*) const
 .text.ltoa     0x00000000000048e8       0x80 /home/arduino/ArduinoApps/minimal-rpc-call/.cache/sketch/core/core.a(itoa.cpp.o)
                0x00000000000048e8                ltoa
 .text.itoa     0x0000000000004968        0x8 /home/arduino/ArduinoApps/minimal-rpc-call/.cache/sketch/core/core.a(itoa.cpp.o)
                0x0000000000004968                itoa
 .text.initVariant
                0x0000000000004970        0x2 /home/arduino/ArduinoApps/minimal-rpc-call/.cache/sketch/core/core.a(main.cpp.o)
                0x0000000000004970                initVariant
 *fill*         0x0000000000004972        0x2 
 .text.main     0x0000000000004974       0x2c /home/arduino/ArduinoApps/minimal-rpc-call/.cache/sketch/core/core.a(main.cpp.o)
                0x0000000000004974                main
 .text._ZL10new_helperj
                0x00000000000049a0       0x10 /home/arduino/ArduinoApps/minimal-rpc-call/.cache/sketch/core/core.a(new.cpp.o)
 .text._Znwj    0x00000000000049b0        0x8 /home/arduino/ArduinoApps/minimal-rpc-call/.cache/sketch/core/core.a(new.cpp.o)
                0x00000000000049b0                operator new(unsigned int)
 .text._ZnwjPv  0x00000000000049b8        0x4 /home/arduino/ArduinoApps/minimal-rpc-call/.cache/sketch/core/core.a(new.cpp.o)
                0x00000000000049b8                operator new(unsigned int, void*)
 .text._ZdlPvj  0x00000000000049bc        0x8 /home/arduino/ArduinoApps/minimal-rpc-call/.cache/sketch/core/core.a(new.cpp.o)
                0x00000000000049bc                operator delete(void*, unsigned int)
 .text._Z20start_static_threadsv
                0x00000000000049c4       0x90 /home/arduino/ArduinoApps/minimal-rpc-call/.cache/sketch/core/core.a(threads.cpp.o)
                0x00000000000049c4                start_static_threads()
 .text.yield    0x0000000000004a54        0x8 /home/arduino/ArduinoApps/minimal-rpc-call/.cache/sketch/core/core.a(zephyrCommon.cpp.o)
                0x0000000000004a54                yield
 .text.delay    0x0000000000004a5c       0x10 /home/arduino/ArduinoApps/minimal-rpc-call/.cache/sketch/core/core.a(zephyrCommon.cpp.o)
                0x0000000000004a5c                delay
 .text.millis   0x0000000000004a6c       0x18 /home/arduino/ArduinoApps/minimal-rpc-call/.cache/sketch/core/core.a(zephyrCommon.cpp.o)
                0x0000000000004a6c                millis
 .text.z_impl_uart_irq_tx_enable
                0x0000000000004a84        0xa /home/arduino/ArduinoApps/minimal-rpc-call/.cache/sketch/core/core.a(zephyrSerial.cpp.o)
 .text._ZN7arduino12ZephyrSerial5beginEm
                0x0000000000004a8e        0xa /home/arduino/ArduinoApps/minimal-rpc-call/.cache/sketch/core/core.a(zephyrSerial.cpp.o)
                0x0000000000004a8e                arduino::ZephyrSerial::begin(unsigned long)
 .text._ZN7arduino12ZephyrSerial3endEv
                0x0000000000004a98        0x2 /home/arduino/ArduinoApps/minimal-rpc-call/.cache/sketch/core/core.a(zephyrSerial.cpp.o)
                0x0000000000004a98                arduino::ZephyrSerial::end()
 .text._ZN7arduino12ZephyrSerial5writeEh
                0x0000000000004a9a       0x18 /home/arduino/ArduinoApps/minimal-rpc-call/.cache/sketch/core/core.a(zephyrSerial.cpp.o)
                0x0000000000004a9a                arduino::ZephyrSerial::write(unsigned char)
 .text._ZN7arduino12ZephyrSerialcvbEv
                0x0000000000004ab2        0x4 /home/arduino/ArduinoApps/minimal-rpc-call/.cache/sketch/core/core.a(zephyrSerial.cpp.o)
                0x0000000000004ab2                arduino::ZephyrSerial::operator bool()
 *fill*         0x0000000000004ab6        0x2 
 .text.k_sem_give
                0x0000000000004ab8        0x8 /home/arduino/ArduinoApps/minimal-rpc-call/.cache/sketch/core/core.a(zephyrSerial.cpp.o)
 .text.k_sem_take.isra.0
                0x0000000000004ac0        0x8 /home/arduino/ArduinoApps/minimal-rpc-call/.cache/sketch/core/core.a(zephyrSerial.cpp.o)
 .text._ZN7arduino12ZephyrSerial4readEv
                0x0000000000004ac8       0x48 /home/arduino/ArduinoApps/minimal-rpc-call/.cache/sketch/core/core.a(zephyrSerial.cpp.o)
                0x0000000000004ac8                arduino::ZephyrSerial::read()
 .text._ZN7arduino12ZephyrSerial4peekEv
                0x0000000000004b10       0x48 /home/arduino/ArduinoApps/minimal-rpc-call/.cache/sketch/core/core.a(zephyrSerial.cpp.o)
                0x0000000000004b10                arduino::ZephyrSerial::peek()
 .text._ZN7arduino12ZephyrSerial17availableForWriteEv
                0x0000000000004b58       0x3c /home/arduino/ArduinoApps/minimal-rpc-call/.cache/sketch/core/core.a(zephyrSerial.cpp.o)
                0x0000000000004b58                arduino::ZephyrSerial::availableForWrite()
 .text._ZN7arduino12ZephyrSerial9availableEv
                0x0000000000004b94       0x34 /home/arduino/ArduinoApps/minimal-rpc-call/.cache/sketch/core/core.a(zephyrSerial.cpp.o)
                0x0000000000004b94                arduino::ZephyrSerial::available()
 .text._ZN7arduino12ZephyrSerial5beginEmt
                0x0000000000004bc8       0xb8 /home/arduino/ArduinoApps/minimal-rpc-call/.cache/sketch/core/core.a(zephyrSerial.cpp.o)
                0x0000000000004bc8                arduino::ZephyrSerial::begin(unsigned long, unsigned short)
 .text._ZN7arduino12ZephyrSerial5flushEv
                0x0000000000004c80       0x2c /home/arduino/ArduinoApps/minimal-rpc-call/.cache/sketch/core/core.a(zephyrSerial.cpp.o)
                0x0000000000004c80                arduino::ZephyrSerial::flush()
 .text._ZN7arduino12ZephyrSerial5writeEPKhj
                0x0000000000004cac       0x70 /home/arduino/ArduinoApps/minimal-rpc-call/.cache/sketch/core/core.a(zephyrSerial.cpp.o)
                0x0000000000004cac                arduino::ZephyrSerial::write(unsigned char const*, unsigned int)
 .text._ZN7arduino12ZephyrSerial10IrqHandlerEv
                0x0000000000004d1c       0xec /home/arduino/ArduinoApps/minimal-rpc-call/.cache/sketch/core/core.a(zephyrSerial.cpp.o)
                0x0000000000004d1c                arduino::ZephyrSerial::IrqHandler()
 .text._ZN7arduino12ZephyrSerial11IrqDispatchEPK6devicePv
                0x0000000000004e08        0xc /home/arduino/ArduinoApps/minimal-rpc-call/.cache/sketch/core/core.a(zephyrSerial.cpp.o)
                0x0000000000004e08                arduino::ZephyrSerial::IrqDispatch(device const*, void*)
 .text._ZN7arduino12ZephyrSerial18ZephyrSerialBufferILi64EEC2Ev
                0x0000000000004e14       0x28 /home/arduino/ArduinoApps/minimal-rpc-call/.cache/sketch/core/core.a(zephyrSerial.cpp.o)
                0x0000000000004e14                arduino::ZephyrSerial::ZephyrSerialBuffer<64>::ZephyrSerialBuffer()
                0x0000000000004e14                arduino::ZephyrSerial::ZephyrSerialBuffer<64>::ZephyrSerialBuffer()
 .text._GLOBAL__sub_I__ZN7arduino12ZephyrSerial5beginEmt
                0x0000000000004e3c       0x5c /home/arduino/ArduinoApps/minimal-rpc-call/.cache/sketch/core/core.a(zephyrSerial.cpp.o)
 *(.text.*)
 *(.text._*)
 *(.init)
 *(.ctors)
 *(.dtors)
 *(.fini)
                0x0000000000004e98                __static_thread_data_list_start = .
 *(SORT_BY_NAME(.__static_thread_data.static.*))
                0x0000000000004e98                __static_thread_data_list_end = .

.rodata         0x0000000000004e98      0x368
 *(.rodata)
 *(.rodata1)
 *(.rodata.*)
 .rodata._Z9detectionN7arduino6StringE.str1.1
                0x0000000000004e98        0x7 /home/arduino/ArduinoApps/minimal-rpc-call/.cache/sketch/sketch/sketch.ino.cpp.o
 .rodata._ZN8RpcErrorC2Ev.str1.1
                0x0000000000004e9f        0x1 /home/arduino/ArduinoApps/minimal-rpc-call/.cache/sketch/sketch/sketch.ino.cpp.o
 .rodata._ZNSt6vectorIjSaIjEE17_M_realloc_insertIJRjEEEvN9__gnu_cxx17__normal_iteratorIPjS1_EEDpOT_.str1.1
                0x0000000000004ea0       0x1a /home/arduino/ArduinoApps/minimal-rpc-call/.cache/sketch/sketch/sketch.ino.cpp.o
 .rodata._ZN18RpcFunctionWrapperISt8functionIFvN7arduino6StringEEEEclERNS1_7msgpack8UnpackerERNS6_6PackerE.str1.1
                0x0000000000004eba       0xa6 /home/arduino/ArduinoApps/minimal-rpc-call/.cache/sketch/sketch/sketch.ino.cpp.o
 .rodata._ZN10RpcDecoderILj1024EE12get_responseIN7arduino7msgpack6object5nil_tEEEbjRT_R8RpcError.str1.1
                0x0000000000004f60       0x7b /home/arduino/ArduinoApps/minimal-rpc-call/.cache/sketch/sketch/sketch.ino.cpp.o
 .rodata._ZN7arduino7msgpack6object3extC2EaPKhj.str1.1
                0x0000000000004fdb       0x28 /home/arduino/ArduinoApps/minimal-rpc-call/.cache/sketch/sketch/sketch.ino.cpp.o
 .rodata._ZN11BridgeClass11update_safeEv.str1.1
                0x0000000000005003        0x9 /home/arduino/ArduinoApps/minimal-rpc-call/.cache/sketch/sketch/sketch.ino.cpp.o
 .rodata._ZN11BridgeClass5beginEm.str1.1
                0x000000000000500c        0x8 /home/arduino/ArduinoApps/minimal-rpc-call/.cache/sketch/sketch/sketch.ino.cpp.o
 .rodata._ZN13BridgeMonitorILj512EE5writeEPKhj.str1.1
                0x0000000000005014        0xa /home/arduino/ArduinoApps/minimal-rpc-call/.cache/sketch/sketch/sketch.ino.cpp.o
 .rodata._ZN13BridgeMonitorILj512EE5_readEj.str1.1
                0x000000000000501e        0x9 /home/arduino/ArduinoApps/minimal-rpc-call/.cache/sketch/sketch/sketch.ino.cpp.o
 .rodata._GLOBAL__sub_I_Bridge.str1.1
                0x0000000000005027        0x7 /home/arduino/ArduinoApps/minimal-rpc-call/.cache/sketch/sketch/sketch.ino.cpp.o
 .rodata.setup.str1.1
                0x000000000000502e       0x44 /home/arduino/ArduinoApps/minimal-rpc-call/.cache/sketch/sketch/sketch.ino.cpp.o
 *fill*         0x0000000000005072        0x2 
 .rodata._ZTV14ModulinoBuzzer
                0x0000000000005074       0x18 /home/arduino/ArduinoApps/minimal-rpc-call/.cache/sketch/sketch/sketch.ino.cpp.o
                0x0000000000005074                vtable for ModulinoBuzzer
 .rodata._ZTV15SerialTransport
                0x000000000000508c       0x20 /home/arduino/ArduinoApps/minimal-rpc-call/.cache/sketch/sketch/sketch.ino.cpp.o
                0x000000000000508c                vtable for SerialTransport
 .rodata._ZTV13BridgeMonitorILj512EE
                0x00000000000050ac       0x24 /home/arduino/ArduinoApps/minimal-rpc-call/.cache/sketch/sketch/sketch.ino.cpp.o
                0x00000000000050ac                vtable for BridgeMonitor<512u>
 .rodata._ZTV18RpcFunctionWrapperISt8functionIFvN7arduino6StringEEEE
                0x00000000000050d0       0x14 /home/arduino/ArduinoApps/minimal-rpc-call/.cache/sketch/sketch/sketch.ino.cpp.o
                0x00000000000050d0                vtable for RpcFunctionWrapper<std::function<void (arduino::String)> >
 .rodata._ZTVN7arduino9ZephyrI2CE
                0x00000000000050e4       0x54 /home/arduino/ArduinoApps/minimal-rpc-call/.cache/sketch/libraries/Wire/Wire.cpp.o
                0x00000000000050e4                vtable for arduino::ZephyrI2C
 .rodata.CSWTCH.37
                0x0000000000005138        0x3 /home/arduino/ArduinoApps/minimal-rpc-call/.cache/sketch/libraries/SPI/SPI.cpp.o
 *fill*         0x000000000000513b        0x1 
 .rodata._ZTVN7arduino9ZephyrSPIE
                0x000000000000513c       0x3c /home/arduino/ArduinoApps/minimal-rpc-call/.cache/sketch/libraries/SPI/SPI.cpp.o
                0x000000000000513c                vtable for arduino::ZephyrSPI
 .rodata.str1.1
                0x0000000000005178       0x51 /home/arduino/ArduinoApps/minimal-rpc-call/.cache/sketch/core/core.a(main.cpp.o)
 *fill*         0x00000000000051c9        0x3 
 .rodata._ZTVN7arduino12ZephyrSerialE
                0x00000000000051cc       0x34 /home/arduino/ArduinoApps/minimal-rpc-call/.cache/sketch/core/core.a(zephyrSerial.cpp.o)
                0x00000000000051cc                vtable for arduino::ZephyrSerial

.data           0x0000000000005200       0x1c
 *(.data .data.*)
 .data.duration
                0x0000000000005200        0x4 /home/arduino/ArduinoApps/minimal-rpc-call/.cache/sketch/sketch/sketch.ino.cpp.o
                0x0000000000005200                duration
 .data.frequency
                0x0000000000005204        0x4 /home/arduino/ArduinoApps/minimal-rpc-call/.cache/sketch/sketch/sketch.ino.cpp.o
                0x0000000000005204                frequency
 .data._ZL16target_callbacks
                0x0000000000005208       0x14 /home/arduino/ArduinoApps/minimal-rpc-call/.cache/sketch/libraries/Wire/Wire.cpp.o

.bss            0x0000000000005220     0x19dc
 *(.bss .bss.* COMMON)
 .bss._ZN17RpcDecoderManagerILj3EE14decoders_countE
                0x0000000000005220        0x4 /home/arduino/ArduinoApps/minimal-rpc-call/.cache/sketch/sketch/sketch.ino.cpp.o
                0x0000000000005220                RpcDecoderManager<3u>::decoders_count
 .bss._ZGVN17RpcDecoderManagerILj3EE9decoders_E
                0x0000000000005224        0x4 /home/arduino/ArduinoApps/minimal-rpc-call/.cache/sketch/sketch/sketch.ino.cpp.o
                0x0000000000005224                guard variable for RpcDecoderManager<3u>::decoders_
 .bss._ZN17RpcDecoderManagerILj3EE9decoders_E
                0x0000000000005228      0xc60 /home/arduino/ArduinoApps/minimal-rpc-call/.cache/sketch/sketch/sketch.ino.cpp.o
                0x0000000000005228                RpcDecoderManager<3u>::decoders_
 .bss._ZGVZN7arduino7msgpack8Unpacker10from_arrayIJRiRNS_6StringEEEEbDpOT_E2sz
                0x0000000000005e88        0x4 /home/arduino/ArduinoApps/minimal-rpc-call/.cache/sketch/sketch/sketch.ino.cpp.o
                0x0000000000005e88                guard variable for arduino::msgpack::Unpacker::from_array<int&, arduino::String&>(int&, arduino::String&)::sz
 .bss._ZZN7arduino7msgpack8Unpacker10from_arrayIJRiRNS_6StringEEEEbDpOT_E2sz
                0x0000000000005e8c        0x4 /home/arduino/ArduinoApps/minimal-rpc-call/.cache/sketch/sketch/sketch.ino.cpp.o
                0x0000000000005e8c                arduino::msgpack::Unpacker::from_array<int&, arduino::String&>(int&, arduino::String&)::sz
 .bss.buzzer    0x0000000000005e90       0x10 /home/arduino/ArduinoApps/minimal-rpc-call/.cache/sketch/sketch/sketch.ino.cpp.o
                0x0000000000005e90                buzzer
 .bss._ZN12RouterBridge3HCIE
                0x0000000000005ea0       0x28 /home/arduino/ArduinoApps/minimal-rpc-call/.cache/sketch/sketch/sketch.ino.cpp.o
                0x0000000000005ea0                RouterBridge::HCI
 .bss.Monitor   0x0000000000005ec8      0x238 /home/arduino/ArduinoApps/minimal-rpc-call/.cache/sketch/sketch/sketch.ino.cpp.o
                0x0000000000005ec8                Monitor
 .bss.Bridge    0x0000000000006100      0x140 /home/arduino/ArduinoApps/minimal-rpc-call/.cache/sketch/sketch/sketch.ino.cpp.o
                0x0000000000006100                Bridge
 .bss._ZZN8RpcUtils6detail12unpackObjectERN7arduino7msgpack8UnpackerEE1t
                0x0000000000006240       0x10 /home/arduino/ArduinoApps/minimal-rpc-call/.cache/sketch/sketch/sketch.ino.cpp.o
                0x0000000000006240                RpcUtils::detail::unpackObject(arduino::msgpack::Unpacker&)::t
 .bss._ZGVZN8RpcUtils6detail12unpackObjectERN7arduino7msgpack8UnpackerEE1e
                0x0000000000006250        0x4 /home/arduino/ArduinoApps/minimal-rpc-call/.cache/sketch/sketch/sketch.ino.cpp.o
                0x0000000000006250                guard variable for RpcUtils::detail::unpackObject(arduino::msgpack::Unpacker&)::e
 .bss._ZZN8RpcUtils6detail12unpackObjectERN7arduino7msgpack8UnpackerEE1e
                0x0000000000006254        0xc /home/arduino/ArduinoApps/minimal-rpc-call/.cache/sketch/sketch/sketch.ino.cpp.o
                0x0000000000006254                RpcUtils::detail::unpackObject(arduino::msgpack::Unpacker&)::e
 .bss._ZZN8RpcUtils6detail12unpackObjectERN7arduino7msgpack8UnpackerEE6map_sz
                0x0000000000006260        0x4 /home/arduino/ArduinoApps/minimal-rpc-call/.cache/sketch/sketch/sketch.ino.cpp.o
                0x0000000000006260                RpcUtils::detail::unpackObject(arduino::msgpack::Unpacker&)::map_sz
 .bss._ZZN8RpcUtils6detail12unpackObjectERN7arduino7msgpack8UnpackerEE6arr_sz
                0x0000000000006264        0x4 /home/arduino/ArduinoApps/minimal-rpc-call/.cache/sketch/sketch/sketch.ino.cpp.o
                0x0000000000006264                RpcUtils::detail::unpackObject(arduino::msgpack::Unpacker&)::arr_sz
 .bss._ZGVZN8RpcUtils6detail12unpackObjectERN7arduino7msgpack8UnpackerEE5bytes
                0x0000000000006268        0x4 /home/arduino/ArduinoApps/minimal-rpc-call/.cache/sketch/sketch/sketch.ino.cpp.o
                0x0000000000006268                guard variable for RpcUtils::detail::unpackObject(arduino::msgpack::Unpacker&)::bytes
 .bss._ZZN8RpcUtils6detail12unpackObjectERN7arduino7msgpack8UnpackerEE5bytes
                0x000000000000626c        0xc /home/arduino/ArduinoApps/minimal-rpc-call/.cache/sketch/sketch/sketch.ino.cpp.o
                0x000000000000626c                RpcUtils::detail::unpackObject(arduino::msgpack::Unpacker&)::bytes
 .bss._ZGVZN8RpcUtils6detail12unpackObjectERN7arduino7msgpack8UnpackerEE6string
                0x0000000000006278        0x4 /home/arduino/ArduinoApps/minimal-rpc-call/.cache/sketch/sketch/sketch.ino.cpp.o
                0x0000000000006278                guard variable for RpcUtils::detail::unpackObject(arduino::msgpack::Unpacker&)::string
 .bss._ZZN8RpcUtils6detail12unpackObjectERN7arduino7msgpack8UnpackerEE6string
                0x000000000000627c        0xc /home/arduino/ArduinoApps/minimal-rpc-call/.cache/sketch/sketch/sketch.ino.cpp.o
                0x000000000000627c                RpcUtils::detail::unpackObject(arduino::msgpack::Unpacker&)::string
 .bss._ZZN8RpcUtils6detail12unpackObjectERN7arduino7msgpack8UnpackerEE5num64
                0x0000000000006288        0x8 /home/arduino/ArduinoApps/minimal-rpc-call/.cache/sketch/sketch/sketch.ino.cpp.o
                0x0000000000006288                RpcUtils::detail::unpackObject(arduino::msgpack::Unpacker&)::num64
 .bss._ZZN8RpcUtils6detail12unpackObjectERN7arduino7msgpack8UnpackerEE5num32
                0x0000000000006290        0x4 /home/arduino/ArduinoApps/minimal-rpc-call/.cache/sketch/sketch/sketch.ino.cpp.o
                0x0000000000006290                RpcUtils::detail::unpackObject(arduino::msgpack::Unpacker&)::num32
 .bss._ZZN8RpcUtils6detail12unpackObjectERN7arduino7msgpack8UnpackerEE7integer
                0x0000000000006294        0x4 /home/arduino/ArduinoApps/minimal-rpc-call/.cache/sketch/sketch/sketch.ino.cpp.o
                0x0000000000006294                RpcUtils::detail::unpackObject(arduino::msgpack::Unpacker&)::integer
 .bss._ZZN8RpcUtils6detail12unpackObjectERN7arduino7msgpack8UnpackerEE1b
                0x0000000000006298        0x1 /home/arduino/ArduinoApps/minimal-rpc-call/.cache/sketch/sketch/sketch.ino.cpp.o
                0x0000000000006298                RpcUtils::detail::unpackObject(arduino::msgpack::Unpacker&)::b
 .bss._ZZN8RpcUtils6detail12unpackObjectERN7arduino7msgpack8UnpackerEE3nil
                0x0000000000006299        0x1 /home/arduino/ArduinoApps/minimal-rpc-call/.cache/sketch/sketch/sketch.ino.cpp.o
                0x0000000000006299                RpcUtils::detail::unpackObject(arduino::msgpack::Unpacker&)::nil
 *fill*         0x000000000000629a        0x2 
 .bss.HS300x    0x000000000000629c       0x10 /home/arduino/ArduinoApps/minimal-rpc-call/.cache/sketch/libraries/Arduino_HS300x/HS300x.cpp.o
                0x000000000000629c                HS300x
 .bss.BARO      0x00000000000062ac        0x8 /home/arduino/ArduinoApps/minimal-rpc-call/.cache/sketch/libraries/Arduino_LPS22HB/BARO.cpp.o
                0x00000000000062ac                BARO
 .bss.IMU_LSM6DSOX
                0x00000000000062b4       0x1c /home/arduino/ArduinoApps/minimal-rpc-call/.cache/sketch/libraries/Arduino_LSM6DSOX/LSM6DSOX.cpp.o
                0x00000000000062b4                IMU_LSM6DSOX
 .bss.WHITE     0x00000000000062d0        0x3 /home/arduino/ArduinoApps/minimal-rpc-call/.cache/sketch/libraries/Modulino/Modulino.cpp.o
                0x00000000000062d0                WHITE
 .bss.VIOLET    0x00000000000062d3        0x3 /home/arduino/ArduinoApps/minimal-rpc-call/.cache/sketch/libraries/Modulino/Modulino.cpp.o
                0x00000000000062d3                VIOLET
 .bss.GREEN     0x00000000000062d6        0x3 /home/arduino/ArduinoApps/minimal-rpc-call/.cache/sketch/libraries/Modulino/Modulino.cpp.o
                0x00000000000062d6                GREEN
 .bss.BLUE      0x00000000000062d9        0x3 /home/arduino/ArduinoApps/minimal-rpc-call/.cache/sketch/libraries/Modulino/Modulino.cpp.o
                0x00000000000062d9                BLUE
 .bss.RED       0x00000000000062dc        0x3 /home/arduino/ArduinoApps/minimal-rpc-call/.cache/sketch/libraries/Modulino/Modulino.cpp.o
                0x00000000000062dc                RED
 *fill*         0x00000000000062df        0x1 
 .bss.Modulino  0x00000000000062e0        0x4 /home/arduino/ArduinoApps/minimal-rpc-call/.cache/sketch/libraries/Modulino/Modulino.cpp.o
                0x00000000000062e0                Modulino
 .bss.Wire1     0x00000000000062e4      0x254 /home/arduino/ArduinoApps/minimal-rpc-call/.cache/sketch/libraries/Wire/Wire.cpp.o
                0x00000000000062e4                Wire1
 .bss.Wire      0x0000000000006538      0x254 /home/arduino/ArduinoApps/minimal-rpc-call/.cache/sketch/libraries/Wire/Wire.cpp.o
                0x0000000000006538                Wire
 .bss.SPI1      0x000000000000678c      0x14c /home/arduino/ArduinoApps/minimal-rpc-call/.cache/sketch/libraries/SPI/SPI.cpp.o
                0x000000000000678c                SPI1
 .bss.SPI       0x00000000000068d8      0x14c /home/arduino/ArduinoApps/minimal-rpc-call/.cache/sketch/libraries/SPI/SPI.cpp.o
                0x00000000000068d8                SPI
 .bss.Serial1   0x0000000000006a24       0xec /home/arduino/ArduinoApps/minimal-rpc-call/.cache/sketch/core/core.a(zephyrSerial.cpp.o)
                0x0000000000006a24                Serial1
 .bss.Serial    0x0000000000006b10       0xec /home/arduino/ArduinoApps/minimal-rpc-call/.cache/sketch/core/core.a(zephyrSerial.cpp.o)
                0x0000000000006b10                Serial
 *(.noinit .noinit.*)

.exported_sym   0x0000000000006bfc        0x8
 *(.exported_sym)
 .exported_sym  0x0000000000006bfc        0x8 /home/arduino/ArduinoApps/minimal-rpc-call/.cache/sketch/core/core.a(main.cpp.o)
 *(.exported_sym.*)

.init_array     0x0000000000006c04       0x20
 *(.init_array)
 .init_array    0x0000000000006c04        0x4 /home/arduino/ArduinoApps/minimal-rpc-call/.cache/sketch/sketch/sketch.ino.cpp.o
 .init_array    0x0000000000006c08        0x4 /home/arduino/ArduinoApps/minimal-rpc-call/.cache/sketch/libraries/Arduino_HS300x/HS300x.cpp.o
 .init_array    0x0000000000006c0c        0x4 /home/arduino/ArduinoApps/minimal-rpc-call/.cache/sketch/libraries/Arduino_LPS22HB/BARO.cpp.o
 .init_array    0x0000000000006c10        0x4 /home/arduino/ArduinoApps/minimal-rpc-call/.cache/sketch/libraries/Arduino_LSM6DSOX/LSM6DSOX.cpp.o
 .init_array    0x0000000000006c14        0x4 /home/arduino/ArduinoApps/minimal-rpc-call/.cache/sketch/libraries/Modulino/Modulino.cpp.o
 .init_array    0x0000000000006c18        0x4 /home/arduino/ArduinoApps/minimal-rpc-call/.cache/sketch/libraries/Wire/Wire.cpp.o
 .init_array    0x0000000000006c1c        0x4 /home/arduino/ArduinoApps/minimal-rpc-call/.cache/sketch/libraries/SPI/SPI.cpp.o
 .init_array    0x0000000000006c20        0x4 /home/arduino/ArduinoApps/minimal-rpc-call/.cache/sketch/core/core.a(zephyrSerial.cpp.o)

.fini_array     0x0000000000006c24        0x4
 *(.fini_array)
 .fini_array    0x0000000000006c24        0x4 /home/arduino/ArduinoApps/minimal-rpc-call/.cache/sketch/sketch/sketch.ino.cpp.o

.symtab
 *(.symtab)

.strtab
 *(.strtab)

.shstrtab
 *(.shstrtab)

.rel
 *(.rel .rel.*)

.got
 *(.got .got.* .got.plt .got.plt*)
OUTPUT(/home/arduino/ArduinoApps/minimal-rpc-call/.cache/sketch/sketch.ino_debug.elf elf32-littlearm)
LOAD linker stubs

.debug_info     0x0000000000000000    0x56041
 .debug_info    0x0000000000000000    0x31420 /home/arduino/ArduinoApps/minimal-rpc-call/.cache/sketch/sketch/sketch.ino.cpp.o
 .debug_info    0x0000000000031420     0x1c6d /home/arduino/ArduinoApps/minimal-rpc-call/.cache/sketch/libraries/Arduino_HS300x/HS300x.cpp.o
 .debug_info    0x000000000003308d     0x1c90 /home/arduino/ArduinoApps/minimal-rpc-call/.cache/sketch/libraries/Arduino_LPS22HB/BARO.cpp.o
 .debug_info    0x0000000000034d1d     0x2cc3 /home/arduino/ArduinoApps/minimal-rpc-call/.cache/sketch/libraries/Arduino_LSM6DSOX/LSM6DSOX.cpp.o
 .debug_info    0x00000000000379e0     0x1eb8 /home/arduino/ArduinoApps/minimal-rpc-call/.cache/sketch/libraries/Modulino/Modulino.cpp.o
 .debug_info    0x0000000000039898     0x3dde /home/arduino/ArduinoApps/minimal-rpc-call/.cache/sketch/libraries/Wire/Wire.cpp.o
 .debug_info    0x000000000003d676     0x2dd5 /home/arduino/ArduinoApps/minimal-rpc-call/.cache/sketch/libraries/SPI/SPI.cpp.o
 .debug_info    0x000000000004044b      0x1de /home/arduino/ArduinoApps/minimal-rpc-call/.cache/sketch/core/core.a(abi.cpp.o)
 .debug_info    0x0000000000040629     0x2d13 /home/arduino/ArduinoApps/minimal-rpc-call/.cache/sketch/core/core.a(Print.cpp.o)
 .debug_info    0x000000000004333c     0x1f74 /home/arduino/ArduinoApps/minimal-rpc-call/.cache/sketch/core/core.a(Stream.cpp.o)
 .debug_info    0x00000000000452b0     0x3e0c /home/arduino/ArduinoApps/minimal-rpc-call/.cache/sketch/core/core.a(String.cpp.o)
 .debug_info    0x00000000000490bc      0x3de /home/arduino/ArduinoApps/minimal-rpc-call/.cache/sketch/core/core.a(itoa.cpp.o)
 .debug_info    0x000000000004949a     0x1e2b /home/arduino/ArduinoApps/minimal-rpc-call/.cache/sketch/core/core.a(main.cpp.o)
 .debug_info    0x000000000004b2c5      0x7af /home/arduino/ArduinoApps/minimal-rpc-call/.cache/sketch/core/core.a(new.cpp.o)
 .debug_info    0x000000000004ba74     0x2000 /home/arduino/ArduinoApps/minimal-rpc-call/.cache/sketch/core/core.a(threads.cpp.o)
 .debug_info    0x000000000004da74     0x4c54 /home/arduino/ArduinoApps/minimal-rpc-call/.cache/sketch/core/core.a(zephyrCommon.cpp.o)
 .debug_info    0x00000000000526c8     0x3979 /home/arduino/ArduinoApps/minimal-rpc-call/.cache/sketch/core/core.a(zephyrSerial.cpp.o)

.debug_abbrev   0x0000000000000000     0x6f12
 .debug_abbrev  0x0000000000000000     0x1641 /home/arduino/ArduinoApps/minimal-rpc-call/.cache/sketch/sketch/sketch.ino.cpp.o
 .debug_abbrev  0x0000000000001641      0x522 /home/arduino/ArduinoApps/minimal-rpc-call/.cache/sketch/libraries/Arduino_HS300x/HS300x.cpp.o
 .debug_abbrev  0x0000000000001b63      0x54c /home/arduino/ArduinoApps/minimal-rpc-call/.cache/sketch/libraries/Arduino_LPS22HB/BARO.cpp.o
 .debug_abbrev  0x00000000000020af      0x6f8 /home/arduino/ArduinoApps/minimal-rpc-call/.cache/sketch/libraries/Arduino_LSM6DSOX/LSM6DSOX.cpp.o